Archive member included because of file (symbol)

C:\Program Files (x86)\VEX Robotics\VEXcode Pro V5\sdk/vexv5\libv5rt.a(v5_startup.c.obj)
                              (vexStartup)
C:\Program Files (x86)\VEX Robotics\VEXcode Pro V5\sdk/vexv5\libv5rt.a(v5_util.c.obj)
                              C:\Program Files (x86)\VEX Robotics\VEXcode Pro V5\sdk/vexv5\libv5rt.a(v5_startup.c.obj) (vexStdlibVersionLinked)
C:\Program Files (x86)\VEX Robotics\VEXcode Pro V5\sdk/vexv5\libv5rt.a(v5_apijump.c.obj)
                              C:\Program Files (x86)\VEX Robotics\VEXcode Pro V5\sdk/vexv5\libv5rt.a(v5_startup.c.obj) (vexPrivateApiEnable)
C:\Program Files (x86)\VEX Robotics\VEXcode Pro V5\sdk/vexv5\libv5rt.a(v5_apiversions.c.obj)
                              C:\Program Files (x86)\VEX Robotics\VEXcode Pro V5\sdk/vexv5\libv5rt.a(v5_apijump.c.obj) (vexSystemVersion)
C:\Program Files (x86)\VEX Robotics\VEXcode Pro V5\sdk/vexv5\libv5rt.a(vex_global.cpp.obj)
                              build/src/main.o (vex::wait(double, vex::timeUnits))
C:\Program Files (x86)\VEX Robotics\VEXcode Pro V5\sdk/vexv5\libv5rt.a(vex_motor.cpp.obj)
                              build/src/robot-config.o (vex::motor::~motor())
C:\Program Files (x86)\VEX Robotics\VEXcode Pro V5\sdk/vexv5\libv5rt.a(vex_imu.cpp.obj)
                              build/src/main.o (vex::inertial::setHeading(double, vex::rotationUnits))
C:\Program Files (x86)\VEX Robotics\VEXcode Pro V5\sdk/vexv5\libv5rt.a(vex_rotation.cpp.obj)
                              build/src/robot-config.o (vex::rotation::~rotation())
C:\Program Files (x86)\VEX Robotics\VEXcode Pro V5\sdk/vexv5\libv5rt.a(vex_controller.cpp.obj)
                              build/src/robot-config.o (vex::controller::~controller())
C:\Program Files (x86)\VEX Robotics\VEXcode Pro V5\sdk/vexv5\libv5rt.a(vex_task.cpp.obj)
                              build/src/main.o (vex::task::task())
C:\Program Files (x86)\VEX Robotics\VEXcode Pro V5\sdk/vexv5\libv5rt.a(vex_thread.cpp.obj)
                              C:\Program Files (x86)\VEX Robotics\VEXcode Pro V5\sdk/vexv5\libv5rt.a(vex_global.cpp.obj) (vex::this_thread::sleep_for(unsigned long))
C:\Program Files (x86)\VEX Robotics\VEXcode Pro V5\sdk/vexv5\libv5rt.a(vex_event.cpp.obj)
                              C:\Program Files (x86)\VEX Robotics\VEXcode Pro V5\sdk/vexv5\libv5rt.a(vex_imu.cpp.obj) (vex::event::init(unsigned long, unsigned long, void (*)()))
C:\Program Files (x86)\VEX Robotics\VEXcode Pro V5\sdk/vexv5\libv5rt.a(vex_mevent.cpp.obj)
                              C:\Program Files (x86)\VEX Robotics\VEXcode Pro V5\sdk/vexv5\libv5rt.a(vex_controller.cpp.obj) (vex::mevent::mevent(unsigned long, unsigned long))
C:\Program Files (x86)\VEX Robotics\VEXcode Pro V5\sdk/vexv5\libv5rt.a(vex_brain.cpp.obj)
                              build/src/chassis-control.o (vex::brain::timer(vex::timeUnits))
C:\Program Files (x86)\VEX Robotics\VEXcode Pro V5\sdk/vexv5\libv5rt.a(vex_competition.cpp.obj)
                              build/src/main.o (vex::competition::competition())
C:\Program Files (x86)\VEX Robotics\VEXcode Pro V5\sdk/vexv5\libv5rt.a(vex_triport.cpp.obj)
                              C:\Program Files (x86)\VEX Robotics\VEXcode Pro V5\sdk/vexv5\libv5rt.a(vex_brain.cpp.obj) (vex::triport::~triport())
C:\Program Files (x86)\VEX Robotics\VEXcode Pro V5\sdk/vexv5\libv5rt.a(vex_color.cpp.obj)
                              C:\Program Files (x86)\VEX Robotics\VEXcode Pro V5\sdk/vexv5\libv5rt.a(vex_brain.cpp.obj) (vex::color::operator unsigned long() const)
C:\Program Files (x86)\VEX Robotics\VEXcode Pro V5\sdk/vexv5\libv5rt.a(vex_timer.cpp.obj)
                              C:\Program Files (x86)\VEX Robotics\VEXcode Pro V5\sdk/vexv5\libv5rt.a(vex_brain.cpp.obj) (vex::timer::~timer())
C:\Program Files (x86)\VEX Robotics\VEXcode Pro V5\sdk/vexv5\libv5rt.a(v5_apiuser.c.obj)
                              C:\Program Files (x86)\VEX Robotics\VEXcode Pro V5\sdk/vexv5\libv5rt.a(vex_triport.cpp.obj) (vexAdiPortConfigSet)
C:\Program Files (x86)\VEX Robotics\VEXcode Pro V5\sdk/vexv5\libv5rt.a(vex_device.cpp.obj)
                              C:\Program Files (x86)\VEX Robotics\VEXcode Pro V5\sdk/vexv5\libv5rt.a(vex_motor.cpp.obj) (vex::device::~device())
C:\Program Files (x86)\VEX Robotics\VEXcode Pro V5\sdk/vexv5/gcc/libs\libc.a(lib_a-fini.o)
                              C:\Program Files (x86)\VEX Robotics\VEXcode Pro V5\sdk/vexv5\libv5rt.a(v5_startup.c.obj) (__libc_fini_array)
C:\Program Files (x86)\VEX Robotics\VEXcode Pro V5\sdk/vexv5/gcc/libs\libc.a(lib_a-impure.o)
                              C:\Program Files (x86)\VEX Robotics\VEXcode Pro V5\sdk/vexv5\libv5rt.a(v5_startup.c.obj) (_impure_ptr)
C:\Program Files (x86)\VEX Robotics\VEXcode Pro V5\sdk/vexv5/gcc/libs\libc.a(lib_a-init.o)
[...]
Memory Configuration

Name             Origin             Length             Attributes
ps7_ddr_0_S_AXI_BASEADDR 0x03800000         0x04800000
*default*        0x00000000         0xffffffff

Linker script and memory map

                0x00002000                _STACK_SIZE = DEFINED (_STACK_SIZE)?_STACK_SIZE:0x2000
                0x00100000                _HEAP_SIZE = DEFINED (_HEAP_SIZE)?_HEAP_SIZE:0x100000
                0x00000400                _ABORT_STACK_SIZE = DEFINED (_ABORT_STACK_SIZE)?_ABORT_STACK_SIZE:0x400
                0x00000800                _SUPERVISOR_STACK_SIZE = DEFINED (_SUPERVISOR_STACK_SIZE)?_SUPERVISOR_STACK_SIZE:0x800
                0x00000400                _IRQ_STACK_SIZE = DEFINED (_IRQ_STACK_SIZE)?_IRQ_STACK_SIZE:0x400
                0x00000400                _FIQ_STACK_SIZE = DEFINED (_FIQ_STACK_SIZE)?_FIQ_STACK_SIZE:0x400
                0x00000400                _UNDEF_STACK_SIZE = DEFINED (_UNDEF_STACK_SIZE)?_UNDEF_STACK_SIZE:0x400

.text           0x03800000     0x7238
 *(.vectors)
 *(.boot_data)
 .boot_data     0x03800000       0x20 C:\Program Files (x86)\VEX Robotics\VEXcode Pro V5\sdk/vexv5\libv5rt.a(v5_startup.c.obj)
                0x03800000                vexCodeSig
                0x00000020                . = 0x20
 *(.boot)
 .boot          0x03800020       0xbc C:\Program Files (x86)\VEX Robotics\VEXcode Pro V5\sdk/vexv5\libv5rt.a(v5_startup.c.obj)
                0x03800020                vexStartup
                0x03800100                . = ALIGN (0x40)
 *fill*         0x038000dc       0x24 
 *(.freertos_vectors)
 *(.text)
 *(.text.*)
 .text._Z11directDriveddd
                0x03800100       0xd8 build/src/chassis-control.o
                0x03800100                directDrive(double, double, double)
 .text._Z6turnTodd
                0x038001d8       0xf0 build/src/chassis-control.o
                0x038001d8                turnTo(double, double)
 .text._Z8drivePIDv
                0x038002c8      0x1b8 build/src/chassis-control.o
                0x038002c8                drivePID()
 .text._Z7turnPIDv
                0x03800480      0x1b8 build/src/chassis-control.o
                0x03800480                turnPID()
 .text._Z14chassisControlv
                0x03800638      0x9a8 build/src/chassis-control.o
                0x03800638                chassisControl()
 .text._GLOBAL__sub_I_chassis_control.cpp
                0x03800fe0       0x64 build/src/chassis-control.o
 *fill*         0x03801044        0x4 
 .text._Z9pre_autonv
                0x03801048       0xa8 build/src/main.o
                0x03801048                pre_auton()
 .text._Z12driveForDistdid
                0x038010f0       0x64 build/src/main.o
                0x038010f0                driveForDist(double, int, double)
 .text._Z11turnToAngleii
                0x03801154       0x60 build/src/main.o
                0x03801154                turnToAngle(int, int)
 *fill*         0x038011b4        0x4 
 .text._Z5cyclev
                0x038011b8       0xb8 build/src/main.o
                0x038011b8                cycle()
 .text._Z9skillsOnev
                0x03801270      0x610 build/src/main.o
                0x03801270                skillsOne()
 .text._Z10autonomousv
                0x03801880      0x10c build/src/main.o
                0x03801880                autonomous()
 *fill*         0x0380198c        0x4 
 .text._Z13intakeControlv
                0x03801990      0x250 build/src/main.o
                0x03801990                intakeControl()
 .text._Z15flywheelControlv
                0x03801be0       0xc4 build/src/main.o
                0x03801be0                flywheelControl()
 *fill*         0x03801ca4        0x4 
 .text._Z14shooterControlv
                0x03801ca8      0x1a0 build/src/main.o
                0x03801ca8                shooterControl()
 .text._Z14endgameControlv
                0x03801e48       0x48 build/src/main.o
                0x03801e48                endgameControl()
 .text._Z9tankDrivev
                0x03801e90      0x148 build/src/main.o
                0x03801e90                tankDrive()
 .text._Z11usercontrolv
                0x03801fd8      0x128 build/src/main.o
                0x03801fd8                usercontrol()
 .text.main     0x03802100       0xc0 build/src/main.o
                0x03802100                main
 .text._GLOBAL__sub_I_main.cpp
                0x038021c0       0xe4 build/src/main.o
 .text._Z11drawRedGoalii
                0x038022a4       0xcc build/src/draw-field.o
                0x038022a4                drawRedGoal(int, int)
 .text._Z12drawBlueGoalii
                0x03802370       0xcc build/src/draw-field.o
                0x03802370                drawBlueGoal(int, int)
 *fill*         0x0380243c        0x4 
 .text._Z9drawFieldv
                0x03802440      0x4b8 build/src/draw-field.o
                0x03802440                drawField()
 .text._Z10FwMotorSetd
                0x038028f8       0x6c build/src/flywheel.o
                0x038028f8                FwMotorSet(double)
 .text._Z13FwVelocitySetif
                0x03802964       0x6c build/src/flywheel.o
                0x03802964                FwVelocitySet(int, float)
 .text._Z26FwControlUpdateVelocityTbhv
                0x038029d0       0xf8 build/src/flywheel.o
                0x038029d0                FwControlUpdateVelocityTbh()
 .text._Z11flyWheelPIDv
                0x03802ac8      0x140 build/src/flywheel.o
                0x03802ac8                flyWheelPID()
 .text._Z13FwControlTaskv
                0x03802c08      0x2f4 build/src/flywheel.o
                0x03802c08                FwControlTask()
 .text._GLOBAL__sub_I_flywheel.cpp
                0x03802efc       0x34 build/src/flywheel.o
 .text._Z11vexcodeInitv
                0x03802f30        0x4 build/src/robot-config.o
                0x03802f30                vexcodeInit()
 .text._GLOBAL__sub_I_robot_config.cpp
                0x03802f34      0x384 build/src/robot-config.o
 .text._Z16positionTrackingv
                0x038032b8      0x830 build/src/odometry.o
                0x038032b8                positionTracking()
 .text._GLOBAL__sub_I_odometry.cpp
                0x03803ae8       0xac build/src/odometry.o
 .text.vexMain  0x03803b94       0xb0 C:\Program Files (x86)\VEX Robotics\VEXcode Pro V5\sdk/vexv5\libv5rt.a(v5_startup.c.obj)
                0x03803b94                vexMain
 .text.__vex_function_prolog
                0x03803c44       0x18 C:\Program Files (x86)\VEX Robotics\VEXcode Pro V5\sdk/vexv5\libv5rt.a(v5_startup.c.obj)
                0x03803c44                __vex_function_prolog
 .text._init    0x03803c5c        0x4 C:\Program Files (x86)\VEX Robotics\VEXcode Pro V5\sdk/vexv5\libv5rt.a(v5_startup.c.obj)
                0x03803c5c                _init
 .text._fini    0x03803c60        0x4 C:\Program Files (x86)\VEX Robotics\VEXcode Pro V5\sdk/vexv5\libv5rt.a(v5_startup.c.obj)
                0x03803c60                _fini
 .text.vexStdlibVersionLinked
                0x03803c64        0xc C:\Program Files (x86)\VEX Robotics\VEXcode Pro V5\sdk/vexv5\libv5rt.a(v5_util.c.obj)
                0x03803c64                vexStdlibVersionLinked
 .text.vexStdlibVersionVerify
                0x03803c70       0x30 C:\Program Files (x86)\VEX Robotics\VEXcode Pro V5\sdk/vexv5\libv5rt.a(v5_util.c.obj)
                0x03803c70                vexStdlibVersionVerify
 .text.vexPrivateApiEnable
                0x03803ca0       0x10 C:\Program Files (x86)\VEX Robotics\VEXcode Pro V5\sdk/vexv5\libv5rt.a(v5_apijump.c.obj)
                0x03803ca0                vexPrivateApiEnable
 .text.vexStdlibMismatchError
                0x03803cb0       0x3c C:\Program Files (x86)\VEX Robotics\VEXcode Pro V5\sdk/vexv5\libv5rt.a(v5_apijump.c.obj)
                0x03803cb0                vexStdlibMismatchError
 .text.vexTaskAdd
                0x03803cec       0x10 C:\Program Files (x86)\VEX Robotics\VEXcode Pro V5\sdk/vexv5\libv5rt.a(v5_apijump.c.obj)
                0x03803cec                vexTaskAdd
 .text.vexTasksRun
                0x03803cfc       0x10 C:\Program Files (x86)\VEX Robotics\VEXcode Pro V5\sdk/vexv5\libv5rt.a(v5_apijump.c.obj)
                0x03803cfc                vexTasksRun
 .text.vexTaskYield
                0x03803d0c       0x10 C:\Program Files (x86)\VEX Robotics\VEXcode Pro V5\sdk/vexv5\libv5rt.a(v5_apijump.c.obj)
                0x03803d0c                vexTaskYield
 .text.vexTaskCheckTimeslice
                0x03803d1c       0x10 C:\Program Files (x86)\VEX Robotics\VEXcode Pro V5\sdk/vexv5\libv5rt.a(v5_apijump.c.obj)
                0x03803d1c                vexTaskCheckTimeslice
 .text.vexTaskGetIndex
                0x03803d2c       0x10 C:\Program Files (x86)\VEX Robotics\VEXcode Pro V5\sdk/vexv5\libv5rt.a(v5_apijump.c.obj)
                0x03803d2c                vexTaskGetIndex
 .text.vexTaskSleep
                0x03803d3c       0x10 C:\Program Files (x86)\VEX Robotics\VEXcode Pro V5\sdk/vexv5\libv5rt.a(v5_apijump.c.obj)
                0x03803d3c                vexTaskSleep
 .text.vexTasksDump
                0x03803d4c       0x1c C:\Program Files (x86)\VEX Robotics\VEXcode Pro V5\sdk/vexv5\libv5rt.a(v5_apijump.c.obj)
                0x03803d4c                vexTasksDump
 .text.vexTaskGetTaskIndex
                0x03803d68       0x10 C:\Program Files (x86)\VEX Robotics\VEXcode Pro V5\sdk/vexv5\libv5rt.a(v5_apijump.c.obj)
                0x03803d68                vexTaskGetTaskIndex
 .text.vexTaskStopAll
                0x03803d78       0x10 C:\Program Files (x86)\VEX Robotics\VEXcode Pro V5\sdk/vexv5\libv5rt.a(v5_apijump.c.obj)
                0x03803d78                vexTaskStopAll
 .text.vexTaskRemoveAllUser
                0x03803d88       0x34 C:\Program Files (x86)\VEX Robotics\VEXcode Pro V5\sdk/vexv5\libv5rt.a(v5_apijump.c.obj)
                0x03803d88                vexTaskRemoveAllUser
 .text.vexTaskCompletionIdSet
                0x03803dbc       0x10 C:\Program Files (x86)\VEX Robotics\VEXcode Pro V5\sdk/vexv5\libv5rt.a(v5_apijump.c.obj)
                0x03803dbc                vexTaskCompletionIdSet
 .text.vexTaskStopWithId
                0x03803dcc       0x10 C:\Program Files (x86)\VEX Robotics\VEXcode Pro V5\sdk/vexv5\libv5rt.a(v5_apijump.c.obj)
                0x03803dcc                vexTaskStopWithId
 .text.vexTaskGetCallbackAndId
                0x03803ddc       0x54 C:\Program Files (x86)\VEX Robotics\VEXcode Pro V5\sdk/vexv5\libv5rt.a(v5_apijump.c.obj)
                0x03803ddc                vexTaskGetCallbackAndId
 .text.vexCriticalSection
                0x03803e30       0x2c C:\Program Files (x86)\VEX Robotics\VEXcode Pro V5\sdk/vexv5\libv5rt.a(v5_apijump.c.obj)
                0x03803e30                vexCriticalSection
 .text.vexEventAdd
                0x03803e5c       0x34 C:\Program Files (x86)\VEX Robotics\VEXcode Pro V5\sdk/vexv5\libv5rt.a(v5_apijump.c.obj)
                0x03803e5c                vexEventAdd
 .text.vexEventUserIndexGet
                0x03803e90       0x1c C:\Program Files (x86)\VEX Robotics\VEXcode Pro V5\sdk/vexv5\libv5rt.a(v5_apijump.c.obj)
                0x03803e90                vexEventUserIndexGet
 .text.vexEventAddWithArg
                0x03803eac       0x3c C:\Program Files (x86)\VEX Robotics\VEXcode Pro V5\sdk/vexv5\libv5rt.a(v5_apijump.c.obj)
                0x03803eac                vexEventAddWithArg
 .text.vexEventsCleanup
                0x03803ee8       0x2c C:\Program Files (x86)\VEX Robotics\VEXcode Pro V5\sdk/vexv5\libv5rt.a(v5_apijump.c.obj)
                0x03803ee8                vexEventsCleanup
 .text.vexDebug
                0x03803f14       0x38 C:\Program Files (x86)\VEX Robotics\VEXcode Pro V5\sdk/vexv5\libv5rt.a(v5_apijump.c.obj)
                0x03803f14                vexDebug
 .text.vex_sprintf
                0x03803f4c       0x40 C:\Program Files (x86)\VEX Robotics\VEXcode Pro V5\sdk/vexv5\libv5rt.a(v5_apijump.c.obj)
                0x03803f4c                vex_sprintf
 .text.vex_vsnprintf
                0x03803f8c       0x3c C:\Program Files (x86)\VEX Robotics\VEXcode Pro V5\sdk/vexv5\libv5rt.a(v5_apijump.c.obj)
                0x03803f8c                vex_vsnprintf
 .text.vexSystemTimeGet
                0x03803fc8       0x1c C:\Program Files (x86)\VEX Robotics\VEXcode Pro V5\sdk/vexv5\libv5rt.a(v5_apijump.c.obj)
                0x03803fc8                vexSystemTimeGet
 .text.vexSystemExitRequest
                0x03803fe4       0x1c C:\Program Files (x86)\VEX Robotics\VEXcode Pro V5\sdk/vexv5\libv5rt.a(v5_apijump.c.obj)
                0x03803fe4                vexSystemExitRequest
 .text.vexDeviceGetByIndex
                0x03804000       0x24 C:\Program Files (x86)\VEX Robotics\VEXcode Pro V5\sdk/vexv5\libv5rt.a(v5_apijump.c.obj)
                0x03804000                vexDeviceGetByIndex
 .text.vexControllerGet
                0x03804024       0x2c C:\Program Files (x86)\VEX Robotics\VEXcode Pro V5\sdk/vexv5\libv5rt.a(v5_apijump.c.obj)
                0x03804024                vexControllerGet
 .text.vexControllerTextSet
                0x03804050       0x74 C:\Program Files (x86)\VEX Robotics\VEXcode Pro V5\sdk/vexv5\libv5rt.a(v5_apijump.c.obj)
                0x03804050                vexControllerTextSet
 .text.vexDeviceAdiPortConfigSet
                0x038040c4       0x34 C:\Program Files (x86)\VEX Robotics\VEXcode Pro V5\sdk/vexv5\libv5rt.a(v5_apijump.c.obj)
                0x038040c4                vexDeviceAdiPortConfigSet
 .text.vexDeviceAdiPortConfigGet
                0x038040f8       0x2c C:\Program Files (x86)\VEX Robotics\VEXcode Pro V5\sdk/vexv5\libv5rt.a(v5_apijump.c.obj)
                0x038040f8                vexDeviceAdiPortConfigGet
 .text.vexDeviceAdiValueSet
                0x03804124       0x34 C:\Program Files (x86)\VEX Robotics\VEXcode Pro V5\sdk/vexv5\libv5rt.a(v5_apijump.c.obj)
                0x03804124                vexDeviceAdiValueSet
 .text.vexDeviceAdiValueGet
                0x03804158       0x2c C:\Program Files (x86)\VEX Robotics\VEXcode Pro V5\sdk/vexv5\libv5rt.a(v5_apijump.c.obj)
                0x03804158                vexDeviceAdiValueGet
 .text.vexDeviceMotorVelocitySet
                0x03804184       0x2c C:\Program Files (x86)\VEX Robotics\VEXcode Pro V5\sdk/vexv5\libv5rt.a(v5_apijump.c.obj)
                0x03804184                vexDeviceMotorVelocitySet
 .text.vexDeviceMotorVoltageSet
                0x038041b0       0x2c C:\Program Files (x86)\VEX Robotics\VEXcode Pro V5\sdk/vexv5\libv5rt.a(v5_apijump.c.obj)
                0x038041b0                vexDeviceMotorVoltageSet
 .text.vexDeviceMotorActualVelocityGet
                0x038041dc       0x24 C:\Program Files (x86)\VEX Robotics\VEXcode Pro V5\sdk/vexv5\libv5rt.a(v5_apijump.c.obj)
                0x038041dc                vexDeviceMotorActualVelocityGet
 .text.vexDeviceMotorReverseFlagSet
                0x03804200       0x2c C:\Program Files (x86)\VEX Robotics\VEXcode Pro V5\sdk/vexv5\libv5rt.a(v5_apijump.c.obj)
                0x03804200                vexDeviceMotorReverseFlagSet
 .text.vexDeviceMotorEncoderUnitsSet
                0x0380422c       0x2c C:\Program Files (x86)\VEX Robotics\VEXcode Pro V5\sdk/vexv5\libv5rt.a(v5_apijump.c.obj)
                0x0380422c                vexDeviceMotorEncoderUnitsSet
 .text.vexDeviceMotorBrakeModeSet
                0x03804258       0x2c C:\Program Files (x86)\VEX Robotics\VEXcode Pro V5\sdk/vexv5\libv5rt.a(v5_apijump.c.obj)
                0x03804258                vexDeviceMotorBrakeModeSet
 .text.vexDeviceMotorPositionSet
                0x03804284       0x34 C:\Program Files (x86)\VEX Robotics\VEXcode Pro V5\sdk/vexv5\libv5rt.a(v5_apijump.c.obj)
                0x03804284                vexDeviceMotorPositionSet
 .text.vexDeviceMotorGearingSet
                0x038042b8       0x2c C:\Program Files (x86)\VEX Robotics\VEXcode Pro V5\sdk/vexv5\libv5rt.a(v5_apijump.c.obj)
                0x038042b8                vexDeviceMotorGearingSet
 .text.vexDeviceMotorGearingGet
                0x038042e4       0x24 C:\Program Files (x86)\VEX Robotics\VEXcode Pro V5\sdk/vexv5\libv5rt.a(v5_apijump.c.obj)
                0x038042e4                vexDeviceMotorGearingGet
 .text.vexDeviceImuReset
                0x03804308       0x24 C:\Program Files (x86)\VEX Robotics\VEXcode Pro V5\sdk/vexv5\libv5rt.a(v5_apijump.c.obj)
                0x03804308                vexDeviceImuReset
 .text.vexDeviceImuHeadingGet
                0x0380432c       0x24 C:\Program Files (x86)\VEX Robotics\VEXcode Pro V5\sdk/vexv5\libv5rt.a(v5_apijump.c.obj)
                0x0380432c                vexDeviceImuHeadingGet
 .text.vexDeviceImuDegreesGet
                0x03804350       0x24 C:\Program Files (x86)\VEX Robotics\VEXcode Pro V5\sdk/vexv5\libv5rt.a(v5_apijump.c.obj)
                0x03804350                vexDeviceImuDegreesGet
 .text.vexDeviceImuStatusGet
                0x03804374       0x24 C:\Program Files (x86)\VEX Robotics\VEXcode Pro V5\sdk/vexv5\libv5rt.a(v5_apijump.c.obj)
                0x03804374                vexDeviceImuStatusGet
 .text.vexDeviceAbsEncPositionSet
                0x03804398       0x2c C:\Program Files (x86)\VEX Robotics\VEXcode Pro V5\sdk/vexv5\libv5rt.a(v5_apijump.c.obj)
                0x03804398                vexDeviceAbsEncPositionSet
 .text.vexDeviceAbsEncPositionGet
                0x038043c4       0x24 C:\Program Files (x86)\VEX Robotics\VEXcode Pro V5\sdk/vexv5\libv5rt.a(v5_apijump.c.obj)
                0x038043c4                vexDeviceAbsEncPositionGet
 .text.vexDeviceAbsEncVelocityGet
                0x038043e8       0x24 C:\Program Files (x86)\VEX Robotics\VEXcode Pro V5\sdk/vexv5\libv5rt.a(v5_apijump.c.obj)
                0x038043e8                vexDeviceAbsEncVelocityGet
 .text.vexDeviceAbsEncAngleGet
                0x0380440c       0x24 C:\Program Files (x86)\VEX Robotics\VEXcode Pro V5\sdk/vexv5\libv5rt.a(v5_apijump.c.obj)
                0x0380440c                vexDeviceAbsEncAngleGet
 .text.vexDeviceAbsEncReverseFlagSet
                0x03804430       0x2c C:\Program Files (x86)\VEX Robotics\VEXcode Pro V5\sdk/vexv5\libv5rt.a(v5_apijump.c.obj)
                0x03804430                vexDeviceAbsEncReverseFlagSet
 .text.vexDisplayForegroundColor
                0x0380445c       0x24 C:\Program Files (x86)\VEX Robotics\VEXcode Pro V5\sdk/vexv5\libv5rt.a(v5_apijump.c.obj)
                0x0380445c                vexDisplayForegroundColor
 .text.vexDisplayBackgroundColor
                0x03804480       0x24 C:\Program Files (x86)\VEX Robotics\VEXcode Pro V5\sdk/vexv5\libv5rt.a(v5_apijump.c.obj)
                0x03804480                vexDisplayBackgroundColor
 .text.vexDisplayBackgroundColorGet
                0x038044a4       0x1c C:\Program Files (x86)\VEX Robotics\VEXcode Pro V5\sdk/vexv5\libv5rt.a(v5_apijump.c.obj)
                0x038044a4                vexDisplayBackgroundColorGet
 .text.vexDisplayPixelSet
                0x038044c0       0x38 C:\Program Files (x86)\VEX Robotics\VEXcode Pro V5\sdk/vexv5\libv5rt.a(v5_apijump.c.obj)
                0x038044c0                vexDisplayPixelSet
 .text.vexDisplayLineDraw
                0x038044f8       0x4c C:\Program Files (x86)\VEX Robotics\VEXcode Pro V5\sdk/vexv5\libv5rt.a(v5_apijump.c.obj)
                0x038044f8                vexDisplayLineDraw
 .text.vexDisplayRectDraw
                0x03804544       0x4c C:\Program Files (x86)\VEX Robotics\VEXcode Pro V5\sdk/vexv5\libv5rt.a(v5_apijump.c.obj)
                0x03804544                vexDisplayRectDraw
 .text.vexDisplayRectClear
                0x03804590       0x4c C:\Program Files (x86)\VEX Robotics\VEXcode Pro V5\sdk/vexv5\libv5rt.a(v5_apijump.c.obj)
                0x03804590                vexDisplayRectClear
 .text.vexDisplayCircleDraw
                0x038045dc       0x40 C:\Program Files (x86)\VEX Robotics\VEXcode Pro V5\sdk/vexv5\libv5rt.a(v5_apijump.c.obj)
                0x038045dc                vexDisplayCircleDraw
 .text.vexDisplayCircleClear
                0x0380461c       0x40 C:\Program Files (x86)\VEX Robotics\VEXcode Pro V5\sdk/vexv5\libv5rt.a(v5_apijump.c.obj)
                0x0380461c                vexDisplayCircleClear
 .text.vexDisplayVPrintf
                0x0380465c       0x50 C:\Program Files (x86)\VEX Robotics\VEXcode Pro V5\sdk/vexv5\libv5rt.a(v5_apijump.c.obj)
                0x0380465c                vexDisplayVPrintf
 .text.vexDisplayTextReference
                0x038046ac       0x24 C:\Program Files (x86)\VEX Robotics\VEXcode Pro V5\sdk/vexv5\libv5rt.a(v5_apijump.c.obj)
                0x038046ac                vexDisplayTextReference
 .text.vexDisplayTextSize
                0x038046d0       0x2c C:\Program Files (x86)\VEX Robotics\VEXcode Pro V5\sdk/vexv5\libv5rt.a(v5_apijump.c.obj)
                0x038046d0                vexDisplayTextSize
 .text.vexDisplayFontNamedSet
                0x038046fc       0x24 C:\Program Files (x86)\VEX Robotics\VEXcode Pro V5\sdk/vexv5\libv5rt.a(v5_apijump.c.obj)
                0x038046fc                vexDisplayFontNamedSet
 .text.vexDisplayStringWidthGet
                0x03804720       0x24 C:\Program Files (x86)\VEX Robotics\VEXcode Pro V5\sdk/vexv5\libv5rt.a(v5_apijump.c.obj)
                0x03804720                vexDisplayStringWidthGet
 .text.vexDisplayPenSizeSet
                0x03804744       0x24 C:\Program Files (x86)\VEX Robotics\VEXcode Pro V5\sdk/vexv5\libv5rt.a(v5_apijump.c.obj)
                0x03804744                vexDisplayPenSizeSet
 .text.vexDisplayPenSizeGet
                0x03804768       0x1c C:\Program Files (x86)\VEX Robotics\VEXcode Pro V5\sdk/vexv5\libv5rt.a(v5_apijump.c.obj)
                0x03804768                vexDisplayPenSizeGet
 .text.vexSystemStdlibImpureDataAddr
                0x03804784       0x28 C:\Program Files (x86)\VEX Robotics\VEXcode Pro V5\sdk/vexv5\libv5rt.a(v5_apijump.c.obj)
                0x03804784                vexSystemStdlibImpureDataAddr
 .text.vexSystemStdlibImpureDataSize
                0x038047ac       0x28 C:\Program Files (x86)\VEX Robotics\VEXcode Pro V5\sdk/vexv5\libv5rt.a(v5_apijump.c.obj)
                0x038047ac                vexSystemStdlibImpureDataSize
 .text.vexSystemSaveUserData
                0x038047d4       0x3c C:\Program Files (x86)\VEX Robotics\VEXcode Pro V5\sdk/vexv5\libv5rt.a(v5_apijump.c.obj)
                0x038047d4                vexSystemSaveUserData
 .text.vexDisplayThemeIdGet
                0x03804810       0x38 C:\Program Files (x86)\VEX Robotics\VEXcode Pro V5\sdk/vexv5\libv5rt.a(v5_apijump.c.obj)
                0x03804810                vexDisplayThemeIdGet
 .text.vexDeviceEventMaskSet
                0x03804848       0x48 C:\Program Files (x86)\VEX Robotics\VEXcode Pro V5\sdk/vexv5\libv5rt.a(v5_apijump.c.obj)
                0x03804848                vexDeviceEventMaskSet
 .text.vexDeviceEventMaskGet
                0x03804890       0x3c C:\Program Files (x86)\VEX Robotics\VEXcode Pro V5\sdk/vexv5\libv5rt.a(v5_apijump.c.obj)
                0x03804890                vexDeviceEventMaskGet
 .text.vexDeviceEventBitsSet
                0x038048cc       0x48 C:\Program Files (x86)\VEX Robotics\VEXcode Pro V5\sdk/vexv5\libv5rt.a(v5_apijump.c.obj)
                0x038048cc                vexDeviceEventBitsSet
 .text.vexDeviceEventBitsGet
                0x03804914       0x3c C:\Program Files (x86)\VEX Robotics\VEXcode Pro V5\sdk/vexv5\libv5rt.a(v5_apijump.c.obj)
                0x03804914                vexDeviceEventBitsGet
 .text.vexSystemVersion
                0x03804950       0x10 C:\Program Files (x86)\VEX Robotics\VEXcode Pro V5\sdk/vexv5\libv5rt.a(v5_apiversions.c.obj)
                0x03804950                vexSystemVersion
 .text.vexStdlibVersion
                0x03804960       0x10 C:\Program Files (x86)\VEX Robotics\VEXcode Pro V5\sdk/vexv5\libv5rt.a(v5_apiversions.c.obj)
                0x03804960                vexStdlibVersion
 .text._ZN3vex4waitEdNS_9timeUnitsE
                0x03804970       0x30 C:\Program Files (x86)\VEX Robotics\VEXcode Pro V5\sdk/vexv5\libv5rt.a(vex_global.cpp.obj)
                0x03804970                vex::wait(double, vex::timeUnits)
 .text._ZN3vex5motorD2Ev
                0x038049a0       0x20 C:\Program Files (x86)\VEX Robotics\VEXcode Pro V5\sdk/vexv5\libv5rt.a(vex_motor.cpp.obj)
                0x038049a0                vex::motor::~motor()
                0x038049a0                vex::motor::~motor()
 .text._ZN3vex5motorD0Ev
                0x038049c0       0x1c C:\Program Files (x86)\VEX Robotics\VEXcode Pro V5\sdk/vexv5\libv5rt.a(vex_motor.cpp.obj)
                0x038049c0                vex::motor::~motor()
 .text._ZN3vex5motor9installedEv
                0x038049dc       0x18 C:\Program Files (x86)\VEX Robotics\VEXcode Pro V5\sdk/vexv5\libv5rt.a(vex_motor.cpp.obj)
                0x038049dc                vex::motor::installed()
 .text._ZN3vex5motor15defaultStoppingENS_9brakeTypeE
                0x038049f4       0x30 C:\Program Files (x86)\VEX Robotics\VEXcode Pro V5\sdk/vexv5\libv5rt.a(vex_motor.cpp.obj)
                0x038049f4                vex::motor::defaultStopping(vex::brakeType)
 .text._ZN3vex5motor8setBrakeENS_9brakeTypeE
                0x03804a24        0x4 C:\Program Files (x86)\VEX Robotics\VEXcode Pro V5\sdk/vexv5\libv5rt.a(vex_motor.cpp.obj)
                0x03804a24                vex::motor::setBrake(vex::brakeType)
 .text._ZN3vex5motor11setStoppingENS_9brakeTypeE
                0x03804a28        0x4 C:\Program Files (x86)\VEX Robotics\VEXcode Pro V5\sdk/vexv5\libv5rt.a(vex_motor.cpp.obj)
                0x03804a28                vex::motor::setStopping(vex::brakeType)
 .text._ZN3vex5motorC2El
                0x03804a2c       0x78 C:\Program Files (x86)\VEX Robotics\VEXcode Pro V5\sdk/vexv5\libv5rt.a(vex_motor.cpp.obj)
                0x03804a2c                vex::motor::motor(long)
                0x03804a2c                vex::motor::motor(long)
 .text._ZN3vex5motorC2ElNS_11gearSettingEb
                0x03804aa4       0x34 C:\Program Files (x86)\VEX Robotics\VEXcode Pro V5\sdk/vexv5\libv5rt.a(vex_motor.cpp.obj)
                0x03804aa4                vex::motor::motor(long, vex::gearSetting, bool)
                0x03804aa4                vex::motor::motor(long, vex::gearSetting, bool)
 .text._ZN3vex5motor4spinENS_13directionTypeEdNS_12voltageUnitsE
                0x03804ad8       0x50 C:\Program Files (x86)\VEX Robotics\VEXcode Pro V5\sdk/vexv5\libv5rt.a(vex_motor.cpp.obj)
                0x03804ad8                vex::motor::spin(vex::directionType, double, vex::voltageUnits)
 .text._ZN3vex5motor4stopENS_9brakeTypeE
                0x03804b28       0x30 C:\Program Files (x86)\VEX Robotics\VEXcode Pro V5\sdk/vexv5\libv5rt.a(vex_motor.cpp.obj)
                0x03804b28                vex::motor::stop(vex::brakeType)
 .text._ZN3vex5motor4stopEv
                0x03804b58        0x8 C:\Program Files (x86)\VEX Robotics\VEXcode Pro V5\sdk/vexv5\libv5rt.a(vex_motor.cpp.obj)
                0x03804b58                vex::motor::stop()
 .text._ZN3vex5motor16velocityToScaledEdNS_13velocityUnitsE
                0x03804b60       0x5c C:\Program Files (x86)\VEX Robotics\VEXcode Pro V5\sdk/vexv5\libv5rt.a(vex_motor.cpp.obj)
                0x03804b60                vex::motor::velocityToScaled(double, vex::velocityUnits)
 .text._ZN3vex5motor8velocityENS_13velocityUnitsE
                0x03804bbc       0x30 C:\Program Files (x86)\VEX Robotics\VEXcode Pro V5\sdk/vexv5\libv5rt.a(vex_motor.cpp.obj)
                0x03804bbc                vex::motor::velocity(vex::velocityUnits)
 .text._ZN3vex5motor5valueEv
                0x03804bec       0x1c C:\Program Files (x86)\VEX Robotics\VEXcode Pro V5\sdk/vexv5\libv5rt.a(vex_motor.cpp.obj)
                0x03804bec                vex::motor::value()
 .text._ZN3vex5motor16scaledToVelocityEdNS_13velocityUnitsE
                0x03804c08       0xa4 C:\Program Files (x86)\VEX Robotics\VEXcode Pro V5\sdk/vexv5\libv5rt.a(vex_motor.cpp.obj)
                0x03804c08                vex::motor::scaledToVelocity(double, vex::velocityUnits)
 .text._ZN3vex5motor4spinENS_13directionTypeEdNS_13velocityUnitsE
                0x03804cac       0x5c C:\Program Files (x86)\VEX Robotics\VEXcode Pro V5\sdk/vexv5\libv5rt.a(vex_motor.cpp.obj)
                0x03804cac                vex::motor::spin(vex::directionType, double, vex::velocityUnits)
 .text._ZN3vex5motor4spinENS_13directionTypeE
                0x03804d08       0x28 C:\Program Files (x86)\VEX Robotics\VEXcode Pro V5\sdk/vexv5\libv5rt.a(vex_motor.cpp.obj)
                0x03804d08                vex::motor::spin(vex::directionType)
 .text._ZN3vex5motor9rotateForEdNS_9timeUnitsEdNS_13velocityUnitsE
                0x03804d30       0x78 C:\Program Files (x86)\VEX Robotics\VEXcode Pro V5\sdk/vexv5\libv5rt.a(vex_motor.cpp.obj)
                0x03804d30                vex::motor::rotateFor(double, vex::timeUnits, double, vex::velocityUnits)
 .text._ZN3vex5motor7spinForENS_13directionTypeEdNS_9timeUnitsE
                0x03804da8       0x44 C:\Program Files (x86)\VEX Robotics\VEXcode Pro V5\sdk/vexv5\libv5rt.a(vex_motor.cpp.obj)
                0x03804da8                vex::motor::spinFor(vex::directionType, double, vex::timeUnits)
 .text._ZN3vex5motor11setVelocityEdNS_13velocityUnitsE
                0x03804dec       0x54 C:\Program Files (x86)\VEX Robotics\VEXcode Pro V5\sdk/vexv5\libv5rt.a(vex_motor.cpp.obj)
                0x03804dec                vex::motor::setVelocity(double, vex::velocityUnits)
 .text._ZN3vex5motor16setRotationUnitsENS_13rotationUnitsE
                0x03804e40       0x1c C:\Program Files (x86)\VEX Robotics\VEXcode Pro V5\sdk/vexv5\libv5rt.a(vex_motor.cpp.obj)
                0x03804e40                vex::motor::setRotationUnits(vex::rotationUnits)
 .text._ZN3vex5motor11setRotationEdNS_13rotationUnitsE
                0x03804e5c       0x44 C:\Program Files (x86)\VEX Robotics\VEXcode Pro V5\sdk/vexv5\libv5rt.a(vex_motor.cpp.obj)
                0x03804e5c                vex::motor::setRotation(double, vex::rotationUnits)
 .text._ZN3vex5motor13resetRotationEv
                0x03804ea0       0x20 C:\Program Files (x86)\VEX Robotics\VEXcode Pro V5\sdk/vexv5\libv5rt.a(vex_motor.cpp.obj)
                0x03804ea0                vex::motor::resetRotation()
 .text._ZN3vex8inertial11getTurnTypeEv
                0x03804ec0        0x8 C:\Program Files (x86)\VEX Robotics\VEXcode Pro V5\sdk/vexv5\libv5rt.a(vex_imu.cpp.obj)
                0x03804ec0                vex::inertial::getTurnType()
 .text._ZThn16_N3vex8inertial11getTurnTypeEv
                0x03804ec8        0x8 C:\Program Files (x86)\VEX Robotics\VEXcode Pro V5\sdk/vexv5\libv5rt.a(vex_imu.cpp.obj)
                0x03804ec8                non-virtual thunk to vex::inertial::getTurnType()
 .text._ZN3vex8inertial10setHeadingEdNS_13rotationUnitsE
                0x03804ed0       0x58 C:\Program Files (x86)\VEX Robotics\VEXcode Pro V5\sdk/vexv5\libv5rt.a(vex_imu.cpp.obj)
                0x03804ed0                vex::inertial::setHeading(double, vex::rotationUnits)
 .text._ZThn16_N3vex8inertial10setHeadingEdNS_13rotationUnitsE
                0x03804f28        0x8 C:\Program Files (x86)\VEX Robotics\VEXcode Pro V5\sdk/vexv5\libv5rt.a(vex_imu.cpp.obj)
                0x03804f28                non-virtual thunk to vex::inertial::setHeading(double, vex::rotationUnits)
 .text._ZN3vex8inertial11setRotationEdNS_13rotationUnitsE
                0x03804f30       0x58 C:\Program Files (x86)\VEX Robotics\VEXcode Pro V5\sdk/vexv5\libv5rt.a(vex_imu.cpp.obj)
                0x03804f30                vex::inertial::setRotation(double, vex::rotationUnits)
 .text._ZThn16_N3vex8inertial11setRotationEdNS_13rotationUnitsE
                0x03804f88        0x8 C:\Program Files (x86)\VEX Robotics\VEXcode Pro V5\sdk/vexv5\libv5rt.a(vex_imu.cpp.obj)
                0x03804f88                non-virtual thunk to vex::inertial::setRotation(double, vex::rotationUnits)
 .text._ZN3vex8inertialD2Ev
                0x03804f90       0x20 C:\Program Files (x86)\VEX Robotics\VEXcode Pro V5\sdk/vexv5\libv5rt.a(vex_imu.cpp.obj)
                0x03804f90                vex::inertial::~inertial()
                0x03804f90                vex::inertial::~inertial()
 .text._ZThn16_N3vex8inertialD1Ev
                0x03804fb0        0x8 C:\Program Files (x86)\VEX Robotics\VEXcode Pro V5\sdk/vexv5\libv5rt.a(vex_imu.cpp.obj)
                0x03804fb0                non-virtual thunk to vex::inertial::~inertial()
 .text._ZN3vex8inertialD0Ev
                0x03804fb8       0x1c C:\Program Files (x86)\VEX Robotics\VEXcode Pro V5\sdk/vexv5\libv5rt.a(vex_imu.cpp.obj)
                0x03804fb8                vex::inertial::~inertial()
 .text._ZThn16_N3vex8inertialD0Ev
                0x03804fd4        0x8 C:\Program Files (x86)\VEX Robotics\VEXcode Pro V5\sdk/vexv5\libv5rt.a(vex_imu.cpp.obj)
                0x03804fd4                non-virtual thunk to vex::inertial::~inertial()
 .text._ZN3vex8inertial9installedEv
                0x03804fdc       0x18 C:\Program Files (x86)\VEX Robotics\VEXcode Pro V5\sdk/vexv5\libv5rt.a(vex_imu.cpp.obj)
                0x03804fdc                vex::inertial::installed()
 .text._ZN3vex8inertial5angleENS_13rotationUnitsE
                0x03804ff4       0x6c C:\Program Files (x86)\VEX Robotics\VEXcode Pro V5\sdk/vexv5\libv5rt.a(vex_imu.cpp.obj)
                0x03804ff4                vex::inertial::angle(vex::rotationUnits)
 .text._ZThn16_N3vex8inertial5angleENS_13rotationUnitsE
                0x03805060        0x8 C:\Program Files (x86)\VEX Robotics\VEXcode Pro V5\sdk/vexv5\libv5rt.a(vex_imu.cpp.obj)
                0x03805060                non-virtual thunk to vex::inertial::angle(vex::rotationUnits)
 .text._ZN3vex8inertial7headingENS_13rotationUnitsE
                0x03805068        0x4 C:\Program Files (x86)\VEX Robotics\VEXcode Pro V5\sdk/vexv5\libv5rt.a(vex_imu.cpp.obj)
                0x03805068                vex::inertial::heading(vex::rotationUnits)
 .text._ZThn16_N3vex8inertial7headingENS_13rotationUnitsE
                0x0380506c        0x8 C:\Program Files (x86)\VEX Robotics\VEXcode Pro V5\sdk/vexv5\libv5rt.a(vex_imu.cpp.obj)
                0x0380506c                non-virtual thunk to vex::inertial::heading(vex::rotationUnits)
 .text._ZN3vex8inertial5valueEv
                0x03805074       0x1c C:\Program Files (x86)\VEX Robotics\VEXcode Pro V5\sdk/vexv5\libv5rt.a(vex_imu.cpp.obj)
                0x03805074                vex::inertial::value()
 .text._ZN3vex8inertial8rotationENS_13rotationUnitsE
                0x03805090       0x48 C:\Program Files (x86)\VEX Robotics\VEXcode Pro V5\sdk/vexv5\libv5rt.a(vex_imu.cpp.obj)
                0x03805090                vex::inertial::rotation(vex::rotationUnits)
 .text._ZThn16_N3vex8inertial8rotationENS_13rotationUnitsE
                0x038050d8        0x8 C:\Program Files (x86)\VEX Robotics\VEXcode Pro V5\sdk/vexv5\libv5rt.a(vex_imu.cpp.obj)
                0x038050d8                non-virtual thunk to vex::inertial::rotation(vex::rotationUnits)
 .text._ZN3vex8inertial13isCalibratingEv
                0x038050e0       0x38 C:\Program Files (x86)\VEX Robotics\VEXcode Pro V5\sdk/vexv5\libv5rt.a(vex_imu.cpp.obj)
                0x038050e0                vex::inertial::isCalibrating()
 .text._ZThn16_N3vex8inertial13isCalibratingEv
                0x03805118        0x8 C:\Program Files (x86)\VEX Robotics\VEXcode Pro V5\sdk/vexv5\libv5rt.a(vex_imu.cpp.obj)
                0x03805118                non-virtual thunk to vex::inertial::isCalibrating()
 .text._ZN3vex8inertialC2ElNS_8turnTypeE
                0x03805120       0x4c C:\Program Files (x86)\VEX Robotics\VEXcode Pro V5\sdk/vexv5\libv5rt.a(vex_imu.cpp.obj)
                0x03805120                vex::inertial::inertial(long, vex::turnType)
                0x03805120                vex::inertial::inertial(long, vex::turnType)
 .text._ZN3vex8inertial16startCalibrationEl
                0x0380516c       0x20 C:\Program Files (x86)\VEX Robotics\VEXcode Pro V5\sdk/vexv5\libv5rt.a(vex_imu.cpp.obj)
                0x0380516c                vex::inertial::startCalibration(long)
 .text._ZN3vex8inertial9calibrateEl
                0x0380518c        0xc C:\Program Files (x86)\VEX Robotics\VEXcode Pro V5\sdk/vexv5\libv5rt.a(vex_imu.cpp.obj)
                0x0380518c                vex::inertial::calibrate(long)
                0x03805190                non-virtual thunk to vex::inertial::calibrate(long)
 .text._ZN3vex8rotationD2Ev
                0x03805198       0x20 C:\Program Files (x86)\VEX Robotics\VEXcode Pro V5\sdk/vexv5\libv5rt.a(vex_rotation.cpp.obj)
                0x03805198                vex::rotation::~rotation()
                0x03805198                vex::rotation::~rotation()
 .text._ZN3vex8rotationD0Ev
                0x038051b8       0x1c C:\Program Files (x86)\VEX Robotics\VEXcode Pro V5\sdk/vexv5\libv5rt.a(vex_rotation.cpp.obj)
                0x038051b8                vex::rotation::~rotation()
 .text._ZN3vex8rotation9installedEv
                0x038051d4       0x18 C:\Program Files (x86)\VEX Robotics\VEXcode Pro V5\sdk/vexv5\libv5rt.a(vex_rotation.cpp.obj)
                0x038051d4                vex::rotation::installed()
 .text._ZN3vex8rotation5valueEv
                0x038051ec        0x8 C:\Program Files (x86)\VEX Robotics\VEXcode Pro V5\sdk/vexv5\libv5rt.a(vex_rotation.cpp.obj)
                0x038051ec                vex::rotation::value()
 .text._ZN3vex8rotationC2Elb
                0x038051f4       0x30 C:\Program Files (x86)\VEX Robotics\VEXcode Pro V5\sdk/vexv5\libv5rt.a(vex_rotation.cpp.obj)
                0x038051f4                vex::rotation::rotation(long, bool)
                0x038051f4                vex::rotation::rotation(long, bool)
 .text._ZN3vex8rotation13resetPositionEv
                0x03805224        0xc C:\Program Files (x86)\VEX Robotics\VEXcode Pro V5\sdk/vexv5\libv5rt.a(vex_rotation.cpp.obj)
                0x03805224                vex::rotation::resetPosition()
 .text._ZN3vex8rotation8positionENS_13rotationUnitsE
                0x03805230       0x50 C:\Program Files (x86)\VEX Robotics\VEXcode Pro V5\sdk/vexv5\libv5rt.a(vex_rotation.cpp.obj)
                0x03805230                vex::rotation::position(vex::rotationUnits)
 .text._ZN3vex8rotation8velocityENS_13velocityUnitsE
                0x03805280       0x58 C:\Program Files (x86)\VEX Robotics\VEXcode Pro V5\sdk/vexv5\libv5rt.a(vex_rotation.cpp.obj)
                0x03805280                vex::rotation::velocity(vex::velocityUnits)
 .text._ZN3vex10controllerD2Ev
                0x038052d8        0x4 C:\Program Files (x86)\VEX Robotics\VEXcode Pro V5\sdk/vexv5\libv5rt.a(vex_controller.cpp.obj)
                0x038052d8                vex::controller::~controller()
                0x038052d8                vex::controller::~controller()
 .text._ZN3vex10controller5valueE19_V5_ControllerIndex
                0x038052dc        0x8 C:\Program Files (x86)\VEX Robotics\VEXcode Pro V5\sdk/vexv5\libv5rt.a(vex_controller.cpp.obj)
                0x038052dc                vex::controller::value(_V5_ControllerIndex)
 .text._ZN3vex10controller6rumbleEPKc
                0x038052e4       0x4c C:\Program Files (x86)\VEX Robotics\VEXcode Pro V5\sdk/vexv5\libv5rt.a(vex_controller.cpp.obj)
                0x038052e4                vex::controller::rumble(char const*)
 .text._ZNK3vex10controller6button8pressingEv
                0x03805330       0xc8 C:\Program Files (x86)\VEX Robotics\VEXcode Pro V5\sdk/vexv5\libv5rt.a(vex_controller.cpp.obj)
                0x03805330                vex::controller::button::pressing() const
 .text._ZNK3vex10controller6button21_buttonToPressedEventEv
                0x038053f8       0x20 C:\Program Files (x86)\VEX Robotics\VEXcode Pro V5\sdk/vexv5\libv5rt.a(vex_controller.cpp.obj)
                0x038053f8                vex::controller::button::_buttonToPressedEvent() const
 .text._ZNK3vex10controller6button22_buttonToReleasedEventEv
                0x03805418       0x20 C:\Program Files (x86)\VEX Robotics\VEXcode Pro V5\sdk/vexv5\libv5rt.a(vex_controller.cpp.obj)
                0x03805418                vex::controller::button::_buttonToReleasedEvent() const
 .text._ZN3vex10controller6buttonC2ENS0_11tButtonTypeEPS0_
                0x03805438       0x48 C:\Program Files (x86)\VEX Robotics\VEXcode Pro V5\sdk/vexv5\libv5rt.a(vex_controller.cpp.obj)
                0x03805438                vex::controller::button::button(vex::controller::tButtonType, vex::controller*)
                0x03805438                vex::controller::button::button(vex::controller::tButtonType, vex::controller*)
 .text._ZNK3vex10controller4axis5valueEv
                0x03805480       0x58 C:\Program Files (x86)\VEX Robotics\VEXcode Pro V5\sdk/vexv5\libv5rt.a(vex_controller.cpp.obj)
                0x03805480                vex::controller::axis::value() const
 .text._ZNK3vex10controller4axis8positionENS_12percentUnitsE
                0x038054d8       0x1c C:\Program Files (x86)\VEX Robotics\VEXcode Pro V5\sdk/vexv5\libv5rt.a(vex_controller.cpp.obj)
                0x038054d8                vex::controller::axis::position(vex::percentUnits) const
 .text._ZNK3vex10controller4axis23_joystickToChangedEventEv
                0x038054f4       0x20 C:\Program Files (x86)\VEX Robotics\VEXcode Pro V5\sdk/vexv5\libv5rt.a(vex_controller.cpp.obj)
                0x038054f4                vex::controller::axis::_joystickToChangedEvent() const
 .text._ZN3vex10controller4axisC2ENS0_9tAxisTypeEPS0_
                0x03805514       0x2c C:\Program Files (x86)\VEX Robotics\VEXcode Pro V5\sdk/vexv5\libv5rt.a(vex_controller.cpp.obj)
                0x03805514                vex::controller::axis::axis(vex::controller::tAxisType, vex::controller*)
                0x03805514                vex::controller::axis::axis(vex::controller::tAxisType, vex::controller*)
 .text._ZN3vex10controllerC2ENS_14controllerTypeE
                0x03805540      0x16c C:\Program Files (x86)\VEX Robotics\VEXcode Pro V5\sdk/vexv5\libv5rt.a(vex_controller.cpp.obj)
                0x03805540                vex::controller::controller(vex::controllerType)
                0x03805540                vex::controller::controller(vex::controllerType)
 .text._ZN3vex10controller3lcd15getControllerIdEv
                0x038056ac       0x10 C:\Program Files (x86)\VEX Robotics\VEXcode Pro V5\sdk/vexv5\libv5rt.a(vex_controller.cpp.obj)
                0x038056ac                vex::controller::lcd::getControllerId()
 .text._ZN3vex10controller3lcd9setCursorEll
                0x038056bc       0x40 C:\Program Files (x86)\VEX Robotics\VEXcode Pro V5\sdk/vexv5\libv5rt.a(vex_controller.cpp.obj)
                0x038056bc                vex::controller::lcd::setCursor(long, long)
 .text._ZN3vex10controller3lcd5printEPKcz
                0x038056fc       0x80 C:\Program Files (x86)\VEX Robotics\VEXcode Pro V5\sdk/vexv5\libv5rt.a(vex_controller.cpp.obj)
                0x038056fc                vex::controller::lcd::print(char const*, ...)
 .text._ZN3vex10controller3lcd9clearLineEi
                0x0380577c       0x80 C:\Program Files (x86)\VEX Robotics\VEXcode Pro V5\sdk/vexv5\libv5rt.a(vex_controller.cpp.obj)
                0x0380577c                vex::controller::lcd::clearLine(int)
 .text._ZN3vex10controller3lcd11clearScreenEv
                0x038057fc       0x5c C:\Program Files (x86)\VEX Robotics\VEXcode Pro V5\sdk/vexv5\libv5rt.a(vex_controller.cpp.obj)
                0x038057fc                vex::controller::lcd::clearScreen()
 .text._ZN3vex4taskC2Ev
                0x03805858       0x28 C:\Program Files (x86)\VEX Robotics\VEXcode Pro V5\sdk/vexv5\libv5rt.a(vex_task.cpp.obj)
                0x03805858                vex::task::task()
                0x03805858                vex::task::task()
 .text._ZN3vex4taskC2EPFivE
                0x03805880       0x5c C:\Program Files (x86)\VEX Robotics\VEXcode Pro V5\sdk/vexv5\libv5rt.a(vex_task.cpp.obj)
                0x03805880                vex::task::task(int (*)())
                0x03805880                vex::task::task(int (*)())
 .text._ZN3vex4taskD2Ev
                0x038058dc        0x4 C:\Program Files (x86)\VEX Robotics\VEXcode Pro V5\sdk/vexv5\libv5rt.a(vex_task.cpp.obj)
                0x038058dc                vex::task::~task()
                0x038058dc                vex::task::~task()
 .text._ZN3vex4task4stopEPvi
                0x038058e0       0x1c C:\Program Files (x86)\VEX Robotics\VEXcode Pro V5\sdk/vexv5\libv5rt.a(vex_task.cpp.obj)
                0x038058e0                vex::task::stop(void*, int)
 .text._ZN3vex4task5sleepEm
                0x038058fc        0x4 C:\Program Files (x86)\VEX Robotics\VEXcode Pro V5\sdk/vexv5\libv5rt.a(vex_task.cpp.obj)
                0x038058fc                vex::task::sleep(unsigned long)
 .text._ZN3vex4task6_indexEPFivE
                0x03805900       0x14 C:\Program Files (x86)\VEX Robotics\VEXcode Pro V5\sdk/vexv5\libv5rt.a(vex_task.cpp.obj)
                0x03805900                vex::task::_index(int (*)())
 .text._ZN3vex4task8_stopAllEv
                0x03805914       0x3c C:\Program Files (x86)\VEX Robotics\VEXcode Pro V5\sdk/vexv5\libv5rt.a(vex_task.cpp.obj)
                0x03805914                vex::task::_stopAll()
 .text._ZN3vex11this_thread9sleep_forEm
                0x03805950        0x4 C:\Program Files (x86)\VEX Robotics\VEXcode Pro V5\sdk/vexv5\libv5rt.a(vex_thread.cpp.obj)
                0x03805950                vex::this_thread::sleep_for(unsigned long)
 .text._ZN3vex5event4initEmmPFvvE
                0x03805954        0x4 C:\Program Files (x86)\VEX Robotics\VEXcode Pro V5\sdk/vexv5\libv5rt.a(vex_event.cpp.obj)
                0x03805954                vex::event::init(unsigned long, unsigned long, void (*)())
 .text._ZN3vex5event4initEmmPFvPvES1_
                0x03805958        0x4 C:\Program Files (x86)\VEX Robotics\VEXcode Pro V5\sdk/vexv5\libv5rt.a(vex_event.cpp.obj)
                0x03805958                vex::event::init(unsigned long, unsigned long, void (*)(void*), void*)
 .text._ZN3vex5event9userindexEv
                0x0380595c        0x4 C:\Program Files (x86)\VEX Robotics\VEXcode Pro V5\sdk/vexv5\libv5rt.a(vex_event.cpp.obj)
                0x0380595c                vex::event::userindex()
 .text._ZZN3vex6meventC4EmmENUlvE_4_FUNEv
                0x03805960        0x4 C:\Program Files (x86)\VEX Robotics\VEXcode Pro V5\sdk/vexv5\libv5rt.a(vex_mevent.cpp.obj)
 .text._ZN3vex6meventC2Emm
                0x03805964       0x70 C:\Program Files (x86)\VEX Robotics\VEXcode Pro V5\sdk/vexv5\libv5rt.a(vex_mevent.cpp.obj)
                0x03805964                vex::mevent::mevent(unsigned long, unsigned long)
                0x03805964                vex::mevent::mevent(unsigned long, unsigned long)
 .text._ZNK3vex6meventcviEv
                0x038059d4       0x4c C:\Program Files (x86)\VEX Robotics\VEXcode Pro V5\sdk/vexv5\libv5rt.a(vex_mevent.cpp.obj)
                0x038059d4                vex::mevent::operator int() const
 .text._ZL9_hexDigitc
                0x03805a20       0x48 C:\Program Files (x86)\VEX Robotics\VEXcode Pro V5\sdk/vexv5\libv5rt.a(vex_brain.cpp.obj)
 .text._ZN3vex5brain9_getIndexEv
                0x03805a68       0x10 C:\Program Files (x86)\VEX Robotics\VEXcode Pro V5\sdk/vexv5\libv5rt.a(vex_brain.cpp.obj)
                0x03805a68                vex::brain::_getIndex()
 .text._ZN3vex5brain5timerENS_9timeUnitsE
                0x03805a78        0x8 C:\Program Files (x86)\VEX Robotics\VEXcode Pro V5\sdk/vexv5\libv5rt.a(vex_brain.cpp.obj)
                0x03805a78                vex::brain::timer(vex::timeUnits)
 .text._ZN3vex5brain10resetTimerEv
                0x03805a80        0x8 C:\Program Files (x86)\VEX Robotics\VEXcode Pro V5\sdk/vexv5\libv5rt.a(vex_brain.cpp.obj)
                0x03805a80                vex::brain::resetTimer()
 .text._ZN3vex5brain3lcd9setCursorEll
                0x03805a88       0x44 C:\Program Files (x86)\VEX Robotics\VEXcode Pro V5\sdk/vexv5\libv5rt.a(vex_brain.cpp.obj)
                0x03805a88                vex::brain::lcd::setCursor(long, long)
 .text._ZN3vex5brain3lcd7setFontENS_8fontTypeE
                0x03805acc      0x23c C:\Program Files (x86)\VEX Robotics\VEXcode Pro V5\sdk/vexv5\libv5rt.a(vex_brain.cpp.obj)
                0x03805acc                vex::brain::lcd::setFont(vex::fontType)
 .text._ZN3vex5brain3lcdC2Ev
                0x03805d08       0x94 C:\Program Files (x86)\VEX Robotics\VEXcode Pro V5\sdk/vexv5\libv5rt.a(vex_brain.cpp.obj)
                0x03805d08                vex::brain::lcd::lcd()
                0x03805d08                vex::brain::lcd::lcd()
 .text._ZN3vex5brainC2Ev
                0x03805d9c       0x3c C:\Program Files (x86)\VEX Robotics\VEXcode Pro V5\sdk/vexv5\libv5rt.a(vex_brain.cpp.obj)
                0x03805d9c                vex::brain::brain()
                0x03805d9c                vex::brain::brain()
 .text._ZN3vex5brain3lcd11setPenWidthEm
                0x03805dd8       0x24 C:\Program Files (x86)\VEX Robotics\VEXcode Pro V5\sdk/vexv5\libv5rt.a(vex_brain.cpp.obj)
                0x03805dd8                vex::brain::lcd::setPenWidth(unsigned long)
 .text._ZN3vex5brain3lcd11setPenColorERKNS_5colorE
                0x03805dfc       0x14 C:\Program Files (x86)\VEX Robotics\VEXcode Pro V5\sdk/vexv5\libv5rt.a(vex_brain.cpp.obj)
                0x03805dfc                vex::brain::lcd::setPenColor(vex::color const&)
 .text._ZN3vex5brain3lcd12setFillColorERKNS_5colorE
                0x03805e10       0x38 C:\Program Files (x86)\VEX Robotics\VEXcode Pro V5\sdk/vexv5\libv5rt.a(vex_brain.cpp.obj)
                0x03805e10                vex::brain::lcd::setFillColor(vex::color const&)
 .text._ZN3vex5brain3lcd12_clearScreenEm
                0x03805e48       0x38 C:\Program Files (x86)\VEX Robotics\VEXcode Pro V5\sdk/vexv5\libv5rt.a(vex_brain.cpp.obj)
                0x03805e48                vex::brain::lcd::_clearScreen(unsigned long)
 .text._ZN3vex5brain3lcd11clearScreenERKNS_5colorE
                0x03805e80       0x20 C:\Program Files (x86)\VEX Robotics\VEXcode Pro V5\sdk/vexv5\libv5rt.a(vex_brain.cpp.obj)
                0x03805e80                vex::brain::lcd::clearScreen(vex::color const&)
 .text._ZN3vex5brain3lcd11clearScreenEv
                0x03805ea0       0x2c C:\Program Files (x86)\VEX Robotics\VEXcode Pro V5\sdk/vexv5\libv5rt.a(vex_brain.cpp.obj)
                0x03805ea0                vex::brain::lcd::clearScreen()
 .text._ZN3vex5brain3lcd9drawPixelEii
                0x03805ecc       0x14 C:\Program Files (x86)\VEX Robotics\VEXcode Pro V5\sdk/vexv5\libv5rt.a(vex_brain.cpp.obj)
                0x03805ecc                vex::brain::lcd::drawPixel(int, int)
 .text._ZN3vex5brain3lcd8drawLineEiiii
                0x03805ee0      0x2c4 C:\Program Files (x86)\VEX Robotics\VEXcode Pro V5\sdk/vexv5\libv5rt.a(vex_brain.cpp.obj)
                0x03805ee0                vex::brain::lcd::drawLine(int, int, int, int)
 .text._ZN3vex5brain3lcd13drawRectangleEiiii
                0x038061a4       0xdc C:\Program Files (x86)\VEX Robotics\VEXcode Pro V5\sdk/vexv5\libv5rt.a(vex_brain.cpp.obj)
                0x038061a4                vex::brain::lcd::drawRectangle(int, int, int, int)
 .text._ZN3vex5brain3lcd10drawCircleEiii
                0x03806280       0xa4 C:\Program Files (x86)\VEX Robotics\VEXcode Pro V5\sdk/vexv5\libv5rt.a(vex_brain.cpp.obj)
                0x03806280                vex::brain::lcd::drawCircle(int, int, int)
 .text._ZN3vex5brain3lcd10rowToPixelEl
                0x03806324       0x34 C:\Program Files (x86)\VEX Robotics\VEXcode Pro V5\sdk/vexv5\libv5rt.a(vex_brain.cpp.obj)
                0x03806324                vex::brain::lcd::rowToPixel(long)
 .text._ZN3vex5brain3lcd5printEPKcz
                0x03806358       0xb8 C:\Program Files (x86)\VEX Robotics\VEXcode Pro V5\sdk/vexv5\libv5rt.a(vex_brain.cpp.obj)
                0x03806358                vex::brain::lcd::print(char const*, ...)
 .text._ZN3vex5brain3lcd13webColorToRgbEPKc
                0x03806410       0x9c C:\Program Files (x86)\VEX Robotics\VEXcode Pro V5\sdk/vexv5\libv5rt.a(vex_brain.cpp.obj)
                0x03806410                vex::brain::lcd::webColorToRgb(char const*)
 .text._ZN3vex5brain3lcd11setPenColorEPKc
                0x038064ac       0x10 C:\Program Files (x86)\VEX Robotics\VEXcode Pro V5\sdk/vexv5\libv5rt.a(vex_brain.cpp.obj)
                0x038064ac                vex::brain::lcd::setPenColor(char const*)
 .text._ZN3vex5brain3lcd12setFillColorEPKc
                0x038064bc       0x1c C:\Program Files (x86)\VEX Robotics\VEXcode Pro V5\sdk/vexv5\libv5rt.a(vex_brain.cpp.obj)
                0x038064bc                vex::brain::lcd::setFillColor(char const*)
 .text._ZN3vex5brainD2Ev
                0x038064d8       0x20 C:\Program Files (x86)\VEX Robotics\VEXcode Pro V5\sdk/vexv5\libv5rt.a(vex_brain.cpp.obj)
                0x038064d8                vex::brain::~brain()
                0x038064d8                vex::brain::~brain()
 .text._ZN3vex11competition8_disableEPv
                0x038064f8       0xa4 C:\Program Files (x86)\VEX Robotics\VEXcode Pro V5\sdk/vexv5\libv5rt.a(vex_competition.cpp.obj)
                0x038064f8                vex::competition::_disable(void*)
 .text._ZN3vex11competition11_autonomousEv
                0x0380659c       0x80 C:\Program Files (x86)\VEX Robotics\VEXcode Pro V5\sdk/vexv5\libv5rt.a(vex_competition.cpp.obj)
                0x0380659c                vex::competition::_autonomous()
 .text._ZN3vex11competition14_drivercontrolEv
                0x0380661c       0x80 C:\Program Files (x86)\VEX Robotics\VEXcode Pro V5\sdk/vexv5\libv5rt.a(vex_competition.cpp.obj)
                0x0380661c                vex::competition::_drivercontrol()
 .text._ZN3vex11competitionC2Ev
                0x0380669c      0x13c C:\Program Files (x86)\VEX Robotics\VEXcode Pro V5\sdk/vexv5\libv5rt.a(vex_competition.cpp.obj)
                0x0380669c                vex::competition::competition()
                0x0380669c                vex::competition::competition()
 .text._ZN3vex11competitionD2Ev
                0x038067d8        0x4 C:\Program Files (x86)\VEX Robotics\VEXcode Pro V5\sdk/vexv5\libv5rt.a(vex_competition.cpp.obj)
                0x038067d8                vex::competition::~competition()
                0x038067d8                vex::competition::~competition()
 .text._ZN3vex11competition10autonomousEPFvvE
                0x038067dc       0x44 C:\Program Files (x86)\VEX Robotics\VEXcode Pro V5\sdk/vexv5\libv5rt.a(vex_competition.cpp.obj)
                0x038067dc                vex::competition::autonomous(void (*)())
 .text._ZN3vex11competition13drivercontrolEPFvvE
                0x03806820       0x44 C:\Program Files (x86)\VEX Robotics\VEXcode Pro V5\sdk/vexv5\libv5rt.a(vex_competition.cpp.obj)
                0x03806820                vex::competition::drivercontrol(void (*)())
 .text._ZN3vex7triportD2Ev
                0x03806864       0x38 C:\Program Files (x86)\VEX Robotics\VEXcode Pro V5\sdk/vexv5\libv5rt.a(vex_triport.cpp.obj)
                0x03806864                vex::triport::~triport()
                0x03806864                vex::triport::~triport()
 .text._ZN3vex7triportD0Ev
                0x0380689c       0x1c C:\Program Files (x86)\VEX Robotics\VEXcode Pro V5\sdk/vexv5\libv5rt.a(vex_triport.cpp.obj)
                0x0380689c                vex::triport::~triport()
 .text._ZN3vex7triport9installedEv
                0x038068b8       0x18 C:\Program Files (x86)\VEX Robotics\VEXcode Pro V5\sdk/vexv5\libv5rt.a(vex_triport.cpp.obj)
                0x038068b8                vex::triport::installed()
 .text._ZN3vex7triport4portC2ElPS0_
                0x038068d0       0x74 C:\Program Files (x86)\VEX Robotics\VEXcode Pro V5\sdk/vexv5\libv5rt.a(vex_triport.cpp.obj)
                0x038068d0                vex::triport::port::port(long, vex::triport*)
                0x038068d0                vex::triport::port::port(long, vex::triport*)
 .text._ZN3vex7triportC2El
                0x03806944       0xf0 C:\Program Files (x86)\VEX Robotics\VEXcode Pro V5\sdk/vexv5\libv5rt.a(vex_triport.cpp.obj)
                0x03806944                vex::triport::triport(long)
                0x03806944                vex::triport::triport(long)
 .text._ZN3vex7triport4port4typeENS_11triportTypeE
                0x03806a34       0x30 C:\Program Files (x86)\VEX Robotics\VEXcode Pro V5\sdk/vexv5\libv5rt.a(vex_triport.cpp.obj)
                0x03806a34                vex::triport::port::type(vex::triportType)
 .text._ZN3vex7triport4port4typeEv
                0x03806a64       0x38 C:\Program Files (x86)\VEX Robotics\VEXcode Pro V5\sdk/vexv5\libv5rt.a(vex_triport.cpp.obj)
                0x03806a64                vex::triport::port::type()
 .text._ZN3vex7triport4port5valueEv
                0x03806a9c       0x14 C:\Program Files (x86)\VEX Robotics\VEXcode Pro V5\sdk/vexv5\libv5rt.a(vex_triport.cpp.obj)
                0x03806a9c                vex::triport::port::value()
 .text._ZN3vex7triport4port5valueEl
                0x03806ab0       0x18 C:\Program Files (x86)\VEX Robotics\VEXcode Pro V5\sdk/vexv5\libv5rt.a(vex_triport.cpp.obj)
                0x03806ab0                vex::triport::port::value(long)
 .text._ZN3vex7triport4port11setRotationEdNS_13rotationUnitsE
                0x03806ac8       0x50 C:\Program Files (x86)\VEX Robotics\VEXcode Pro V5\sdk/vexv5\libv5rt.a(vex_triport.cpp.obj)
                0x03806ac8                vex::triport::port::setRotation(double, vex::rotationUnits)
 .text._ZN3vex7triport4port13resetRotationEv
                0x03806b18       0x20 C:\Program Files (x86)\VEX Robotics\VEXcode Pro V5\sdk/vexv5\libv5rt.a(vex_triport.cpp.obj)
                0x03806b18                vex::triport::port::resetRotation()
 .text._ZN3vex7triport4port8rotationENS_13rotationUnitsE
                0x03806b38       0x40 C:\Program Files (x86)\VEX Robotics\VEXcode Pro V5\sdk/vexv5\libv5rt.a(vex_triport.cpp.obj)
                0x03806b38                vex::triport::port::rotation(vex::rotationUnits)
 .text._ZN3vex11__trideviceC2ERNS_7triport4portENS_11triportTypeE
                0x03806b78       0x5c C:\Program Files (x86)\VEX Robotics\VEXcode Pro V5\sdk/vexv5\libv5rt.a(vex_triport.cpp.obj)
                0x03806b78                vex::__tridevice::__tridevice(vex::triport::port&, vex::triportType)
                0x03806b78                vex::__tridevice::__tridevice(vex::triport::port&, vex::triportType)
 .text._ZN3vex11digital_outC2ERNS_7triport4portE
                0x03806bd4       0x18 C:\Program Files (x86)\VEX Robotics\VEXcode Pro V5\sdk/vexv5\libv5rt.a(vex_triport.cpp.obj)
                0x03806bd4                vex::digital_out::digital_out(vex::triport::port&)
                0x03806bd4                vex::digital_out::digital_out(vex::triport::port&)
 .text._ZN3vex11digital_outD2Ev
                0x03806bec        0x4 C:\Program Files (x86)\VEX Robotics\VEXcode Pro V5\sdk/vexv5\libv5rt.a(vex_triport.cpp.obj)
                0x03806bec                vex::digital_out::~digital_out()
                0x03806bec                vex::digital_out::~digital_out()
 .text._ZN3vex11digital_out3setEb
                0x03806bf0        0x8 C:\Program Files (x86)\VEX Robotics\VEXcode Pro V5\sdk/vexv5\libv5rt.a(vex_triport.cpp.obj)
                0x03806bf0                vex::digital_out::set(bool)
 .text._ZN3vex7encoderC2ERNS_7triport4portE
                0x03806bf8       0x20 C:\Program Files (x86)\VEX Robotics\VEXcode Pro V5\sdk/vexv5\libv5rt.a(vex_triport.cpp.obj)
                0x03806bf8                vex::encoder::encoder(vex::triport::port&)
                0x03806bf8                vex::encoder::encoder(vex::triport::port&)
 .text._ZN3vex7encoderD2Ev
                0x03806c18        0x4 C:\Program Files (x86)\VEX Robotics\VEXcode Pro V5\sdk/vexv5\libv5rt.a(vex_triport.cpp.obj)
                0x03806c18                vex::encoder::~encoder()
                0x03806c18                vex::encoder::~encoder()
 .text._ZN3vex7encoder13resetRotationEv
                0x03806c1c        0x8 C:\Program Files (x86)\VEX Robotics\VEXcode Pro V5\sdk/vexv5\libv5rt.a(vex_triport.cpp.obj)
                0x03806c1c                vex::encoder::resetRotation()
 .text._ZN3vex7encoder11setPositionEdNS_13rotationUnitsE
                0x03806c24        0x8 C:\Program Files (x86)\VEX Robotics\VEXcode Pro V5\sdk/vexv5\libv5rt.a(vex_triport.cpp.obj)
                0x03806c24                vex::encoder::setPosition(double, vex::rotationUnits)
 .text._ZN3vex7encoder8positionENS_13rotationUnitsE
                0x03806c2c        0x8 C:\Program Files (x86)\VEX Robotics\VEXcode Pro V5\sdk/vexv5\libv5rt.a(vex_triport.cpp.obj)
                0x03806c2c                vex::encoder::position(vex::rotationUnits)
 .text._ZN3vex5colorD2Ev
                0x03806c34        0x4 C:\Program Files (x86)\VEX Robotics\VEXcode Pro V5\sdk/vexv5\libv5rt.a(vex_color.cpp.obj)
                0x03806c34                vex::color::~color()
                0x03806c34                vex::color::~color()
 .text._ZNK3vex5colorcvmEv
                0x03806c38        0x8 C:\Program Files (x86)\VEX Robotics\VEXcode Pro V5\sdk/vexv5\libv5rt.a(vex_color.cpp.obj)
                0x03806c38                vex::color::operator unsigned long() const
 .text._ZNK3vex5color13isTransparentEv
                0x03806c40        0x8 C:\Program Files (x86)\VEX Robotics\VEXcode Pro V5\sdk/vexv5\libv5rt.a(vex_color.cpp.obj)
                0x03806c40                vex::color::isTransparent() const
 .text.startup._GLOBAL__sub_I__ZN3vex5color5blackE
                0x03806c48      0x164 C:\Program Files (x86)\VEX Robotics\VEXcode Pro V5\sdk/vexv5\libv5rt.a(vex_color.cpp.obj)
 .text._ZN3vex5timerD2Ev
                0x03806dac        0x4 C:\Program Files (x86)\VEX Robotics\VEXcode Pro V5\sdk/vexv5\libv5rt.a(vex_timer.cpp.obj)
                0x03806dac                vex::timer::~timer()
                0x03806dac                vex::timer::~timer()
 .text._ZN3vex5timer5clearEv
                0x03806db0       0x1c C:\Program Files (x86)\VEX Robotics\VEXcode Pro V5\sdk/vexv5\libv5rt.a(vex_timer.cpp.obj)
                0x03806db0                vex::timer::clear()
 .text._ZN3vex5timerC2Ev
                0x03806dcc       0x14 C:\Program Files (x86)\VEX Robotics\VEXcode Pro V5\sdk/vexv5\libv5rt.a(vex_timer.cpp.obj)
                0x03806dcc                vex::timer::timer()
                0x03806dcc                vex::timer::timer()
 .text._ZNK3vex5timer4timeENS_9timeUnitsE
                0x03806de0       0x40 C:\Program Files (x86)\VEX Robotics\VEXcode Pro V5\sdk/vexv5\libv5rt.a(vex_timer.cpp.obj)
                0x03806de0                vex::timer::time(vex::timeUnits) const
 .text.vexAdiPortConfigSet
                0x03806e20       0x28 C:\Program Files (x86)\VEX Robotics\VEXcode Pro V5\sdk/vexv5\libv5rt.a(v5_apiuser.c.obj)
                0x03806e20                vexAdiPortConfigSet
 .text.vexAdiPortConfigGet
                0x03806e48       0x28 C:\Program Files (x86)\VEX Robotics\VEXcode Pro V5\sdk/vexv5\libv5rt.a(v5_apiuser.c.obj)
                0x03806e48                vexAdiPortConfigGet
 .text.vexAdiValueSet
                0x03806e70       0x28 C:\Program Files (x86)\VEX Robotics\VEXcode Pro V5\sdk/vexv5\libv5rt.a(v5_apiuser.c.obj)
                0x03806e70                vexAdiValueSet
 .text.vexAdiValueGet
                0x03806e98       0x20 C:\Program Files (x86)\VEX Robotics\VEXcode Pro V5\sdk/vexv5\libv5rt.a(v5_apiuser.c.obj)
                0x03806e98                vexAdiValueGet
 .text.vexMotorVelocitySet
                0x03806eb8       0x20 C:\Program Files (x86)\VEX Robotics\VEXcode Pro V5\sdk/vexv5\libv5rt.a(v5_apiuser.c.obj)
                0x03806eb8                vexMotorVelocitySet
 .text.vexMotorVoltageSet
                0x03806ed8       0x20 C:\Program Files (x86)\VEX Robotics\VEXcode Pro V5\sdk/vexv5\libv5rt.a(v5_apiuser.c.obj)
                0x03806ed8                vexMotorVoltageSet
 .text.vexMotorActualVelocityGet
                0x03806ef8       0x24 C:\Program Files (x86)\VEX Robotics\VEXcode Pro V5\sdk/vexv5\libv5rt.a(v5_apiuser.c.obj)
                0x03806ef8                vexMotorActualVelocityGet
 .text.vexMotorReverseFlagSet
                0x03806f1c       0x20 C:\Program Files (x86)\VEX Robotics\VEXcode Pro V5\sdk/vexv5\libv5rt.a(v5_apiuser.c.obj)
                0x03806f1c                vexMotorReverseFlagSet
 .text.vexMotorEncoderUnitsSet
                0x03806f3c       0x20 C:\Program Files (x86)\VEX Robotics\VEXcode Pro V5\sdk/vexv5\libv5rt.a(v5_apiuser.c.obj)
                0x03806f3c                vexMotorEncoderUnitsSet
 .text.vexMotorBrakeModeSet
                0x03806f5c       0x20 C:\Program Files (x86)\VEX Robotics\VEXcode Pro V5\sdk/vexv5\libv5rt.a(v5_apiuser.c.obj)
                0x03806f5c                vexMotorBrakeModeSet
 .text.vexMotorPositionSet
                0x03806f7c       0x28 C:\Program Files (x86)\VEX Robotics\VEXcode Pro V5\sdk/vexv5\libv5rt.a(v5_apiuser.c.obj)
                0x03806f7c                vexMotorPositionSet
 .text.vexMotorGearingSet
                0x03806fa4       0x20 C:\Program Files (x86)\VEX Robotics\VEXcode Pro V5\sdk/vexv5\libv5rt.a(v5_apiuser.c.obj)
                0x03806fa4                vexMotorGearingSet
 .text.vexMotorGearingGet
                0x03806fc4       0x18 C:\Program Files (x86)\VEX Robotics\VEXcode Pro V5\sdk/vexv5\libv5rt.a(v5_apiuser.c.obj)
                0x03806fc4                vexMotorGearingGet
 .text.vexImuReset
                0x03806fdc       0x10 C:\Program Files (x86)\VEX Robotics\VEXcode Pro V5\sdk/vexv5\libv5rt.a(v5_apiuser.c.obj)
                0x03806fdc                vexImuReset
 .text.vexImuHeadingGet
                0x03806fec       0x10 C:\Program Files (x86)\VEX Robotics\VEXcode Pro V5\sdk/vexv5\libv5rt.a(v5_apiuser.c.obj)
                0x03806fec                vexImuHeadingGet
 .text.vexImuDegreesGet
                0x03806ffc       0x10 C:\Program Files (x86)\VEX Robotics\VEXcode Pro V5\sdk/vexv5\libv5rt.a(v5_apiuser.c.obj)
                0x03806ffc                vexImuDegreesGet
 .text.vexImuStatusGet
                0x0380700c       0x10 C:\Program Files (x86)\VEX Robotics\VEXcode Pro V5\sdk/vexv5\libv5rt.a(v5_apiuser.c.obj)
                0x0380700c                vexImuStatusGet
 .text.vexAbsEncPositionSet
                0x0380701c       0x18 C:\Program Files (x86)\VEX Robotics\VEXcode Pro V5\sdk/vexv5\libv5rt.a(v5_apiuser.c.obj)
                0x0380701c                vexAbsEncPositionSet
 .text.vexAbsEncPositionGet
                0x03807034       0x10 C:\Program Files (x86)\VEX Robotics\VEXcode Pro V5\sdk/vexv5\libv5rt.a(v5_apiuser.c.obj)
                0x03807034                vexAbsEncPositionGet
 .text.vexAbsEncVelocityGet
                0x03807044       0x10 C:\Program Files (x86)\VEX Robotics\VEXcode Pro V5\sdk/vexv5\libv5rt.a(v5_apiuser.c.obj)
                0x03807044                vexAbsEncVelocityGet
 .text.vexAbsEncAngleGet
                0x03807054       0x10 C:\Program Files (x86)\VEX Robotics\VEXcode Pro V5\sdk/vexv5\libv5rt.a(v5_apiuser.c.obj)
                0x03807054                vexAbsEncAngleGet
 .text.vexAbsEncReverseFlagSet
                0x03807064       0x18 C:\Program Files (x86)\VEX Robotics\VEXcode Pro V5\sdk/vexv5\libv5rt.a(v5_apiuser.c.obj)
                0x03807064                vexAbsEncReverseFlagSet
 .text.vexEventMaskSet
                0x0380707c       0x28 C:\Program Files (x86)\VEX Robotics\VEXcode Pro V5\sdk/vexv5\libv5rt.a(v5_apiuser.c.obj)
                0x0380707c                vexEventMaskSet
 .text.vexEventMaskGet
                0x038070a4       0x18 C:\Program Files (x86)\VEX Robotics\VEXcode Pro V5\sdk/vexv5\libv5rt.a(v5_apiuser.c.obj)
                0x038070a4                vexEventMaskGet
 .text.vexEventBitsSet
                0x038070bc       0x28 C:\Program Files (x86)\VEX Robotics\VEXcode Pro V5\sdk/vexv5\libv5rt.a(v5_apiuser.c.obj)
                0x038070bc                vexEventBitsSet
 .text.vexEventBitsGet
                0x038070e4       0x18 C:\Program Files (x86)\VEX Robotics\VEXcode Pro V5\sdk/vexv5\libv5rt.a(v5_apiuser.c.obj)
                0x038070e4                vexEventBitsGet
 .text._ZN3vex6deviceD2Ev
                0x038070fc        0x4 C:\Program Files (x86)\VEX Robotics\VEXcode Pro V5\sdk/vexv5\libv5rt.a(vex_device.cpp.obj)
                0x038070fc                vex::device::~device()
                0x038070fc                vex::device::~device()
 .text._ZN3vex6device5valueEv
                0x03807100        0x8 C:\Program Files (x86)\VEX Robotics\VEXcode Pro V5\sdk/vexv5\libv5rt.a(vex_device.cpp.obj)
                0x03807100                vex::device::value()
 .text._ZN3vex6deviceD0Ev
                0x03807108       0x14 C:\Program Files (x86)\VEX Robotics\VEXcode Pro V5\sdk/vexv5\libv5rt.a(vex_device.cpp.obj)
                0x03807108                vex::device::~device()
 .text._ZN3vex6device4initEl
                0x0380711c       0x30 C:\Program Files (x86)\VEX Robotics\VEXcode Pro V5\sdk/vexv5\libv5rt.a(vex_device.cpp.obj)
                0x0380711c                vex::device::init(long)
 .text._ZN3vex6deviceC2El
                0x0380714c       0x20 C:\Program Files (x86)\VEX Robotics\VEXcode Pro V5\sdk/vexv5\libv5rt.a(vex_device.cpp.obj)
                0x0380714c                vex::device::device(long)
                0x0380714c                vex::device::device(long)
 .text._ZN3vex6device4typeEv
                0x0380716c       0x10 C:\Program Files (x86)\VEX Robotics\VEXcode Pro V5\sdk/vexv5\libv5rt.a(vex_device.cpp.obj)
                0x0380716c                vex::device::type()
 .text._ZN3vex6device9installedEv
                0x0380717c       0x14 C:\Program Files (x86)\VEX Robotics\VEXcode Pro V5\sdk/vexv5\libv5rt.a(vex_device.cpp.obj)
                0x0380717c                vex::device::installed()
 .text.__libc_fini_array
                0x03807190       0x30 C:\Program Files (x86)\VEX Robotics\VEXcode Pro V5\sdk/vexv5/gcc/libs\libc.a(lib_a-fini.o)
                0x03807190                __libc_fini_array
 .text.__libc_init_array
                0x038071c0       0x58 C:\Program Files (x86)\VEX Robotics\VEXcode Pro V5\sdk/vexv5/gcc/libs\libc.a(lib_a-init.o)
                0x038071c0                __libc_init_array
 .text.__signbitf
                0x03807218        0x4 C:\Program Files (x86)\VEX Robotics\VEXcode Pro V5\sdk/vexv5/gcc/libs\libm.a(lib_a-s_signbit.o)
                0x03807218                __signbitf
 *fill*         0x0380721c        0x4 
 .text.__signbitf.__stub
                0x03807220       0x18 linker stubs
 *(.gnu.linkonce.t.*)
 *(.plt)
 *(.gnu_warning)
 *(.gcc_except_table)
 *(.glue_7)
 .glue_7        0x00000000        0x0 linker stubs
 *(.glue_7t)
 .glue_7t       0x00000000        0x0 linker stubs
 *(.vfp11_veneer)
 .vfp11_veneer  0x00000000        0x0 linker stubs
 *(.ARM.extab)
 *(.gnu.linkonce.armextab.*)

.v4_bx          0x03807238        0x0
 .v4_bx         0x00000000        0x0 linker stubs

.iplt           0x03807238        0x0
 .iplt          0x00000000        0x0 build/src/chassis-control.o

.init
 *(.init)

.fini
 *(.fini)

.rodata         0x03807238      0x314
                0x03807238                __rodata_start = .
 *(.rodata)
 *(.rodata.*)
 .rodata.str1.1
                0x03807238       0xa7 build/src/chassis-control.o
 .rodata.str1.1
                0x038072df        0x6 build/src/main.o
 .rodata.str1.1
                0x038072e5       0x34 build/src/draw-field.o
 .rodata.str1.1
                0x03807319        0x5 build/src/flywheel.o
 .rodata.str1.1
                0x0380731e       0x1a build/src/odometry.o
 .rodata.str1.1
                0x03807338       0x2e C:\Program Files (x86)\VEX Robotics\VEXcode Pro V5\sdk/vexv5\libv5rt.a(v5_startup.c.obj)
 *fill*         0x03807366        0x2 
 .rodata._ZN3vex6PORT20E
                0x03807368        0x4 C:\Program Files (x86)\VEX Robotics\VEXcode Pro V5\sdk/vexv5\libv5rt.a(vex_global.cpp.obj)
                0x03807368                vex::PORT20
 .rodata._ZN3vex3revE
                0x0380736c        0x4 C:\Program Files (x86)\VEX Robotics\VEXcode Pro V5\sdk/vexv5\libv5rt.a(vex_global.cpp.obj)
                0x0380736c                vex::rev
 .rodata._ZN3vex3fwdE
                0x03807370        0x4 C:\Program Files (x86)\VEX Robotics\VEXcode Pro V5\sdk/vexv5\libv5rt.a(vex_global.cpp.obj)
                0x03807370                vex::fwd
 .rodata._ZN3vex5PORT3E
                0x03807374        0x4 C:\Program Files (x86)\VEX Robotics\VEXcode Pro V5\sdk/vexv5\libv5rt.a(vex_global.cpp.obj)
                0x03807374                vex::PORT3
 .rodata._ZN3vex5PORT1E
                0x03807378        0x4 C:\Program Files (x86)\VEX Robotics\VEXcode Pro V5\sdk/vexv5\libv5rt.a(vex_global.cpp.obj)
                0x03807378                vex::PORT1
 .rodata._ZN3vex7reverseE
                0x0380737c        0x4 C:\Program Files (x86)\VEX Robotics\VEXcode Pro V5\sdk/vexv5\libv5rt.a(vex_global.cpp.obj)
                0x0380737c                vex::reverse
 .rodata._ZN3vex4voltE
                0x03807380        0x4 C:\Program Files (x86)\VEX Robotics\VEXcode Pro V5\sdk/vexv5\libv5rt.a(vex_global.cpp.obj)
                0x03807380                vex::volt
 .rodata._ZN3vex6PORT10E
                0x03807384        0x4 C:\Program Files (x86)\VEX Robotics\VEXcode Pro V5\sdk/vexv5\libv5rt.a(vex_global.cpp.obj)
                0x03807384                vex::PORT10
 .rodata._ZN3vex5PORT5E
                0x03807388        0x4 C:\Program Files (x86)\VEX Robotics\VEXcode Pro V5\sdk/vexv5\libv5rt.a(vex_global.cpp.obj)
                0x03807388                vex::PORT5
 .rodata._ZN3vex3pctE
                0x0380738c        0x4 C:\Program Files (x86)\VEX Robotics\VEXcode Pro V5\sdk/vexv5\libv5rt.a(vex_global.cpp.obj)
                0x0380738c                vex::pct
 .rodata._ZN3vex3redE
                0x03807390        0x4 C:\Program Files (x86)\VEX Robotics\VEXcode Pro V5\sdk/vexv5\libv5rt.a(vex_global.cpp.obj)
                0x03807390                vex::red
 .rodata._ZN3vex5blackE
                0x03807394        0x4 C:\Program Files (x86)\VEX Robotics\VEXcode Pro V5\sdk/vexv5\libv5rt.a(vex_global.cpp.obj)
                0x03807394                vex::black
 .rodata._ZN3vex4msecE
                0x03807398        0x4 C:\Program Files (x86)\VEX Robotics\VEXcode Pro V5\sdk/vexv5\libv5rt.a(vex_global.cpp.obj)
                0x03807398                vex::msec
 .rodata._ZN3vex6PORT18E
                0x0380739c        0x4 C:\Program Files (x86)\VEX Robotics\VEXcode Pro V5\sdk/vexv5\libv5rt.a(vex_global.cpp.obj)
                0x0380739c                vex::PORT18
 .rodata._ZN3vex4blueE
                0x038073a0        0x4 C:\Program Files (x86)\VEX Robotics\VEXcode Pro V5\sdk/vexv5\libv5rt.a(vex_global.cpp.obj)
                0x038073a0                vex::blue
 .rodata._ZN3vex5PORT2E
                0x038073a4        0x4 C:\Program Files (x86)\VEX Robotics\VEXcode Pro V5\sdk/vexv5\libv5rt.a(vex_global.cpp.obj)
                0x038073a4                vex::PORT2
 .rodata._ZN3vex3rpmE
                0x038073a8        0x4 C:\Program Files (x86)\VEX Robotics\VEXcode Pro V5\sdk/vexv5\libv5rt.a(vex_global.cpp.obj)
                0x038073a8                vex::rpm
 .rodata._ZN3vex6PORT11E
                0x038073ac        0x4 C:\Program Files (x86)\VEX Robotics\VEXcode Pro V5\sdk/vexv5\libv5rt.a(vex_global.cpp.obj)
                0x038073ac                vex::PORT11
 .rodata._ZN3vex5PORT6E
                0x038073b0        0x4 C:\Program Files (x86)\VEX Robotics\VEXcode Pro V5\sdk/vexv5\libv5rt.a(vex_global.cpp.obj)
                0x038073b0                vex::PORT6
 .rodata._ZN3vex7primaryE
                0x038073b4        0x4 C:\Program Files (x86)\VEX Robotics\VEXcode Pro V5\sdk/vexv5\libv5rt.a(vex_global.cpp.obj)
                0x038073b4                vex::primary
 .rodata._ZN3vex5greenE
                0x038073b8        0x4 C:\Program Files (x86)\VEX Robotics\VEXcode Pro V5\sdk/vexv5\libv5rt.a(vex_global.cpp.obj)
                0x038073b8                vex::green
 .rodata._ZN3vex6PORT15E
                0x038073bc        0x4 C:\Program Files (x86)\VEX Robotics\VEXcode Pro V5\sdk/vexv5\libv5rt.a(vex_global.cpp.obj)
                0x038073bc                vex::PORT15
 .rodata._ZN3vex7degreesE
                0x038073c0        0x4 C:\Program Files (x86)\VEX Robotics\VEXcode Pro V5\sdk/vexv5\libv5rt.a(vex_global.cpp.obj)
                0x038073c0                vex::degrees
 .rodata._ZN3vex6PORT22E
                0x038073c4        0x4 C:\Program Files (x86)\VEX Robotics\VEXcode Pro V5\sdk/vexv5\libv5rt.a(vex_global.cpp.obj)
                0x038073c4                vex::PORT22
 .rodata._ZN3vex6PORT16E
                0x038073c8        0x4 C:\Program Files (x86)\VEX Robotics\VEXcode Pro V5\sdk/vexv5\libv5rt.a(vex_global.cpp.obj)
                0x038073c8                vex::PORT16
 .rodata._ZN3vex8ratio6_1E
                0x038073cc        0x4 C:\Program Files (x86)\VEX Robotics\VEXcode Pro V5\sdk/vexv5\libv5rt.a(vex_global.cpp.obj)
                0x038073cc                vex::ratio6_1
 .rodata._ZN3vex5brakeE
                0x038073d0        0x4 C:\Program Files (x86)\VEX Robotics\VEXcode Pro V5\sdk/vexv5\libv5rt.a(vex_global.cpp.obj)
                0x038073d0                vex::brake
 .rodata._ZN3vex5coastE
                0x038073d4        0x4 C:\Program Files (x86)\VEX Robotics\VEXcode Pro V5\sdk/vexv5\libv5rt.a(vex_global.cpp.obj)
                0x038073d4                vex::coast
 .rodata._ZN3vex9ratio18_1E
                0x038073d8        0x4 C:\Program Files (x86)\VEX Robotics\VEXcode Pro V5\sdk/vexv5\libv5rt.a(vex_global.cpp.obj)
                0x038073d8                vex::ratio18_1
 *fill*         0x038073dc        0x4 
 .rodata._ZTVN3vex5motorE
                0x038073e0       0x18 C:\Program Files (x86)\VEX Robotics\VEXcode Pro V5\sdk/vexv5\libv5rt.a(vex_motor.cpp.obj)
                0x038073e0                vtable for vex::motor
 .rodata._ZTVN3vex8inertialE
                0x038073f8       0x68 C:\Program Files (x86)\VEX Robotics\VEXcode Pro V5\sdk/vexv5\libv5rt.a(vex_imu.cpp.obj)
                0x038073f8                vtable for vex::inertial
 .rodata._ZTVN3vex8rotationE
                0x03807460       0x18 C:\Program Files (x86)\VEX Robotics\VEXcode Pro V5\sdk/vexv5\libv5rt.a(vex_rotation.cpp.obj)
                0x03807460                vtable for vex::rotation
 .rodata.str1.1
                0x03807478       0x1f C:\Program Files (x86)\VEX Robotics\VEXcode Pro V5\sdk/vexv5\libv5rt.a(vex_controller.cpp.obj)
                                 0x20 (size before relaxing)
 .rodata.CSWTCH.16
                0x03807497        0xb C:\Program Files (x86)\VEX Robotics\VEXcode Pro V5\sdk/vexv5\libv5rt.a(vex_controller.cpp.obj)
 .rodata.CSWTCH.18
                0x038074a2        0xb C:\Program Files (x86)\VEX Robotics\VEXcode Pro V5\sdk/vexv5\libv5rt.a(vex_controller.cpp.obj)
 .rodata.CSWTCH.24
                0x038074ad        0x3 C:\Program Files (x86)\VEX Robotics\VEXcode Pro V5\sdk/vexv5\libv5rt.a(vex_controller.cpp.obj)
 .rodata.str1.1
                0x038074b0       0x14 C:\Program Files (x86)\VEX Robotics\VEXcode Pro V5\sdk/vexv5\libv5rt.a(vex_task.cpp.obj)
 .rodata.str1.1
                0x038074c4       0x2d C:\Program Files (x86)\VEX Robotics\VEXcode Pro V5\sdk/vexv5\libv5rt.a(vex_brain.cpp.obj)
 .rodata.CSWTCH.36
                0x038074f1       0x10 C:\Program Files (x86)\VEX Robotics\VEXcode Pro V5\sdk/vexv5\libv5rt.a(vex_triport.cpp.obj)
 *fill*         0x03807501        0x7 
 .rodata._ZTVN3vex7triportE
                0x03807508       0x18 C:\Program Files (x86)\VEX Robotics\VEXcode Pro V5\sdk/vexv5\libv5rt.a(vex_triport.cpp.obj)
                0x03807508                vtable for vex::triport
 .rodata.CSWTCH.31
                0x03807520        0xe C:\Program Files (x86)\VEX Robotics\VEXcode Pro V5\sdk/vexv5\libv5rt.a(vex_triport.cpp.obj)
 *fill*         0x0380752e        0x2 
 .rodata._ZTVN3vex6deviceE
                0x03807530       0x18 C:\Program Files (x86)\VEX Robotics\VEXcode Pro V5\sdk/vexv5\libv5rt.a(vex_device.cpp.obj)
                0x03807530                vtable for vex::device
 .rodata.str1.4
                0x03807548        0x4 C:\Program Files (x86)\VEX Robotics\VEXcode Pro V5\sdk/vexv5/gcc/libs\libc.a(lib_a-impure.o)
                                  0x2 (size before relaxing)
 *(.gnu.linkonce.r.*)
                0x0380754c                __rodata_end = .

.rodata1        0x0380754c        0x0
                0x0380754c                __rodata1_start = .
 *(.rodata1)
 *(.rodata1.*)
                0x0380754c                __rodata1_end = .

.sdata2         0x0380754c        0x0
                0x0380754c                __sdata2_start = .
 *(.sdata2)
 *(.sdata2.*)
 *(.gnu.linkonce.s2.*)
                0x0380754c                __sdata2_end = .

.sbss2          0x0380754c        0x0
                0x0380754c                __sbss2_start = .
 *(.sbss2)
 *(.sbss2.*)
 *(.gnu.linkonce.sb2.*)
                0x0380754c                __sbss2_end = .

.data           0x03807550      0x504
                0x03807550                __data_start = .
 *(.data)
 *(.data.*)
 .data.timeOutValue
                0x03807550        0x4 build/src/chassis-control.o
                0x03807550                timeOutValue
 *fill*         0x03807554        0x4 
 .data.maxAllowedSpeed
                0x03807558        0x8 build/src/chassis-control.o
                0x03807558                maxAllowedSpeed
 .data.turnkI   0x03807560        0x8 build/src/chassis-control.o
                0x03807560                turnkI
 .data.driveMaxError
                0x03807568        0x8 build/src/chassis-control.o
                0x03807568                driveMaxError
 .data.driveIntegralBound
                0x03807570        0x8 build/src/chassis-control.o
                0x03807570                driveIntegralBound
 .data.drivekP  0x03807578        0x8 build/src/chassis-control.o
                0x03807578                drivekP
 .data.drivekI  0x03807580        0x8 build/src/chassis-control.o
                0x03807580                drivekI
 .data.drivekD  0x03807588        0x8 build/src/chassis-control.o
                0x03807588                drivekD
 .data.turnMaxError
                0x03807590        0x8 build/src/chassis-control.o
                0x03807590                turnMaxError
 .data.turnIntegralBound
                0x03807598        0x8 build/src/chassis-control.o
                0x03807598                turnIntegralBound
 .data.turnkP   0x038075a0        0x8 build/src/chassis-control.o
                0x038075a0                turnkP
 .data.turnkD   0x038075a8        0x8 build/src/chassis-control.o
                0x038075a8                turnkD
 .data.maxRestTime
                0x038075b0        0x4 build/src/chassis-control.o
                0x038075b0                maxRestTime
 *fill*         0x038075b4        0x4 
 .data.goalSize
                0x038075b8        0x8 build/src/draw-field.o
                0x038075b8                goalSize
 .data.robotSize
                0x038075c0        0x4 build/src/draw-field.o
                0x038075c0                robotSize
 *fill*         0x038075c4        0x4 
 .data.FW_MAX_POWER
                0x038075c8        0x8 build/src/flywheel.o
                0x038075c8                FW_MAX_POWER
 .data.flywheelVoltage
                0x038075d0        0x8 build/src/flywheel.o
                0x038075d0                flywheelVoltage
 .data.flyIntegralBound
                0x038075d8        0x8 build/src/flywheel.o
                0x038075d8                flyIntegralBound
 .data.flykP    0x038075e0        0x8 build/src/flywheel.o
                0x038075e0                flykP
 .data.targetVelocity
                0x038075e8        0x8 build/src/flywheel.o
                0x038075e8                targetVelocity
 .data.WHEEL_RADIUS
                0x038075f0        0x8 build/src/odometry.o
                0x038075f0                WHEEL_RADIUS
 .data.THETA_START
                0x038075f8        0x8 build/src/odometry.o
                0x038075f8                THETA_START
 .data.X_START  0x03807600        0x8 build/src/odometry.o
                0x03807600                X_START
 .data.Y_START  0x03807608        0x8 build/src/odometry.o
                0x03807608                Y_START
 .data.STrackRadius
                0x03807610        0x8 build/src/odometry.o
                0x03807610                STrackRadius
 .data.appRunning
                0x03807618        0x4 C:\Program Files (x86)\VEX Robotics\VEXcode Pro V5\sdk/vexv5\libv5rt.a(v5_startup.c.obj)
                0x03807618                appRunning
 .data.__yoff   0x0380761c        0x4 C:\Program Files (x86)\VEX Robotics\VEXcode Pro V5\sdk/vexv5\libv5rt.a(v5_apijump.c.obj)
 .data._ZN3vex24__default_motor_velocityE
                0x03807620        0x4 C:\Program Files (x86)\VEX Robotics\VEXcode Pro V5\sdk/vexv5\libv5rt.a(vex_motor.cpp.obj)
                0x03807620                vex::__default_motor_velocity
 *fill*         0x03807624        0x4 
 .data.impure_data
                0x03807628      0x428 C:\Program Files (x86)\VEX Robotics\VEXcode Pro V5\sdk/vexv5/gcc/libs\libc.a(lib_a-impure.o)
 .data._impure_ptr
                0x03807a50        0x4 C:\Program Files (x86)\VEX Robotics\VEXcode Pro V5\sdk/vexv5/gcc/libs\libc.a(lib_a-impure.o)
                0x03807a50                _impure_ptr
 *(.gnu.linkonce.d.*)
 *(.jcr)
 *(.got)
 *(.got.plt)
                0x03807a54                __data_end = .

.igot.plt       0x03807a54        0x0
 .igot.plt      0x00000000        0x0 build/src/chassis-control.o

.data1          0x03807a54        0x0
                0x03807a54                __data1_start = .
 *(.data1)
 *(.data1.*)
                0x03807a54                __data1_end = .

.got
 *(.got)

.ctors          0x03807a54        0x0
                0x03807a54                __CTOR_LIST__ = .
                0x03807a54                ___CTORS_LIST___ = .
 *crtbegin.o(.ctors)
 *(EXCLUDE_FILE(*crtend.o) .ctors)
 *(SORT(.ctors.*))
 *(.ctors)
                0x03807a54                __CTOR_END__ = .
                0x03807a54                ___CTORS_END___ = .

.dtors          0x03807a54        0x0
                0x03807a54                __DTOR_LIST__ = .
                0x03807a54                ___DTORS_LIST___ = .
 *crtbegin.o(.dtors)
 *(EXCLUDE_FILE(*crtend.o) .dtors)
 *(SORT(.dtors.*))
 *(.dtors)
                0x03807a54                __DTOR_END__ = .
                0x03807a54                ___DTORS_END___ = .

.fixup          0x03807a54        0x0
                0x03807a54                __fixup_start = .
 *(.fixup)
                0x03807a54                __fixup_end = .

.eh_frame
 *(.eh_frame)

.eh_framehdr    0x03807a54        0x0
                0x03807a54                __eh_framehdr_start = .
 *(.eh_framehdr)
                0x03807a54                __eh_framehdr_end = .

.gcc_except_table
 *(.gcc_except_table)

.mmu_tbl        0x03808000        0x0
                0x03808000                __mmu_tbl_start = .
 *(.mmu_tbl)
                0x03808000                __mmu_tbl_end = .

.ARM.exidx      0x03807a54        0x8
                0x03807a54                __exidx_start = .
 *(.ARM.exidx*)
 .ARM.exidx.text._Z11directDriveddd
                0x03807a54        0x8 build/src/chassis-control.o
 .ARM.exidx.text._Z6turnTodd
                0x03807a5c        0x0 build/src/chassis-control.o
                                  0x8 (size before relaxing)
 .ARM.exidx.text._Z8drivePIDv
                0x03807a5c        0x0 build/src/chassis-control.o
                                  0x8 (size before relaxing)
 .ARM.exidx.text._Z7turnPIDv
                0x03807a5c        0x0 build/src/chassis-control.o
                                  0x8 (size before relaxing)
 .ARM.exidx.text._Z14chassisControlv
                0x03807a5c        0x0 build/src/chassis-control.o
                                  0x8 (size before relaxing)
 .ARM.exidx.text._GLOBAL__sub_I_chassis_control.cpp
                0x03807a5c        0x0 build/src/chassis-control.o
                                  0x8 (size before relaxing)
 .ARM.exidx.text._Z9pre_autonv
                0x03807a5c        0x0 build/src/main.o
                                  0x8 (size before relaxing)
 .ARM.exidx.text._Z12driveForDistdid
                0x03807a5c        0x0 build/src/main.o
                                  0x8 (size before relaxing)
 .ARM.exidx.text._Z11turnToAngleii
                0x03807a5c        0x0 build/src/main.o
                                  0x8 (size before relaxing)
 .ARM.exidx.text._Z5cyclev
                0x03807a5c        0x0 build/src/main.o
                                  0x8 (size before relaxing)
 .ARM.exidx.text._Z9skillsOnev
                0x03807a5c        0x0 build/src/main.o
                                  0x8 (size before relaxing)
 .ARM.exidx.text._Z10autonomousv
                0x03807a5c        0x0 build/src/main.o
                                  0x8 (size before relaxing)
 .ARM.exidx.text._Z13intakeControlv
                0x03807a5c        0x0 build/src/main.o
                                  0x8 (size before relaxing)
 .ARM.exidx.text._Z15flywheelControlv
                0x03807a5c        0x0 build/src/main.o
                                  0x8 (size before relaxing)
 .ARM.exidx.text._Z14shooterControlv
                0x03807a5c        0x0 build/src/main.o
                                  0x8 (size before relaxing)
 .ARM.exidx.text._Z14endgameControlv
                0x03807a5c        0x0 build/src/main.o
                                  0x8 (size before relaxing)
 .ARM.exidx.text._Z9tankDrivev
                0x03807a5c        0x0 build/src/main.o
                                  0x8 (size before relaxing)
 .ARM.exidx.text._Z11usercontrolv
                0x03807a5c        0x0 build/src/main.o
                                  0x8 (size before relaxing)
 .ARM.exidx.text.main
                0x03807a5c        0x0 build/src/main.o
                                  0x8 (size before relaxing)
 .ARM.exidx.text._GLOBAL__sub_I_main.cpp
                0x03807a5c        0x0 build/src/main.o
                                  0x8 (size before relaxing)
 .ARM.exidx.text._Z11drawRedGoalii
                0x03807a5c        0x0 build/src/draw-field.o
                                  0x8 (size before relaxing)
 .ARM.exidx.text._Z12drawBlueGoalii
                0x03807a5c        0x0 build/src/draw-field.o
                                  0x8 (size before relaxing)
 .ARM.exidx.text._Z9drawFieldv
                0x03807a5c        0x0 build/src/draw-field.o
                                  0x8 (size before relaxing)
 .ARM.exidx.text._Z10FwMotorSetd
                0x03807a5c        0x0 build/src/flywheel.o
                                  0x8 (size before relaxing)
 .ARM.exidx.text._Z13FwVelocitySetif
                0x03807a5c        0x0 build/src/flywheel.o
                                  0x8 (size before relaxing)
 .ARM.exidx.text._Z26FwControlUpdateVelocityTbhv
                0x03807a5c        0x0 build/src/flywheel.o
                                  0x8 (size before relaxing)
 .ARM.exidx.text._Z11flyWheelPIDv
                0x03807a5c        0x0 build/src/flywheel.o
                                  0x8 (size before relaxing)
 .ARM.exidx.text._Z13FwControlTaskv
                0x03807a5c        0x0 build/src/flywheel.o
                                  0x8 (size before relaxing)
 .ARM.exidx.text._GLOBAL__sub_I_flywheel.cpp
                0x03807a5c        0x0 build/src/flywheel.o
                                  0x8 (size before relaxing)
 .ARM.exidx.text._Z11vexcodeInitv
                0x03807a5c        0x0 build/src/robot-config.o
                                  0x8 (size before relaxing)
 .ARM.exidx.text._GLOBAL__sub_I_robot_config.cpp
                0x03807a5c        0x0 build/src/robot-config.o
                                  0x8 (size before relaxing)
 .ARM.exidx.text._Z16positionTrackingv
                0x03807a5c        0x0 build/src/odometry.o
                                  0x8 (size before relaxing)
 .ARM.exidx.text._GLOBAL__sub_I_odometry.cpp
                0x03807a5c        0x0 build/src/odometry.o
                                  0x8 (size before relaxing)
 *(.gnu.linkonce.armexidix.*.*)
                0x03807a5c                __exidx_end = .

.rel.dyn        0x03807a5c        0x0
 .rel.iplt      0x00000000        0x0 build/src/chassis-control.o

.preinit_array  0x03807a5c        0x0
                0x03807a5c                __preinit_array_start = .
 *(SORT(.preinit_array.*))
 *(.preinit_array)