Archive member included because of file (symbol)

C:\Program Files (x86)\VEX Robotics\VEXcode Pro V5\sdk/vexv5\libv5rt.a(v5_startup.c.obj)
                              (vexStartup)
C:\Program Files (x86)\VEX Robotics\VEXcode Pro V5\sdk/vexv5\libv5rt.a(v5_util.c.obj)
                              C:\Program Files (x86)\VEX Robotics\VEXcode Pro V5\sdk/vexv5\libv5rt.a(v5_startup.c.obj) (vexStdlibVersionLinked)
C:\Program Files (x86)\VEX Robotics\VEXcode Pro V5\sdk/vexv5\libv5rt.a(v5_apijump.c.obj)
                              C:\Program Files (x86)\VEX Robotics\VEXcode Pro V5\sdk/vexv5\libv5rt.a(v5_startup.c.obj) (vexPrivateApiEnable)
C:\Program Files (x86)\VEX Robotics\VEXcode Pro V5\sdk/vexv5\libv5rt.a(v5_apiversions.c.obj)
                              C:\Program Files (x86)\VEX Robotics\VEXcode Pro V5\sdk/vexv5\libv5rt.a(v5_apijump.c.obj) (vexSystemVersion)
C:\Program Files (x86)\VEX Robotics\VEXcode Pro V5\sdk/vexv5\libv5rt.a(vex_global.cpp.obj)
                              build/src/main.o (vex::wait(double, vex::timeUnits))
C:\Program Files (x86)\VEX Robotics\VEXcode Pro V5\sdk/vexv5\libv5rt.a(vex_motor.cpp.obj)
                              build/src/robot-config.o (vex::motor::~motor())
C:\Program Files (x86)\VEX Robotics\VEXcode Pro V5\sdk/vexv5\libv5rt.a(vex_vision.cpp.obj)
                              build/src/robot-config.o (vex::vision::~vision())
C:\Program Files (x86)\VEX Robotics\VEXcode Pro V5\sdk/vexv5\libv5rt.a(vex_imu.cpp.obj)
                              build/src/main.o (vex::inertial::setHeading(double, vex::rotationUnits))
C:\Program Files (x86)\VEX Robotics\VEXcode Pro V5\sdk/vexv5\libv5rt.a(vex_controller.cpp.obj)
                              build/src/robot-config.o (vex::controller::~controller())
C:\Program Files (x86)\VEX Robotics\VEXcode Pro V5\sdk/vexv5\libv5rt.a(vex_task.cpp.obj)
                              build/src/main.o (vex::task::task())
C:\Program Files (x86)\VEX Robotics\VEXcode Pro V5\sdk/vexv5\libv5rt.a(vex_thread.cpp.obj)
                              C:\Program Files (x86)\VEX Robotics\VEXcode Pro V5\sdk/vexv5\libv5rt.a(vex_global.cpp.obj) (vex::this_thread::sleep_for(unsigned long))
C:\Program Files (x86)\VEX Robotics\VEXcode Pro V5\sdk/vexv5\libv5rt.a(vex_event.cpp.obj)
                              C:\Program Files (x86)\VEX Robotics\VEXcode Pro V5\sdk/vexv5\libv5rt.a(vex_imu.cpp.obj) (vex::event::init(unsigned long, unsigned long, void (*)()))
C:\Program Files (x86)\VEX Robotics\VEXcode Pro V5\sdk/vexv5\libv5rt.a(vex_mevent.cpp.obj)
                              C:\Program Files (x86)\VEX Robotics\VEXcode Pro V5\sdk/vexv5\libv5rt.a(vex_controller.cpp.obj) (vex::mevent::mevent(unsigned long, unsigned long))
C:\Program Files (x86)\VEX Robotics\VEXcode Pro V5\sdk/vexv5\libv5rt.a(vex_brain.cpp.obj)
                              build/src/chassis-control.o (vex::brain::timer(vex::timeUnits))
C:\Program Files (x86)\VEX Robotics\VEXcode Pro V5\sdk/vexv5\libv5rt.a(vex_competition.cpp.obj)
                              build/src/main.o (vex::competition::competition())
C:\Program Files (x86)\VEX Robotics\VEXcode Pro V5\sdk/vexv5\libv5rt.a(vex_triport.cpp.obj)
                              C:\Program Files (x86)\VEX Robotics\VEXcode Pro V5\sdk/vexv5\libv5rt.a(vex_brain.cpp.obj) (vex::triport::~triport())
C:\Program Files (x86)\VEX Robotics\VEXcode Pro V5\sdk/vexv5\libv5rt.a(vex_color.cpp.obj)
                              C:\Program Files (x86)\VEX Robotics\VEXcode Pro V5\sdk/vexv5\libv5rt.a(vex_brain.cpp.obj) (vex::color::operator unsigned long() const)
C:\Program Files (x86)\VEX Robotics\VEXcode Pro V5\sdk/vexv5\libv5rt.a(vex_timer.cpp.obj)
                              C:\Program Files (x86)\VEX Robotics\VEXcode Pro V5\sdk/vexv5\libv5rt.a(vex_brain.cpp.obj) (vex::timer::~timer())
C:\Program Files (x86)\VEX Robotics\VEXcode Pro V5\sdk/vexv5\libv5rt.a(vex_motorgroup.cpp.obj)
                              build/src/main.o (vex::motor_group::motor_group())
C:\Program Files (x86)\VEX Robotics\VEXcode Pro V5\sdk/vexv5\libv5rt.a(v5_apiuser.c.obj)
                              C:\Program Files (x86)\VEX Robotics\VEXcode Pro V5\sdk/vexv5\libv5rt.a(vex_triport.cpp.obj) (vexAdiPortConfigSet)
C:\Program Files (x86)\VEX Robotics\VEXcode Pro V5\sdk/vexv5\libv5rt.a(vex_device.cpp.obj)
                              C:\Program Files (x86)\VEX Robotics\VEXcode Pro V5\sdk/vexv5\libv5rt.a(vex_motor.cpp.obj) (vex::device::~device())
C:\Program Files (x86)\VEX Robotics\VEXcode Pro V5\sdk/vexv5/gcc/libs\libc.a(lib_a-fini.o)
                              C:\Program Files (x86)\VEX Robotics\VEXcode Pro V5\sdk/vexv5\libv5rt.a(v5_startup.c.obj) (__libc_fini_array)
C:\Program Files (x86)\VEX Robotics\VEXcode Pro V5\sdk/vexv5/gcc/libs\libc.a(lib_a-impure.o)
                              C:\Program Files (x86)\VEX Robotics\VEXcode Pro V5\sdk/vexv5\libv5rt.a(v5_startup.c.obj) (_impure_ptr)
[...]
Memory Configuration

Name             Origin             Length             Attributes
ps7_ddr_0_S_AXI_BASEADDR 0x03800000         0x04800000
*default*        0x00000000         0xffffffff

Linker script and memory map

                0x00002000                _STACK_SIZE = DEFINED (_STACK_SIZE)?_STACK_SIZE:0x2000
                0x00100000                _HEAP_SIZE = DEFINED (_HEAP_SIZE)?_HEAP_SIZE:0x100000
                0x00000400                _ABORT_STACK_SIZE = DEFINED (_ABORT_STACK_SIZE)?_ABORT_STACK_SIZE:0x400
                0x00000800                _SUPERVISOR_STACK_SIZE = DEFINED (_SUPERVISOR_STACK_SIZE)?_SUPERVISOR_STACK_SIZE:0x800
                0x00000400                _IRQ_STACK_SIZE = DEFINED (_IRQ_STACK_SIZE)?_IRQ_STACK_SIZE:0x400
                0x00000400                _FIQ_STACK_SIZE = DEFINED (_FIQ_STACK_SIZE)?_FIQ_STACK_SIZE:0x400
                0x00000400                _UNDEF_STACK_SIZE = DEFINED (_UNDEF_STACK_SIZE)?_UNDEF_STACK_SIZE:0x400

.text           0x03800000     0x6e08
 *(.vectors)
 *(.boot_data)
 .boot_data     0x03800000       0x20 C:\Program Files (x86)\VEX Robotics\VEXcode Pro V5\sdk/vexv5\libv5rt.a(v5_startup.c.obj)
                0x03800000                vexCodeSig
                0x00000020                . = 0x20
 *(.boot)
 .boot          0x03800020       0xbc C:\Program Files (x86)\VEX Robotics\VEXcode Pro V5\sdk/vexv5\libv5rt.a(v5_startup.c.obj)
                0x03800020                vexStartup
                0x03800100                . = ALIGN (0x40)
 *fill*         0x038000dc       0x24 
 *(.freertos_vectors)
 *(.text)
 *(.text.*)
 .text._Z8drivePIDv
                0x03800100      0x18c build/src/chassis-control.o
                0x03800100                drivePID()
 *fill*         0x0380028c        0x4 
 .text._Z7turnPIDv
                0x03800290      0x1a8 build/src/chassis-control.o
                0x03800290                turnPID()
 .text._Z14chassisControlv
                0x03800438      0x9bc build/src/chassis-control.o
                0x03800438                chassisControl()
 .text._GLOBAL__sub_I_chassis_control.cpp
                0x03800df4       0x64 build/src/chassis-control.o
 .text._Z9pre_autonv
                0x03800e58       0x80 build/src/main.o
                0x03800e58                pre_auton()
 .text._Z10autonomousv
                0x03800ed8      0x108 build/src/main.o
                0x03800ed8                autonomous()
 .text._Z13intakeControlv
                0x03800fe0      0x1c8 build/src/main.o
                0x03800fe0                intakeControl()
 .text._Z14puncherControlv
                0x038011a8       0xd0 build/src/main.o
                0x038011a8                puncherControl()
 .text._Z15catapultControlv
                0x03801278       0x48 build/src/main.o
                0x03801278                catapultControl()
 .text._Z13rollerControlv
                0x038012c0       0x88 build/src/main.o
                0x038012c0                rollerControl()
 .text._Z11usercontrolv
                0x03801348      0x288 build/src/main.o
                0x03801348                usercontrol()
 .text.main     0x038015d0      0x250 build/src/main.o
                0x038015d0                main
 .text._GLOBAL__sub_I_main.cpp
                0x03801820      0x144 build/src/main.o
 .text._Z11drawRedGoalii
                0x03801964       0xcc build/src/draw-field.o
                0x03801964                drawRedGoal(int, int)
 .text._Z12drawBlueGoalii
                0x03801a30       0xcc build/src/draw-field.o
                0x03801a30                drawBlueGoal(int, int)
 *fill*         0x03801afc        0x4 
 .text._Z9drawFieldv
                0x03801b00      0x4b8 build/src/draw-field.o
                0x03801b00                drawField()
 .text._Z13FwVelocitySetif
                0x03801fb8       0xcc build/src/flywheel.o
                0x03801fb8                FwVelocitySet(int, float)
 .text._Z16FwCalculateSpeedv
                0x03802084       0xfc build/src/flywheel.o
                0x03802084                FwCalculateSpeed()
 .text._Z27FwControlUpdateVelocityTbhRv
                0x03802180       0xf8 build/src/flywheel.o
                0x03802180                FwControlUpdateVelocityTbhR()
 .text._Z27FwControlUpdateVelocityTbhLv
                0x03802278       0xf8 build/src/flywheel.o
                0x03802278                FwControlUpdateVelocityTbhL()
 .text._Z11flyWheelPIDv
                0x03802370      0x108 build/src/flywheel.o
                0x03802370                flyWheelPID()
 .text._Z13FwControlTaskv
                0x03802478      0x3a0 build/src/flywheel.o
                0x03802478                FwControlTask()
 .text._Z11vexcodeInitv
                0x03802818        0x4 build/src/robot-config.o
                0x03802818                vexcodeInit()
 .text._GLOBAL__sub_I_robot_config.cpp
                0x0380281c      0x394 build/src/robot-config.o
 .text._Z16positionTrackingv
                0x03802bb0      0x830 build/src/odometry.o
                0x03802bb0                positionTracking()
 .text._GLOBAL__sub_I_odometry.cpp
                0x038033e0       0xac build/src/odometry.o
 .text.vexMain  0x0380348c       0xb0 C:\Program Files (x86)\VEX Robotics\VEXcode Pro V5\sdk/vexv5\libv5rt.a(v5_startup.c.obj)
                0x0380348c                vexMain
 .text.__vex_function_prolog
                0x0380353c       0x18 C:\Program Files (x86)\VEX Robotics\VEXcode Pro V5\sdk/vexv5\libv5rt.a(v5_startup.c.obj)
                0x0380353c                __vex_function_prolog
 .text._init    0x03803554        0x4 C:\Program Files (x86)\VEX Robotics\VEXcode Pro V5\sdk/vexv5\libv5rt.a(v5_startup.c.obj)
                0x03803554                _init
 .text._fini    0x03803558        0x4 C:\Program Files (x86)\VEX Robotics\VEXcode Pro V5\sdk/vexv5\libv5rt.a(v5_startup.c.obj)
                0x03803558                _fini
 .text.vexStdlibVersionLinked
                0x0380355c        0xc C:\Program Files (x86)\VEX Robotics\VEXcode Pro V5\sdk/vexv5\libv5rt.a(v5_util.c.obj)
                0x0380355c                vexStdlibVersionLinked
 .text.vexStdlibVersionVerify
                0x03803568       0x30 C:\Program Files (x86)\VEX Robotics\VEXcode Pro V5\sdk/vexv5\libv5rt.a(v5_util.c.obj)
                0x03803568                vexStdlibVersionVerify
 .text.vexPrivateApiEnable
                0x03803598       0x10 C:\Program Files (x86)\VEX Robotics\VEXcode Pro V5\sdk/vexv5\libv5rt.a(v5_apijump.c.obj)
                0x03803598                vexPrivateApiEnable
 .text.vexStdlibMismatchError
                0x038035a8       0x3c C:\Program Files (x86)\VEX Robotics\VEXcode Pro V5\sdk/vexv5\libv5rt.a(v5_apijump.c.obj)
                0x038035a8                vexStdlibMismatchError
 .text.vexTaskAdd
                0x038035e4       0x10 C:\Program Files (x86)\VEX Robotics\VEXcode Pro V5\sdk/vexv5\libv5rt.a(v5_apijump.c.obj)
                0x038035e4                vexTaskAdd
 .text.vexTasksRun
                0x038035f4       0x10 C:\Program Files (x86)\VEX Robotics\VEXcode Pro V5\sdk/vexv5\libv5rt.a(v5_apijump.c.obj)
                0x038035f4                vexTasksRun
 .text.vexTaskYield
                0x03803604       0x10 C:\Program Files (x86)\VEX Robotics\VEXcode Pro V5\sdk/vexv5\libv5rt.a(v5_apijump.c.obj)
                0x03803604                vexTaskYield
 .text.vexTaskCheckTimeslice
                0x03803614       0x10 C:\Program Files (x86)\VEX Robotics\VEXcode Pro V5\sdk/vexv5\libv5rt.a(v5_apijump.c.obj)
                0x03803614                vexTaskCheckTimeslice
 .text.vexTaskGetIndex
                0x03803624       0x10 C:\Program Files (x86)\VEX Robotics\VEXcode Pro V5\sdk/vexv5\libv5rt.a(v5_apijump.c.obj)
                0x03803624                vexTaskGetIndex
 .text.vexTaskSleep
                0x03803634       0x10 C:\Program Files (x86)\VEX Robotics\VEXcode Pro V5\sdk/vexv5\libv5rt.a(v5_apijump.c.obj)
                0x03803634                vexTaskSleep
 .text.vexTasksDump
                0x03803644       0x1c C:\Program Files (x86)\VEX Robotics\VEXcode Pro V5\sdk/vexv5\libv5rt.a(v5_apijump.c.obj)
                0x03803644                vexTasksDump
 .text.vexTaskGetTaskIndex
                0x03803660       0x10 C:\Program Files (x86)\VEX Robotics\VEXcode Pro V5\sdk/vexv5\libv5rt.a(v5_apijump.c.obj)
                0x03803660                vexTaskGetTaskIndex
 .text.vexTaskStopAll
                0x03803670       0x10 C:\Program Files (x86)\VEX Robotics\VEXcode Pro V5\sdk/vexv5\libv5rt.a(v5_apijump.c.obj)
                0x03803670                vexTaskStopAll
 .text.vexTaskRemoveAllUser
                0x03803680       0x34 C:\Program Files (x86)\VEX Robotics\VEXcode Pro V5\sdk/vexv5\libv5rt.a(v5_apijump.c.obj)
                0x03803680                vexTaskRemoveAllUser
 .text.vexTaskCompletionIdSet
                0x038036b4       0x10 C:\Program Files (x86)\VEX Robotics\VEXcode Pro V5\sdk/vexv5\libv5rt.a(v5_apijump.c.obj)
                0x038036b4                vexTaskCompletionIdSet
 .text.vexTaskStopWithId
                0x038036c4       0x10 C:\Program Files (x86)\VEX Robotics\VEXcode Pro V5\sdk/vexv5\libv5rt.a(v5_apijump.c.obj)
                0x038036c4                vexTaskStopWithId
 .text.vexTaskGetCallbackAndId
                0x038036d4       0x54 C:\Program Files (x86)\VEX Robotics\VEXcode Pro V5\sdk/vexv5\libv5rt.a(v5_apijump.c.obj)
                0x038036d4                vexTaskGetCallbackAndId
 .text.vexCriticalSection
                0x03803728       0x2c C:\Program Files (x86)\VEX Robotics\VEXcode Pro V5\sdk/vexv5\libv5rt.a(v5_apijump.c.obj)
                0x03803728                vexCriticalSection
 .text.vexEventAdd
                0x03803754       0x34 C:\Program Files (x86)\VEX Robotics\VEXcode Pro V5\sdk/vexv5\libv5rt.a(v5_apijump.c.obj)
                0x03803754                vexEventAdd
 .text.vexEventUserIndexGet
                0x03803788       0x1c C:\Program Files (x86)\VEX Robotics\VEXcode Pro V5\sdk/vexv5\libv5rt.a(v5_apijump.c.obj)
                0x03803788                vexEventUserIndexGet
 .text.vexEventAddWithArg
                0x038037a4       0x3c C:\Program Files (x86)\VEX Robotics\VEXcode Pro V5\sdk/vexv5\libv5rt.a(v5_apijump.c.obj)
                0x038037a4                vexEventAddWithArg
 .text.vexEventsCleanup
                0x038037e0       0x2c C:\Program Files (x86)\VEX Robotics\VEXcode Pro V5\sdk/vexv5\libv5rt.a(v5_apijump.c.obj)
                0x038037e0                vexEventsCleanup
 .text.vexDebug
                0x0380380c       0x38 C:\Program Files (x86)\VEX Robotics\VEXcode Pro V5\sdk/vexv5\libv5rt.a(v5_apijump.c.obj)
                0x0380380c                vexDebug
 .text.vex_sprintf
                0x03803844       0x40 C:\Program Files (x86)\VEX Robotics\VEXcode Pro V5\sdk/vexv5\libv5rt.a(v5_apijump.c.obj)
                0x03803844                vex_sprintf
 .text.vex_vsnprintf
                0x03803884       0x3c C:\Program Files (x86)\VEX Robotics\VEXcode Pro V5\sdk/vexv5\libv5rt.a(v5_apijump.c.obj)
                0x03803884                vex_vsnprintf
 .text.vexSystemTimeGet
                0x038038c0       0x1c C:\Program Files (x86)\VEX Robotics\VEXcode Pro V5\sdk/vexv5\libv5rt.a(v5_apijump.c.obj)
                0x038038c0                vexSystemTimeGet
 .text.vexSystemExitRequest
                0x038038dc       0x1c C:\Program Files (x86)\VEX Robotics\VEXcode Pro V5\sdk/vexv5\libv5rt.a(v5_apijump.c.obj)
                0x038038dc                vexSystemExitRequest
 .text.vexDeviceGetByIndex
                0x038038f8       0x24 C:\Program Files (x86)\VEX Robotics\VEXcode Pro V5\sdk/vexv5\libv5rt.a(v5_apijump.c.obj)
                0x038038f8                vexDeviceGetByIndex
 .text.vexControllerGet
                0x0380391c       0x2c C:\Program Files (x86)\VEX Robotics\VEXcode Pro V5\sdk/vexv5\libv5rt.a(v5_apijump.c.obj)
                0x0380391c                vexControllerGet
 .text.vexControllerTextSet
                0x03803948       0x74 C:\Program Files (x86)\VEX Robotics\VEXcode Pro V5\sdk/vexv5\libv5rt.a(v5_apijump.c.obj)
                0x03803948                vexControllerTextSet
 .text.vexDeviceAdiPortConfigSet
                0x038039bc       0x34 C:\Program Files (x86)\VEX Robotics\VEXcode Pro V5\sdk/vexv5\libv5rt.a(v5_apijump.c.obj)
                0x038039bc                vexDeviceAdiPortConfigSet
 .text.vexDeviceAdiPortConfigGet
                0x038039f0       0x2c C:\Program Files (x86)\VEX Robotics\VEXcode Pro V5\sdk/vexv5\libv5rt.a(v5_apijump.c.obj)
                0x038039f0                vexDeviceAdiPortConfigGet
 .text.vexDeviceAdiValueSet
                0x03803a1c       0x34 C:\Program Files (x86)\VEX Robotics\VEXcode Pro V5\sdk/vexv5\libv5rt.a(v5_apijump.c.obj)
                0x03803a1c                vexDeviceAdiValueSet
 .text.vexDeviceAdiValueGet
                0x03803a50       0x2c C:\Program Files (x86)\VEX Robotics\VEXcode Pro V5\sdk/vexv5\libv5rt.a(v5_apijump.c.obj)
                0x03803a50                vexDeviceAdiValueGet
 .text.vexDeviceMotorVelocitySet
                0x03803a7c       0x2c C:\Program Files (x86)\VEX Robotics\VEXcode Pro V5\sdk/vexv5\libv5rt.a(v5_apijump.c.obj)
                0x03803a7c                vexDeviceMotorVelocitySet
 .text.vexDeviceMotorVoltageSet
                0x03803aa8       0x2c C:\Program Files (x86)\VEX Robotics\VEXcode Pro V5\sdk/vexv5\libv5rt.a(v5_apijump.c.obj)
                0x03803aa8                vexDeviceMotorVoltageSet
 .text.vexDeviceMotorActualVelocityGet
                0x03803ad4       0x24 C:\Program Files (x86)\VEX Robotics\VEXcode Pro V5\sdk/vexv5\libv5rt.a(v5_apijump.c.obj)
                0x03803ad4                vexDeviceMotorActualVelocityGet
 .text.vexDeviceMotorReverseFlagSet
                0x03803af8       0x2c C:\Program Files (x86)\VEX Robotics\VEXcode Pro V5\sdk/vexv5\libv5rt.a(v5_apijump.c.obj)
                0x03803af8                vexDeviceMotorReverseFlagSet
 .text.vexDeviceMotorEncoderUnitsSet
                0x03803b24       0x2c C:\Program Files (x86)\VEX Robotics\VEXcode Pro V5\sdk/vexv5\libv5rt.a(v5_apijump.c.obj)
                0x03803b24                vexDeviceMotorEncoderUnitsSet
 .text.vexDeviceMotorBrakeModeSet
                0x03803b50       0x2c C:\Program Files (x86)\VEX Robotics\VEXcode Pro V5\sdk/vexv5\libv5rt.a(v5_apijump.c.obj)
                0x03803b50                vexDeviceMotorBrakeModeSet
 .text.vexDeviceMotorPositionSet
                0x03803b7c       0x34 C:\Program Files (x86)\VEX Robotics\VEXcode Pro V5\sdk/vexv5\libv5rt.a(v5_apijump.c.obj)
                0x03803b7c                vexDeviceMotorPositionSet
 .text.vexDeviceMotorPositionGet
                0x03803bb0       0x24 C:\Program Files (x86)\VEX Robotics\VEXcode Pro V5\sdk/vexv5\libv5rt.a(v5_apijump.c.obj)
                0x03803bb0                vexDeviceMotorPositionGet
 .text.vexDeviceMotorGearingSet
                0x03803bd4       0x2c C:\Program Files (x86)\VEX Robotics\VEXcode Pro V5\sdk/vexv5\libv5rt.a(v5_apijump.c.obj)
                0x03803bd4                vexDeviceMotorGearingSet
 .text.vexDeviceMotorGearingGet
                0x03803c00       0x24 C:\Program Files (x86)\VEX Robotics\VEXcode Pro V5\sdk/vexv5\libv5rt.a(v5_apijump.c.obj)
                0x03803c00                vexDeviceMotorGearingGet
 .text.vexDeviceVisionModeSet
                0x03803c24       0x2c C:\Program Files (x86)\VEX Robotics\VEXcode Pro V5\sdk/vexv5\libv5rt.a(v5_apijump.c.obj)
                0x03803c24                vexDeviceVisionModeSet
 .text.vexDeviceVisionObjectCountGet
                0x03803c50       0x24 C:\Program Files (x86)\VEX Robotics\VEXcode Pro V5\sdk/vexv5\libv5rt.a(v5_apijump.c.obj)
                0x03803c50                vexDeviceVisionObjectCountGet
 .text.vexDeviceVisionObjectGet
                0x03803c74       0x34 C:\Program Files (x86)\VEX Robotics\VEXcode Pro V5\sdk/vexv5\libv5rt.a(v5_apijump.c.obj)
                0x03803c74                vexDeviceVisionObjectGet
 .text.vexDeviceVisionBrightnessSet
                0x03803ca8       0x2c C:\Program Files (x86)\VEX Robotics\VEXcode Pro V5\sdk/vexv5\libv5rt.a(v5_apijump.c.obj)
                0x03803ca8                vexDeviceVisionBrightnessSet
 .text.vexDeviceVisionLedModeSet
                0x03803cd4       0x2c C:\Program Files (x86)\VEX Robotics\VEXcode Pro V5\sdk/vexv5\libv5rt.a(v5_apijump.c.obj)
                0x03803cd4                vexDeviceVisionLedModeSet
 .text.vexDeviceVisionLedColorSet
                0x03803d00       0x30 C:\Program Files (x86)\VEX Robotics\VEXcode Pro V5\sdk/vexv5\libv5rt.a(v5_apijump.c.obj)
                0x03803d00                vexDeviceVisionLedColorSet
 .text.vexDeviceImuReset
                0x03803d30       0x24 C:\Program Files (x86)\VEX Robotics\VEXcode Pro V5\sdk/vexv5\libv5rt.a(v5_apijump.c.obj)
                0x03803d30                vexDeviceImuReset
 .text.vexDeviceImuHeadingGet
                0x03803d54       0x24 C:\Program Files (x86)\VEX Robotics\VEXcode Pro V5\sdk/vexv5\libv5rt.a(v5_apijump.c.obj)
                0x03803d54                vexDeviceImuHeadingGet
 .text.vexDeviceImuDegreesGet
                0x03803d78       0x24 C:\Program Files (x86)\VEX Robotics\VEXcode Pro V5\sdk/vexv5\libv5rt.a(v5_apijump.c.obj)
                0x03803d78                vexDeviceImuDegreesGet
 .text.vexDeviceImuStatusGet
                0x03803d9c       0x24 C:\Program Files (x86)\VEX Robotics\VEXcode Pro V5\sdk/vexv5\libv5rt.a(v5_apijump.c.obj)
                0x03803d9c                vexDeviceImuStatusGet
 .text.vexDisplayForegroundColor
                0x03803dc0       0x24 C:\Program Files (x86)\VEX Robotics\VEXcode Pro V5\sdk/vexv5\libv5rt.a(v5_apijump.c.obj)
                0x03803dc0                vexDisplayForegroundColor
 .text.vexDisplayBackgroundColor
                0x03803de4       0x24 C:\Program Files (x86)\VEX Robotics\VEXcode Pro V5\sdk/vexv5\libv5rt.a(v5_apijump.c.obj)
                0x03803de4                vexDisplayBackgroundColor
 .text.vexDisplayPixelSet
                0x03803e08       0x38 C:\Program Files (x86)\VEX Robotics\VEXcode Pro V5\sdk/vexv5\libv5rt.a(v5_apijump.c.obj)
                0x03803e08                vexDisplayPixelSet
 .text.vexDisplayLineDraw
                0x03803e40       0x4c C:\Program Files (x86)\VEX Robotics\VEXcode Pro V5\sdk/vexv5\libv5rt.a(v5_apijump.c.obj)
                0x03803e40                vexDisplayLineDraw
 .text.vexDisplayRectDraw
                0x03803e8c       0x4c C:\Program Files (x86)\VEX Robotics\VEXcode Pro V5\sdk/vexv5\libv5rt.a(v5_apijump.c.obj)
                0x03803e8c                vexDisplayRectDraw
 .text.vexDisplayRectClear
                0x03803ed8       0x4c C:\Program Files (x86)\VEX Robotics\VEXcode Pro V5\sdk/vexv5\libv5rt.a(v5_apijump.c.obj)
                0x03803ed8                vexDisplayRectClear
 .text.vexDisplayCircleDraw
                0x03803f24       0x40 C:\Program Files (x86)\VEX Robotics\VEXcode Pro V5\sdk/vexv5\libv5rt.a(v5_apijump.c.obj)
                0x03803f24                vexDisplayCircleDraw
 .text.vexDisplayCircleClear
                0x03803f64       0x40 C:\Program Files (x86)\VEX Robotics\VEXcode Pro V5\sdk/vexv5\libv5rt.a(v5_apijump.c.obj)
                0x03803f64                vexDisplayCircleClear
 .text.vexDisplayVPrintf
                0x03803fa4       0x50 C:\Program Files (x86)\VEX Robotics\VEXcode Pro V5\sdk/vexv5\libv5rt.a(v5_apijump.c.obj)
                0x03803fa4                vexDisplayVPrintf
 .text.vexDisplayTextReference
                0x03803ff4       0x24 C:\Program Files (x86)\VEX Robotics\VEXcode Pro V5\sdk/vexv5\libv5rt.a(v5_apijump.c.obj)
                0x03803ff4                vexDisplayTextReference
 .text.vexDisplayTextSize
                0x03804018       0x2c C:\Program Files (x86)\VEX Robotics\VEXcode Pro V5\sdk/vexv5\libv5rt.a(v5_apijump.c.obj)
                0x03804018                vexDisplayTextSize
 .text.vexDisplayFontNamedSet
                0x03804044       0x24 C:\Program Files (x86)\VEX Robotics\VEXcode Pro V5\sdk/vexv5\libv5rt.a(v5_apijump.c.obj)
                0x03804044                vexDisplayFontNamedSet
 .text.vexDisplayStringWidthGet
                0x03804068       0x24 C:\Program Files (x86)\VEX Robotics\VEXcode Pro V5\sdk/vexv5\libv5rt.a(v5_apijump.c.obj)
                0x03804068                vexDisplayStringWidthGet
 .text.vexDisplayPenSizeSet
                0x0380408c       0x24 C:\Program Files (x86)\VEX Robotics\VEXcode Pro V5\sdk/vexv5\libv5rt.a(v5_apijump.c.obj)
                0x0380408c                vexDisplayPenSizeSet
 .text.vexDisplayPenSizeGet
                0x038040b0       0x1c C:\Program Files (x86)\VEX Robotics\VEXcode Pro V5\sdk/vexv5\libv5rt.a(v5_apijump.c.obj)
                0x038040b0                vexDisplayPenSizeGet
 .text.vexSystemStdlibImpureDataAddr
                0x038040cc       0x28 C:\Program Files (x86)\VEX Robotics\VEXcode Pro V5\sdk/vexv5\libv5rt.a(v5_apijump.c.obj)
                0x038040cc                vexSystemStdlibImpureDataAddr
 .text.vexSystemStdlibImpureDataSize
                0x038040f4       0x28 C:\Program Files (x86)\VEX Robotics\VEXcode Pro V5\sdk/vexv5\libv5rt.a(v5_apijump.c.obj)
                0x038040f4                vexSystemStdlibImpureDataSize
 .text.vexSystemSaveUserData
                0x0380411c       0x3c C:\Program Files (x86)\VEX Robotics\VEXcode Pro V5\sdk/vexv5\libv5rt.a(v5_apijump.c.obj)
                0x0380411c                vexSystemSaveUserData
 .text.vexDisplayThemeIdGet
                0x03804158       0x38 C:\Program Files (x86)\VEX Robotics\VEXcode Pro V5\sdk/vexv5\libv5rt.a(v5_apijump.c.obj)
                0x03804158                vexDisplayThemeIdGet
 .text.vexDeviceEventMaskSet
                0x03804190       0x48 C:\Program Files (x86)\VEX Robotics\VEXcode Pro V5\sdk/vexv5\libv5rt.a(v5_apijump.c.obj)
                0x03804190                vexDeviceEventMaskSet
 .text.vexDeviceEventMaskGet
                0x038041d8       0x3c C:\Program Files (x86)\VEX Robotics\VEXcode Pro V5\sdk/vexv5\libv5rt.a(v5_apijump.c.obj)
                0x038041d8                vexDeviceEventMaskGet
 .text.vexDeviceEventBitsSet
                0x03804214       0x48 C:\Program Files (x86)\VEX Robotics\VEXcode Pro V5\sdk/vexv5\libv5rt.a(v5_apijump.c.obj)
                0x03804214                vexDeviceEventBitsSet
 .text.vexDeviceEventBitsGet
                0x0380425c       0x3c C:\Program Files (x86)\VEX Robotics\VEXcode Pro V5\sdk/vexv5\libv5rt.a(v5_apijump.c.obj)
                0x0380425c                vexDeviceEventBitsGet
 .text.vexSystemVersion
                0x03804298       0x10 C:\Program Files (x86)\VEX Robotics\VEXcode Pro V5\sdk/vexv5\libv5rt.a(v5_apiversions.c.obj)
                0x03804298                vexSystemVersion
 .text.vexStdlibVersion
                0x038042a8       0x10 C:\Program Files (x86)\VEX Robotics\VEXcode Pro V5\sdk/vexv5\libv5rt.a(v5_apiversions.c.obj)
                0x038042a8                vexStdlibVersion
 .text._ZN3vex4waitEdNS_9timeUnitsE
                0x038042b8       0x30 C:\Program Files (x86)\VEX Robotics\VEXcode Pro V5\sdk/vexv5\libv5rt.a(vex_global.cpp.obj)
                0x038042b8                vex::wait(double, vex::timeUnits)
 .text._ZN3vex5motorD2Ev
                0x038042e8       0x20 C:\Program Files (x86)\VEX Robotics\VEXcode Pro V5\sdk/vexv5\libv5rt.a(vex_motor.cpp.obj)
                0x038042e8                vex::motor::~motor()
                0x038042e8                vex::motor::~motor()
 .text._ZN3vex5motorD0Ev
                0x03804308       0x1c C:\Program Files (x86)\VEX Robotics\VEXcode Pro V5\sdk/vexv5\libv5rt.a(vex_motor.cpp.obj)
                0x03804308                vex::motor::~motor()
 .text._ZN3vex5motor9installedEv
                0x03804324       0x18 C:\Program Files (x86)\VEX Robotics\VEXcode Pro V5\sdk/vexv5\libv5rt.a(vex_motor.cpp.obj)
                0x03804324                vex::motor::installed()
 .text._ZN3vex5motor15defaultStoppingENS_9brakeTypeE
                0x0380433c       0x30 C:\Program Files (x86)\VEX Robotics\VEXcode Pro V5\sdk/vexv5\libv5rt.a(vex_motor.cpp.obj)
                0x0380433c                vex::motor::defaultStopping(vex::brakeType)
 .text._ZN3vex5motor8setBrakeENS_9brakeTypeE
                0x0380436c        0x4 C:\Program Files (x86)\VEX Robotics\VEXcode Pro V5\sdk/vexv5\libv5rt.a(vex_motor.cpp.obj)
                0x0380436c                vex::motor::setBrake(vex::brakeType)
 .text._ZN3vex5motor11setStoppingENS_9brakeTypeE
                0x03804370        0x4 C:\Program Files (x86)\VEX Robotics\VEXcode Pro V5\sdk/vexv5\libv5rt.a(vex_motor.cpp.obj)
                0x03804370                vex::motor::setStopping(vex::brakeType)
 .text._ZN3vex5motorC2El
                0x03804374       0x78 C:\Program Files (x86)\VEX Robotics\VEXcode Pro V5\sdk/vexv5\libv5rt.a(vex_motor.cpp.obj)
                0x03804374                vex::motor::motor(long)
                0x03804374                vex::motor::motor(long)
 .text._ZN3vex5motorC2ElNS_11gearSettingEb
                0x038043ec       0x34 C:\Program Files (x86)\VEX Robotics\VEXcode Pro V5\sdk/vexv5\libv5rt.a(vex_motor.cpp.obj)
                0x038043ec                vex::motor::motor(long, vex::gearSetting, bool)
                0x038043ec                vex::motor::motor(long, vex::gearSetting, bool)
 .text._ZN3vex5motor4spinENS_13directionTypeEdNS_12voltageUnitsE
                0x03804420       0x50 C:\Program Files (x86)\VEX Robotics\VEXcode Pro V5\sdk/vexv5\libv5rt.a(vex_motor.cpp.obj)
                0x03804420                vex::motor::spin(vex::directionType, double, vex::voltageUnits)
 .text._ZN3vex5motor4stopENS_9brakeTypeE
                0x03804470       0x30 C:\Program Files (x86)\VEX Robotics\VEXcode Pro V5\sdk/vexv5\libv5rt.a(vex_motor.cpp.obj)
                0x03804470                vex::motor::stop(vex::brakeType)
 .text._ZN3vex5motor4stopEv
                0x038044a0        0x8 C:\Program Files (x86)\VEX Robotics\VEXcode Pro V5\sdk/vexv5\libv5rt.a(vex_motor.cpp.obj)
                0x038044a0                vex::motor::stop()
 .text._ZN3vex5motor16velocityToScaledEdNS_13velocityUnitsE
                0x038044a8       0x5c C:\Program Files (x86)\VEX Robotics\VEXcode Pro V5\sdk/vexv5\libv5rt.a(vex_motor.cpp.obj)
                0x038044a8                vex::motor::velocityToScaled(double, vex::velocityUnits)
 .text._ZN3vex5motor8velocityENS_13velocityUnitsE
                0x03804504       0x30 C:\Program Files (x86)\VEX Robotics\VEXcode Pro V5\sdk/vexv5\libv5rt.a(vex_motor.cpp.obj)
                0x03804504                vex::motor::velocity(vex::velocityUnits)
 .text._ZN3vex5motor5valueEv
                0x03804534       0x1c C:\Program Files (x86)\VEX Robotics\VEXcode Pro V5\sdk/vexv5\libv5rt.a(vex_motor.cpp.obj)
                0x03804534                vex::motor::value()
 .text._ZN3vex5motor16scaledToVelocityEdNS_13velocityUnitsE
                0x03804550       0xa4 C:\Program Files (x86)\VEX Robotics\VEXcode Pro V5\sdk/vexv5\libv5rt.a(vex_motor.cpp.obj)
                0x03804550                vex::motor::scaledToVelocity(double, vex::velocityUnits)
 .text._ZN3vex5motor4spinENS_13directionTypeEdNS_13velocityUnitsE
                0x038045f4       0x5c C:\Program Files (x86)\VEX Robotics\VEXcode Pro V5\sdk/vexv5\libv5rt.a(vex_motor.cpp.obj)
                0x038045f4                vex::motor::spin(vex::directionType, double, vex::velocityUnits)
 .text._ZN3vex5motor16setRotationUnitsENS_13rotationUnitsE
                0x03804650       0x1c C:\Program Files (x86)\VEX Robotics\VEXcode Pro V5\sdk/vexv5\libv5rt.a(vex_motor.cpp.obj)
                0x03804650                vex::motor::setRotationUnits(vex::rotationUnits)
 .text._ZN3vex5motor11setRotationEdNS_13rotationUnitsE
                0x0380466c       0x44 C:\Program Files (x86)\VEX Robotics\VEXcode Pro V5\sdk/vexv5\libv5rt.a(vex_motor.cpp.obj)
                0x0380466c                vex::motor::setRotation(double, vex::rotationUnits)
 .text._ZN3vex5motor13resetRotationEv
                0x038046b0       0x20 C:\Program Files (x86)\VEX Robotics\VEXcode Pro V5\sdk/vexv5\libv5rt.a(vex_motor.cpp.obj)
                0x038046b0                vex::motor::resetRotation()
 .text._ZN3vex5motor8rotationENS_13rotationUnitsE
                0x038046d0       0x44 C:\Program Files (x86)\VEX Robotics\VEXcode Pro V5\sdk/vexv5\libv5rt.a(vex_motor.cpp.obj)
                0x038046d0                vex::motor::rotation(vex::rotationUnits)
 .text._ZN3vex5motor8positionENS_13rotationUnitsE
                0x03804714        0x4 C:\Program Files (x86)\VEX Robotics\VEXcode Pro V5\sdk/vexv5\libv5rt.a(vex_motor.cpp.obj)
                0x03804714                vex::motor::position(vex::rotationUnits)
 .text._ZN3vex6vision9installedEv
                0x03804718       0x18 C:\Program Files (x86)\VEX Robotics\VEXcode Pro V5\sdk/vexv5\libv5rt.a(vex_vision.cpp.obj)
                0x03804718                vex::vision::installed()
 .text._ZN3vex6visionD2Ev
                0x03804730       0x38 C:\Program Files (x86)\VEX Robotics\VEXcode Pro V5\sdk/vexv5\libv5rt.a(vex_vision.cpp.obj)
                0x03804730                vex::vision::~vision()
                0x03804730                vex::vision::~vision()
 .text._ZN3vex6visionD0Ev
                0x03804768       0x1c C:\Program Files (x86)\VEX Robotics\VEXcode Pro V5\sdk/vexv5\libv5rt.a(vex_vision.cpp.obj)
                0x03804768                vex::vision::~vision()
 .text._ZN3vex6vision7setModeENS0_13detectionModeE
                0x03804784       0x18 C:\Program Files (x86)\VEX Robotics\VEXcode Pro V5\sdk/vexv5\libv5rt.a(vex_vision.cpp.obj)
                0x03804784                vex::vision::setMode(vex::vision::detectionMode)
 .text._ZN3vex6vision13setBrightnessEh
                0x0380479c       0x30 C:\Program Files (x86)\VEX Robotics\VEXcode Pro V5\sdk/vexv5\libv5rt.a(vex_vision.cpp.obj)
                0x0380479c                vex::vision::setBrightness(unsigned char)
 .text._ZN3vex6vision10setLedModeENS0_7ledModeE
                0x038047cc       0x18 C:\Program Files (x86)\VEX Robotics\VEXcode Pro V5\sdk/vexv5\libv5rt.a(vex_vision.cpp.obj)
                0x038047cc                vex::vision::setLedMode(vex::vision::ledMode)
 .text._ZN3vex6vision11setLedColorEhhh
                0x038047e4       0x30 C:\Program Files (x86)\VEX Robotics\VEXcode Pro V5\sdk/vexv5\libv5rt.a(vex_vision.cpp.obj)
                0x038047e4                vex::vision::setLedColor(unsigned char, unsigned char, unsigned char)
 *fill*         0x03804814        0x4 
 .text._ZN3vex6vision6object3setE22_V5_DeviceVisionObject
                0x03804818       0x78 C:\Program Files (x86)\VEX Robotics\VEXcode Pro V5\sdk/vexv5\libv5rt.a(vex_vision.cpp.obj)
                0x03804818                vex::vision::object::set(_V5_DeviceVisionObject)
 .text._ZN3vex6vision6object5clearEv
                0x03804890       0x38 C:\Program Files (x86)\VEX Robotics\VEXcode Pro V5\sdk/vexv5\libv5rt.a(vex_vision.cpp.obj)
                0x03804890                vex::vision::object::clear()
 .text._ZN3vex6vision6objectC2Ev
                0x038048c8       0x58 C:\Program Files (x86)\VEX Robotics\VEXcode Pro V5\sdk/vexv5\libv5rt.a(vex_vision.cpp.obj)
                0x038048c8                vex::vision::object::object()
                0x038048c8                vex::vision::object::object()
 .text._ZN3vex6vision13_clearObjectsEv
                0x03804920       0x40 C:\Program Files (x86)\VEX Robotics\VEXcode Pro V5\sdk/vexv5\libv5rt.a(vex_vision.cpp.obj)
                0x03804920                vex::vision::_clearObjects()
 .text._ZN3vex6vision6objectaSERKS1_
                0x03804960       0x74 C:\Program Files (x86)\VEX Robotics\VEXcode Pro V5\sdk/vexv5\libv5rt.a(vex_vision.cpp.obj)
                0x03804960                vex::vision::object::operator=(vex::vision::object const&)
 .text._ZN3vex6vision12takeSnapshotEmm
                0x038049d4       0xf4 C:\Program Files (x86)\VEX Robotics\VEXcode Pro V5\sdk/vexv5\libv5rt.a(vex_vision.cpp.obj)
                0x038049d4                vex::vision::takeSnapshot(unsigned long, unsigned long)
 .text._ZN3vex6vision12takeSnapshotEm
                0x03804ac8        0x8 C:\Program Files (x86)\VEX Robotics\VEXcode Pro V5\sdk/vexv5\libv5rt.a(vex_vision.cpp.obj)
                0x03804ac8                vex::vision::takeSnapshot(unsigned long)
 .text._ZN3vex6vision5valueEv
                0x03804ad0        0x8 C:\Program Files (x86)\VEX Robotics\VEXcode Pro V5\sdk/vexv5\libv5rt.a(vex_vision.cpp.obj)
                0x03804ad0                vex::vision::value()
 .text._ZN3vex6vision6objectaSEl
                0x03804ad8       0x38 C:\Program Files (x86)\VEX Robotics\VEXcode Pro V5\sdk/vexv5\libv5rt.a(vex_vision.cpp.obj)
                0x03804ad8                vex::vision::object::operator=(long)
 .text._ZN3vex6visionC2El
                0x03804b10       0xa4 C:\Program Files (x86)\VEX Robotics\VEXcode Pro V5\sdk/vexv5\libv5rt.a(vex_vision.cpp.obj)
                0x03804b10                vex::vision::vision(long)
                0x03804b10                vex::vision::vision(long)
 .text._ZN3vex8inertial11getTurnTypeEv
                0x03804bb4        0x8 C:\Program Files (x86)\VEX Robotics\VEXcode Pro V5\sdk/vexv5\libv5rt.a(vex_imu.cpp.obj)
                0x03804bb4                vex::inertial::getTurnType()
 .text._ZThn16_N3vex8inertial11getTurnTypeEv
                0x03804bbc        0x8 C:\Program Files (x86)\VEX Robotics\VEXcode Pro V5\sdk/vexv5\libv5rt.a(vex_imu.cpp.obj)
                0x03804bbc                non-virtual thunk to vex::inertial::getTurnType()
 *fill*         0x03804bc4        0x4 
 .text._ZN3vex8inertial10setHeadingEdNS_13rotationUnitsE
                0x03804bc8       0x58 C:\Program Files (x86)\VEX Robotics\VEXcode Pro V5\sdk/vexv5\libv5rt.a(vex_imu.cpp.obj)
                0x03804bc8                vex::inertial::setHeading(double, vex::rotationUnits)
 .text._ZThn16_N3vex8inertial10setHeadingEdNS_13rotationUnitsE
                0x03804c20        0x8 C:\Program Files (x86)\VEX Robotics\VEXcode Pro V5\sdk/vexv5\libv5rt.a(vex_imu.cpp.obj)
                0x03804c20                non-virtual thunk to vex::inertial::setHeading(double, vex::rotationUnits)
 .text._ZN3vex8inertial11setRotationEdNS_13rotationUnitsE
                0x03804c28       0x58 C:\Program Files (x86)\VEX Robotics\VEXcode Pro V5\sdk/vexv5\libv5rt.a(vex_imu.cpp.obj)
                0x03804c28                vex::inertial::setRotation(double, vex::rotationUnits)
 .text._ZThn16_N3vex8inertial11setRotationEdNS_13rotationUnitsE
                0x03804c80        0x8 C:\Program Files (x86)\VEX Robotics\VEXcode Pro V5\sdk/vexv5\libv5rt.a(vex_imu.cpp.obj)
                0x03804c80                non-virtual thunk to vex::inertial::setRotation(double, vex::rotationUnits)
 .text._ZN3vex8inertialD2Ev
                0x03804c88       0x20 C:\Program Files (x86)\VEX Robotics\VEXcode Pro V5\sdk/vexv5\libv5rt.a(vex_imu.cpp.obj)
                0x03804c88                vex::inertial::~inertial()
                0x03804c88                vex::inertial::~inertial()
 .text._ZThn16_N3vex8inertialD1Ev
                0x03804ca8        0x8 C:\Program Files (x86)\VEX Robotics\VEXcode Pro V5\sdk/vexv5\libv5rt.a(vex_imu.cpp.obj)
                0x03804ca8                non-virtual thunk to vex::inertial::~inertial()
 .text._ZN3vex8inertialD0Ev
                0x03804cb0       0x1c C:\Program Files (x86)\VEX Robotics\VEXcode Pro V5\sdk/vexv5\libv5rt.a(vex_imu.cpp.obj)
                0x03804cb0                vex::inertial::~inertial()
 .text._ZThn16_N3vex8inertialD0Ev
                0x03804ccc        0x8 C:\Program Files (x86)\VEX Robotics\VEXcode Pro V5\sdk/vexv5\libv5rt.a(vex_imu.cpp.obj)
                0x03804ccc                non-virtual thunk to vex::inertial::~inertial()
 .text._ZN3vex8inertial9installedEv
                0x03804cd4       0x18 C:\Program Files (x86)\VEX Robotics\VEXcode Pro V5\sdk/vexv5\libv5rt.a(vex_imu.cpp.obj)
                0x03804cd4                vex::inertial::installed()
 .text._ZN3vex8inertial5angleENS_13rotationUnitsE
                0x03804cec       0x6c C:\Program Files (x86)\VEX Robotics\VEXcode Pro V5\sdk/vexv5\libv5rt.a(vex_imu.cpp.obj)
                0x03804cec                vex::inertial::angle(vex::rotationUnits)
 .text._ZThn16_N3vex8inertial5angleENS_13rotationUnitsE
                0x03804d58        0x8 C:\Program Files (x86)\VEX Robotics\VEXcode Pro V5\sdk/vexv5\libv5rt.a(vex_imu.cpp.obj)
                0x03804d58                non-virtual thunk to vex::inertial::angle(vex::rotationUnits)
 .text._ZN3vex8inertial7headingENS_13rotationUnitsE
                0x03804d60        0x4 C:\Program Files (x86)\VEX Robotics\VEXcode Pro V5\sdk/vexv5\libv5rt.a(vex_imu.cpp.obj)
                0x03804d60                vex::inertial::heading(vex::rotationUnits)
 .text._ZThn16_N3vex8inertial7headingENS_13rotationUnitsE
                0x03804d64        0x8 C:\Program Files (x86)\VEX Robotics\VEXcode Pro V5\sdk/vexv5\libv5rt.a(vex_imu.cpp.obj)
                0x03804d64                non-virtual thunk to vex::inertial::heading(vex::rotationUnits)
 .text._ZN3vex8inertial5valueEv
                0x03804d6c       0x1c C:\Program Files (x86)\VEX Robotics\VEXcode Pro V5\sdk/vexv5\libv5rt.a(vex_imu.cpp.obj)
                0x03804d6c                vex::inertial::value()
 .text._ZN3vex8inertial8rotationENS_13rotationUnitsE
                0x03804d88       0x48 C:\Program Files (x86)\VEX Robotics\VEXcode Pro V5\sdk/vexv5\libv5rt.a(vex_imu.cpp.obj)
                0x03804d88                vex::inertial::rotation(vex::rotationUnits)
 .text._ZThn16_N3vex8inertial8rotationENS_13rotationUnitsE
                0x03804dd0        0x8 C:\Program Files (x86)\VEX Robotics\VEXcode Pro V5\sdk/vexv5\libv5rt.a(vex_imu.cpp.obj)
                0x03804dd0                non-virtual thunk to vex::inertial::rotation(vex::rotationUnits)
 .text._ZN3vex8inertial13isCalibratingEv
                0x03804dd8       0x38 C:\Program Files (x86)\VEX Robotics\VEXcode Pro V5\sdk/vexv5\libv5rt.a(vex_imu.cpp.obj)
                0x03804dd8                vex::inertial::isCalibrating()
 .text._ZThn16_N3vex8inertial13isCalibratingEv
                0x03804e10        0x8 C:\Program Files (x86)\VEX Robotics\VEXcode Pro V5\sdk/vexv5\libv5rt.a(vex_imu.cpp.obj)
                0x03804e10                non-virtual thunk to vex::inertial::isCalibrating()
 .text._ZN3vex8inertialC2ElNS_8turnTypeE
                0x03804e18       0x4c C:\Program Files (x86)\VEX Robotics\VEXcode Pro V5\sdk/vexv5\libv5rt.a(vex_imu.cpp.obj)
                0x03804e18                vex::inertial::inertial(long, vex::turnType)
                0x03804e18                vex::inertial::inertial(long, vex::turnType)
 .text._ZN3vex8inertial16startCalibrationEl
                0x03804e64       0x20 C:\Program Files (x86)\VEX Robotics\VEXcode Pro V5\sdk/vexv5\libv5rt.a(vex_imu.cpp.obj)
                0x03804e64                vex::inertial::startCalibration(long)
 .text._ZN3vex8inertial9calibrateEl
                0x03804e84        0xc C:\Program Files (x86)\VEX Robotics\VEXcode Pro V5\sdk/vexv5\libv5rt.a(vex_imu.cpp.obj)
                0x03804e84                vex::inertial::calibrate(long)
                0x03804e88                non-virtual thunk to vex::inertial::calibrate(long)
 .text._ZN3vex10controllerD2Ev
                0x03804e90        0x4 C:\Program Files (x86)\VEX Robotics\VEXcode Pro V5\sdk/vexv5\libv5rt.a(vex_controller.cpp.obj)
                0x03804e90                vex::controller::~controller()
                0x03804e90                vex::controller::~controller()
 .text._ZN3vex10controller5valueE19_V5_ControllerIndex
                0x03804e94        0x8 C:\Program Files (x86)\VEX Robotics\VEXcode Pro V5\sdk/vexv5\libv5rt.a(vex_controller.cpp.obj)
                0x03804e94                vex::controller::value(_V5_ControllerIndex)
 .text._ZNK3vex10controller6button8pressingEv
                0x03804e9c       0xc8 C:\Program Files (x86)\VEX Robotics\VEXcode Pro V5\sdk/vexv5\libv5rt.a(vex_controller.cpp.obj)
                0x03804e9c                vex::controller::button::pressing() const
 .text._ZNK3vex10controller6button21_buttonToPressedEventEv
                0x03804f64       0x20 C:\Program Files (x86)\VEX Robotics\VEXcode Pro V5\sdk/vexv5\libv5rt.a(vex_controller.cpp.obj)
                0x03804f64                vex::controller::button::_buttonToPressedEvent() const
 .text._ZNK3vex10controller6button22_buttonToReleasedEventEv
                0x03804f84       0x20 C:\Program Files (x86)\VEX Robotics\VEXcode Pro V5\sdk/vexv5\libv5rt.a(vex_controller.cpp.obj)
                0x03804f84                vex::controller::button::_buttonToReleasedEvent() const
 .text._ZN3vex10controller6buttonC2ENS0_11tButtonTypeEPS0_
                0x03804fa4       0x48 C:\Program Files (x86)\VEX Robotics\VEXcode Pro V5\sdk/vexv5\libv5rt.a(vex_controller.cpp.obj)
                0x03804fa4                vex::controller::button::button(vex::controller::tButtonType, vex::controller*)
                0x03804fa4                vex::controller::button::button(vex::controller::tButtonType, vex::controller*)
 .text._ZNK3vex10controller4axis5valueEv
                0x03804fec       0x58 C:\Program Files (x86)\VEX Robotics\VEXcode Pro V5\sdk/vexv5\libv5rt.a(vex_controller.cpp.obj)
                0x03804fec                vex::controller::axis::value() const
 .text._ZNK3vex10controller4axis8positionENS_12percentUnitsE
                0x03805044       0x1c C:\Program Files (x86)\VEX Robotics\VEXcode Pro V5\sdk/vexv5\libv5rt.a(vex_controller.cpp.obj)
                0x03805044                vex::controller::axis::position(vex::percentUnits) const
 .text._ZNK3vex10controller4axis23_joystickToChangedEventEv
                0x03805060       0x20 C:\Program Files (x86)\VEX Robotics\VEXcode Pro V5\sdk/vexv5\libv5rt.a(vex_controller.cpp.obj)
                0x03805060                vex::controller::axis::_joystickToChangedEvent() const
 .text._ZN3vex10controller4axisC2ENS0_9tAxisTypeEPS0_
                0x03805080       0x2c C:\Program Files (x86)\VEX Robotics\VEXcode Pro V5\sdk/vexv5\libv5rt.a(vex_controller.cpp.obj)
                0x03805080                vex::controller::axis::axis(vex::controller::tAxisType, vex::controller*)
                0x03805080                vex::controller::axis::axis(vex::controller::tAxisType, vex::controller*)
 .text._ZN3vex10controllerC2ENS_14controllerTypeE
                0x038050ac      0x16c C:\Program Files (x86)\VEX Robotics\VEXcode Pro V5\sdk/vexv5\libv5rt.a(vex_controller.cpp.obj)
                0x038050ac                vex::controller::controller(vex::controllerType)
                0x038050ac                vex::controller::controller(vex::controllerType)
 .text._ZN3vex10controller3lcd15getControllerIdEv
                0x03805218       0x10 C:\Program Files (x86)\VEX Robotics\VEXcode Pro V5\sdk/vexv5\libv5rt.a(vex_controller.cpp.obj)
                0x03805218                vex::controller::lcd::getControllerId()
 .text._ZN3vex10controller3lcd9setCursorEll
                0x03805228       0x40 C:\Program Files (x86)\VEX Robotics\VEXcode Pro V5\sdk/vexv5\libv5rt.a(vex_controller.cpp.obj)
                0x03805228                vex::controller::lcd::setCursor(long, long)
 .text._ZN3vex10controller3lcd5printEPKcz
                0x03805268       0x80 C:\Program Files (x86)\VEX Robotics\VEXcode Pro V5\sdk/vexv5\libv5rt.a(vex_controller.cpp.obj)
                0x03805268                vex::controller::lcd::print(char const*, ...)
 .text._ZN3vex10controller3lcd9clearLineEi
                0x038052e8       0x80 C:\Program Files (x86)\VEX Robotics\VEXcode Pro V5\sdk/vexv5\libv5rt.a(vex_controller.cpp.obj)
                0x038052e8                vex::controller::lcd::clearLine(int)
 .text._ZN3vex10controller3lcd11clearScreenEv
                0x03805368       0x5c C:\Program Files (x86)\VEX Robotics\VEXcode Pro V5\sdk/vexv5\libv5rt.a(vex_controller.cpp.obj)
                0x03805368                vex::controller::lcd::clearScreen()
 .text._ZN3vex4taskC2Ev
                0x038053c4       0x28 C:\Program Files (x86)\VEX Robotics\VEXcode Pro V5\sdk/vexv5\libv5rt.a(vex_task.cpp.obj)
                0x038053c4                vex::task::task()
                0x038053c4                vex::task::task()
 .text._ZN3vex4taskC2EPFivE
                0x038053ec       0x5c C:\Program Files (x86)\VEX Robotics\VEXcode Pro V5\sdk/vexv5\libv5rt.a(vex_task.cpp.obj)
                0x038053ec                vex::task::task(int (*)())
                0x038053ec                vex::task::task(int (*)())
 .text._ZN3vex4taskD2Ev
                0x03805448        0x4 C:\Program Files (x86)\VEX Robotics\VEXcode Pro V5\sdk/vexv5\libv5rt.a(vex_task.cpp.obj)
                0x03805448                vex::task::~task()
                0x03805448                vex::task::~task()
 .text._ZN3vex4task4stopEPvi
                0x0380544c       0x1c C:\Program Files (x86)\VEX Robotics\VEXcode Pro V5\sdk/vexv5\libv5rt.a(vex_task.cpp.obj)
                0x0380544c                vex::task::stop(void*, int)
 .text._ZN3vex4task5sleepEm
                0x03805468        0x4 C:\Program Files (x86)\VEX Robotics\VEXcode Pro V5\sdk/vexv5\libv5rt.a(vex_task.cpp.obj)
                0x03805468                vex::task::sleep(unsigned long)
 .text._ZN3vex4task6_indexEPFivE
                0x0380546c       0x14 C:\Program Files (x86)\VEX Robotics\VEXcode Pro V5\sdk/vexv5\libv5rt.a(vex_task.cpp.obj)
                0x0380546c                vex::task::_index(int (*)())
 .text._ZN3vex4task8_stopAllEv
                0x03805480       0x3c C:\Program Files (x86)\VEX Robotics\VEXcode Pro V5\sdk/vexv5\libv5rt.a(vex_task.cpp.obj)
                0x03805480                vex::task::_stopAll()
 .text._ZN3vex11this_thread9sleep_forEm
                0x038054bc        0x4 C:\Program Files (x86)\VEX Robotics\VEXcode Pro V5\sdk/vexv5\libv5rt.a(vex_thread.cpp.obj)
                0x038054bc                vex::this_thread::sleep_for(unsigned long)
 .text._ZN3vex5event4initEmmPFvvE
                0x038054c0        0x4 C:\Program Files (x86)\VEX Robotics\VEXcode Pro V5\sdk/vexv5\libv5rt.a(vex_event.cpp.obj)
                0x038054c0                vex::event::init(unsigned long, unsigned long, void (*)())
 .text._ZN3vex5event4initEmmPFvPvES1_
                0x038054c4        0x4 C:\Program Files (x86)\VEX Robotics\VEXcode Pro V5\sdk/vexv5\libv5rt.a(vex_event.cpp.obj)
                0x038054c4                vex::event::init(unsigned long, unsigned long, void (*)(void*), void*)
 .text._ZN3vex5event9userindexEv
                0x038054c8        0x4 C:\Program Files (x86)\VEX Robotics\VEXcode Pro V5\sdk/vexv5\libv5rt.a(vex_event.cpp.obj)
                0x038054c8                vex::event::userindex()
 .text._ZZN3vex6meventC4EmmENUlvE_4_FUNEv
                0x038054cc        0x4 C:\Program Files (x86)\VEX Robotics\VEXcode Pro V5\sdk/vexv5\libv5rt.a(vex_mevent.cpp.obj)
 .text._ZN3vex6meventC2Emm
                0x038054d0       0x70 C:\Program Files (x86)\VEX Robotics\VEXcode Pro V5\sdk/vexv5\libv5rt.a(vex_mevent.cpp.obj)
                0x038054d0                vex::mevent::mevent(unsigned long, unsigned long)
                0x038054d0                vex::mevent::mevent(unsigned long, unsigned long)
 .text._ZNK3vex6meventcviEv
                0x03805540       0x4c C:\Program Files (x86)\VEX Robotics\VEXcode Pro V5\sdk/vexv5\libv5rt.a(vex_mevent.cpp.obj)
                0x03805540                vex::mevent::operator int() const
 .text._ZL9_hexDigitc
                0x0380558c       0x48 C:\Program Files (x86)\VEX Robotics\VEXcode Pro V5\sdk/vexv5\libv5rt.a(vex_brain.cpp.obj)
 .text._ZN3vex5brain9_getIndexEv
                0x038055d4       0x10 C:\Program Files (x86)\VEX Robotics\VEXcode Pro V5\sdk/vexv5\libv5rt.a(vex_brain.cpp.obj)
                0x038055d4                vex::brain::_getIndex()
 .text._ZN3vex5brain5timerENS_9timeUnitsE
                0x038055e4        0x8 C:\Program Files (x86)\VEX Robotics\VEXcode Pro V5\sdk/vexv5\libv5rt.a(vex_brain.cpp.obj)
                0x038055e4                vex::brain::timer(vex::timeUnits)
 .text._ZN3vex5brain3lcd9setCursorEll
                0x038055ec       0x44 C:\Program Files (x86)\VEX Robotics\VEXcode Pro V5\sdk/vexv5\libv5rt.a(vex_brain.cpp.obj)
                0x038055ec                vex::brain::lcd::setCursor(long, long)
 .text._ZN3vex5brain3lcd7setFontENS_8fontTypeE
                0x03805630      0x23c C:\Program Files (x86)\VEX Robotics\VEXcode Pro V5\sdk/vexv5\libv5rt.a(vex_brain.cpp.obj)
                0x03805630                vex::brain::lcd::setFont(vex::fontType)
 .text._ZN3vex5brain3lcdC2Ev
                0x0380586c       0x94 C:\Program Files (x86)\VEX Robotics\VEXcode Pro V5\sdk/vexv5\libv5rt.a(vex_brain.cpp.obj)
                0x0380586c                vex::brain::lcd::lcd()
                0x0380586c                vex::brain::lcd::lcd()
 .text._ZN3vex5brainC2Ev
                0x03805900       0x3c C:\Program Files (x86)\VEX Robotics\VEXcode Pro V5\sdk/vexv5\libv5rt.a(vex_brain.cpp.obj)
                0x03805900                vex::brain::brain()
                0x03805900                vex::brain::brain()
 .text._ZN3vex5brain3lcd11setPenWidthEm
                0x0380593c       0x24 C:\Program Files (x86)\VEX Robotics\VEXcode Pro V5\sdk/vexv5\libv5rt.a(vex_brain.cpp.obj)
                0x0380593c                vex::brain::lcd::setPenWidth(unsigned long)
 .text._ZN3vex5brain3lcd11setPenColorERKNS_5colorE
                0x03805960       0x14 C:\Program Files (x86)\VEX Robotics\VEXcode Pro V5\sdk/vexv5\libv5rt.a(vex_brain.cpp.obj)
                0x03805960                vex::brain::lcd::setPenColor(vex::color const&)
 .text._ZN3vex5brain3lcd12setFillColorERKNS_5colorE
                0x03805974       0x38 C:\Program Files (x86)\VEX Robotics\VEXcode Pro V5\sdk/vexv5\libv5rt.a(vex_brain.cpp.obj)
                0x03805974                vex::brain::lcd::setFillColor(vex::color const&)
 .text._ZN3vex5brain3lcd9drawPixelEii
                0x038059ac       0x14 C:\Program Files (x86)\VEX Robotics\VEXcode Pro V5\sdk/vexv5\libv5rt.a(vex_brain.cpp.obj)
                0x038059ac                vex::brain::lcd::drawPixel(int, int)
 .text._ZN3vex5brain3lcd8drawLineEiiii
                0x038059c0      0x2c4 C:\Program Files (x86)\VEX Robotics\VEXcode Pro V5\sdk/vexv5\libv5rt.a(vex_brain.cpp.obj)
                0x038059c0                vex::brain::lcd::drawLine(int, int, int, int)
 .text._ZN3vex5brain3lcd13drawRectangleEiiii
                0x03805c84       0xdc C:\Program Files (x86)\VEX Robotics\VEXcode Pro V5\sdk/vexv5\libv5rt.a(vex_brain.cpp.obj)
                0x03805c84                vex::brain::lcd::drawRectangle(int, int, int, int)
 .text._ZN3vex5brain3lcd10drawCircleEiii
                0x03805d60       0xa4 C:\Program Files (x86)\VEX Robotics\VEXcode Pro V5\sdk/vexv5\libv5rt.a(vex_brain.cpp.obj)
                0x03805d60                vex::brain::lcd::drawCircle(int, int, int)
 .text._ZN3vex5brain3lcd10rowToPixelEl
                0x03805e04       0x34 C:\Program Files (x86)\VEX Robotics\VEXcode Pro V5\sdk/vexv5\libv5rt.a(vex_brain.cpp.obj)
                0x03805e04                vex::brain::lcd::rowToPixel(long)
 .text._ZN3vex5brain3lcd5printEPKcz
                0x03805e38       0xb8 C:\Program Files (x86)\VEX Robotics\VEXcode Pro V5\sdk/vexv5\libv5rt.a(vex_brain.cpp.obj)
                0x03805e38                vex::brain::lcd::print(char const*, ...)
 .text._ZN3vex5brain3lcd13webColorToRgbEPKc
                0x03805ef0       0x9c C:\Program Files (x86)\VEX Robotics\VEXcode Pro V5\sdk/vexv5\libv5rt.a(vex_brain.cpp.obj)
                0x03805ef0                vex::brain::lcd::webColorToRgb(char const*)
 .text._ZN3vex5brain3lcd11setPenColorEPKc
                0x03805f8c       0x10 C:\Program Files (x86)\VEX Robotics\VEXcode Pro V5\sdk/vexv5\libv5rt.a(vex_brain.cpp.obj)
                0x03805f8c                vex::brain::lcd::setPenColor(char const*)
 .text._ZN3vex5brain3lcd12setFillColorEPKc
                0x03805f9c       0x1c C:\Program Files (x86)\VEX Robotics\VEXcode Pro V5\sdk/vexv5\libv5rt.a(vex_brain.cpp.obj)
                0x03805f9c                vex::brain::lcd::setFillColor(char const*)
 .text._ZN3vex5brainD2Ev
                0x03805fb8       0x20 C:\Program Files (x86)\VEX Robotics\VEXcode Pro V5\sdk/vexv5\libv5rt.a(vex_brain.cpp.obj)
                0x03805fb8                vex::brain::~brain()
                0x03805fb8                vex::brain::~brain()
 .text._ZN3vex11competition8_disableEPv
                0x03805fd8       0xa4 C:\Program Files (x86)\VEX Robotics\VEXcode Pro V5\sdk/vexv5\libv5rt.a(vex_competition.cpp.obj)
                0x03805fd8                vex::competition::_disable(void*)
 .text._ZN3vex11competition11_autonomousEv
                0x0380607c       0x80 C:\Program Files (x86)\VEX Robotics\VEXcode Pro V5\sdk/vexv5\libv5rt.a(vex_competition.cpp.obj)
                0x0380607c                vex::competition::_autonomous()
 .text._ZN3vex11competition14_drivercontrolEv
                0x038060fc       0x80 C:\Program Files (x86)\VEX Robotics\VEXcode Pro V5\sdk/vexv5\libv5rt.a(vex_competition.cpp.obj)
                0x038060fc                vex::competition::_drivercontrol()
 .text._ZN3vex11competitionC2Ev
                0x0380617c      0x13c C:\Program Files (x86)\VEX Robotics\VEXcode Pro V5\sdk/vexv5\libv5rt.a(vex_competition.cpp.obj)
                0x0380617c                vex::competition::competition()
                0x0380617c                vex::competition::competition()
 .text._ZN3vex11competitionD2Ev
                0x038062b8        0x4 C:\Program Files (x86)\VEX Robotics\VEXcode Pro V5\sdk/vexv5\libv5rt.a(vex_competition.cpp.obj)
                0x038062b8                vex::competition::~competition()
                0x038062b8                vex::competition::~competition()
 .text._ZN3vex11competition10autonomousEPFvvE
                0x038062bc       0x44 C:\Program Files (x86)\VEX Robotics\VEXcode Pro V5\sdk/vexv5\libv5rt.a(vex_competition.cpp.obj)
                0x038062bc                vex::competition::autonomous(void (*)())
 .text._ZN3vex11competition13drivercontrolEPFvvE
                0x03806300       0x44 C:\Program Files (x86)\VEX Robotics\VEXcode Pro V5\sdk/vexv5\libv5rt.a(vex_competition.cpp.obj)
                0x03806300                vex::competition::drivercontrol(void (*)())
 .text._ZN3vex7triportD2Ev
                0x03806344       0x38 C:\Program Files (x86)\VEX Robotics\VEXcode Pro V5\sdk/vexv5\libv5rt.a(vex_triport.cpp.obj)
                0x03806344                vex::triport::~triport()
                0x03806344                vex::triport::~triport()
 .text._ZN3vex7triportD0Ev
                0x0380637c       0x1c C:\Program Files (x86)\VEX Robotics\VEXcode Pro V5\sdk/vexv5\libv5rt.a(vex_triport.cpp.obj)
                0x0380637c                vex::triport::~triport()
 .text._ZN3vex7triport9installedEv
                0x03806398       0x18 C:\Program Files (x86)\VEX Robotics\VEXcode Pro V5\sdk/vexv5\libv5rt.a(vex_triport.cpp.obj)
                0x03806398                vex::triport::installed()
 .text._ZN3vex7triport4portC2ElPS0_
                0x038063b0       0x74 C:\Program Files (x86)\VEX Robotics\VEXcode Pro V5\sdk/vexv5\libv5rt.a(vex_triport.cpp.obj)
                0x038063b0                vex::triport::port::port(long, vex::triport*)
                0x038063b0                vex::triport::port::port(long, vex::triport*)
 .text._ZN3vex7triportC2El
                0x03806424       0xf0 C:\Program Files (x86)\VEX Robotics\VEXcode Pro V5\sdk/vexv5\libv5rt.a(vex_triport.cpp.obj)
                0x03806424                vex::triport::triport(long)
                0x03806424                vex::triport::triport(long)
 .text._ZN3vex7triport4port4typeENS_11triportTypeE
                0x03806514       0x30 C:\Program Files (x86)\VEX Robotics\VEXcode Pro V5\sdk/vexv5\libv5rt.a(vex_triport.cpp.obj)
                0x03806514                vex::triport::port::type(vex::triportType)
 .text._ZN3vex7triport4port4typeEv
                0x03806544       0x38 C:\Program Files (x86)\VEX Robotics\VEXcode Pro V5\sdk/vexv5\libv5rt.a(vex_triport.cpp.obj)
                0x03806544                vex::triport::port::type()
 .text._ZN3vex7triport4port5valueEv
                0x0380657c       0x14 C:\Program Files (x86)\VEX Robotics\VEXcode Pro V5\sdk/vexv5\libv5rt.a(vex_triport.cpp.obj)
                0x0380657c                vex::triport::port::value()
 .text._ZN3vex7triport4port5valueEl
                0x03806590       0x18 C:\Program Files (x86)\VEX Robotics\VEXcode Pro V5\sdk/vexv5\libv5rt.a(vex_triport.cpp.obj)
                0x03806590                vex::triport::port::value(long)
 .text._ZN3vex7triport4port11setRotationEdNS_13rotationUnitsE
                0x038065a8       0x50 C:\Program Files (x86)\VEX Robotics\VEXcode Pro V5\sdk/vexv5\libv5rt.a(vex_triport.cpp.obj)
                0x038065a8                vex::triport::port::setRotation(double, vex::rotationUnits)
 .text._ZN3vex7triport4port13resetRotationEv
                0x038065f8       0x20 C:\Program Files (x86)\VEX Robotics\VEXcode Pro V5\sdk/vexv5\libv5rt.a(vex_triport.cpp.obj)
                0x038065f8                vex::triport::port::resetRotation()
 .text._ZN3vex7triport4port8rotationENS_13rotationUnitsE
                0x03806618       0x40 C:\Program Files (x86)\VEX Robotics\VEXcode Pro V5\sdk/vexv5\libv5rt.a(vex_triport.cpp.obj)
                0x03806618                vex::triport::port::rotation(vex::rotationUnits)
 .text._ZN3vex11__trideviceC2ERNS_7triport4portENS_11triportTypeE
                0x03806658       0x5c C:\Program Files (x86)\VEX Robotics\VEXcode Pro V5\sdk/vexv5\libv5rt.a(vex_triport.cpp.obj)
                0x03806658                vex::__tridevice::__tridevice(vex::triport::port&, vex::triportType)
                0x03806658                vex::__tridevice::__tridevice(vex::triport::port&, vex::triportType)
 .text._ZN3vex11digital_outC2ERNS_7triport4portE
                0x038066b4       0x18 C:\Program Files (x86)\VEX Robotics\VEXcode Pro V5\sdk/vexv5\libv5rt.a(vex_triport.cpp.obj)
                0x038066b4                vex::digital_out::digital_out(vex::triport::port&)
                0x038066b4                vex::digital_out::digital_out(vex::triport::port&)
 .text._ZN3vex11digital_outD2Ev
                0x038066cc        0x4 C:\Program Files (x86)\VEX Robotics\VEXcode Pro V5\sdk/vexv5\libv5rt.a(vex_triport.cpp.obj)
                0x038066cc                vex::digital_out::~digital_out()
                0x038066cc                vex::digital_out::~digital_out()
 .text._ZN3vex11digital_out3setEb
                0x038066d0        0x8 C:\Program Files (x86)\VEX Robotics\VEXcode Pro V5\sdk/vexv5\libv5rt.a(vex_triport.cpp.obj)
                0x038066d0                vex::digital_out::set(bool)
 .text._ZN3vex7encoderC2ERNS_7triport4portE
                0x038066d8       0x20 C:\Program Files (x86)\VEX Robotics\VEXcode Pro V5\sdk/vexv5\libv5rt.a(vex_triport.cpp.obj)
                0x038066d8                vex::encoder::encoder(vex::triport::port&)
                0x038066d8                vex::encoder::encoder(vex::triport::port&)
 .text._ZN3vex7encoderD2Ev
                0x038066f8        0x4 C:\Program Files (x86)\VEX Robotics\VEXcode Pro V5\sdk/vexv5\libv5rt.a(vex_triport.cpp.obj)
                0x038066f8                vex::encoder::~encoder()
                0x038066f8                vex::encoder::~encoder()
 .text._ZN3vex7encoder13resetRotationEv
                0x038066fc        0x8 C:\Program Files (x86)\VEX Robotics\VEXcode Pro V5\sdk/vexv5\libv5rt.a(vex_triport.cpp.obj)
                0x038066fc                vex::encoder::resetRotation()
 .text._ZN3vex7encoder8positionENS_13rotationUnitsE
                0x03806704        0x8 C:\Program Files (x86)\VEX Robotics\VEXcode Pro V5\sdk/vexv5\libv5rt.a(vex_triport.cpp.obj)
                0x03806704                vex::encoder::position(vex::rotationUnits)
 .text._ZN3vex5colorD2Ev
                0x0380670c        0x4 C:\Program Files (x86)\VEX Robotics\VEXcode Pro V5\sdk/vexv5\libv5rt.a(vex_color.cpp.obj)
                0x0380670c                vex::color::~color()
                0x0380670c                vex::color::~color()
 .text._ZNK3vex5colorcvmEv
                0x03806710        0x8 C:\Program Files (x86)\VEX Robotics\VEXcode Pro V5\sdk/vexv5\libv5rt.a(vex_color.cpp.obj)
                0x03806710                vex::color::operator unsigned long() const
 .text._ZNK3vex5color13isTransparentEv
                0x03806718        0x8 C:\Program Files (x86)\VEX Robotics\VEXcode Pro V5\sdk/vexv5\libv5rt.a(vex_color.cpp.obj)
                0x03806718                vex::color::isTransparent() const
 .text.startup._GLOBAL__sub_I__ZN3vex5color5blackE
                0x03806720      0x164 C:\Program Files (x86)\VEX Robotics\VEXcode Pro V5\sdk/vexv5\libv5rt.a(vex_color.cpp.obj)
 .text._ZN3vex5timerD2Ev
                0x03806884        0x4 C:\Program Files (x86)\VEX Robotics\VEXcode Pro V5\sdk/vexv5\libv5rt.a(vex_timer.cpp.obj)
                0x03806884                vex::timer::~timer()
                0x03806884                vex::timer::~timer()
 .text._ZN3vex5timer5clearEv
                0x03806888       0x1c C:\Program Files (x86)\VEX Robotics\VEXcode Pro V5\sdk/vexv5\libv5rt.a(vex_timer.cpp.obj)
                0x03806888                vex::timer::clear()
 .text._ZN3vex5timerC2Ev
                0x038068a4       0x14 C:\Program Files (x86)\VEX Robotics\VEXcode Pro V5\sdk/vexv5\libv5rt.a(vex_timer.cpp.obj)
                0x038068a4                vex::timer::timer()
                0x038068a4                vex::timer::timer()
 .text._ZNK3vex5timer4timeENS_9timeUnitsE
                0x038068b8       0x40 C:\Program Files (x86)\VEX Robotics\VEXcode Pro V5\sdk/vexv5\libv5rt.a(vex_timer.cpp.obj)
                0x038068b8                vex::timer::time(vex::timeUnits) const
 .text._ZN3vex5timer6systemEv
                0x038068f8        0x4 C:\Program Files (x86)\VEX Robotics\VEXcode Pro V5\sdk/vexv5\libv5rt.a(vex_timer.cpp.obj)
                0x038068f8                vex::timer::system()
 .text._ZN3vex11motor_group18motor_group_motorsC2Ev
                0x038068fc       0x28 C:\Program Files (x86)\VEX Robotics\VEXcode Pro V5\sdk/vexv5\libv5rt.a(vex_motorgroup.cpp.obj)
                0x038068fc                vex::motor_group::motor_group_motors::motor_group_motors()
                0x038068fc                vex::motor_group::motor_group_motors::motor_group_motors()
 .text._ZN3vex11motor_groupC2Ev
                0x03806924       0x1c C:\Program Files (x86)\VEX Robotics\VEXcode Pro V5\sdk/vexv5\libv5rt.a(vex_motorgroup.cpp.obj)
                0x03806924                vex::motor_group::motor_group()
                0x03806924                vex::motor_group::motor_group()
 .text._ZN3vex11motor_groupD2Ev
                0x03806940        0x4 C:\Program Files (x86)\VEX Robotics\VEXcode Pro V5\sdk/vexv5\libv5rt.a(vex_motorgroup.cpp.obj)
                0x03806940                vex::motor_group::~motor_group()
                0x03806940                vex::motor_group::~motor_group()
 .text._ZN3vex11motor_group9_addMotorERNS_5motorE
                0x03806944       0x20 C:\Program Files (x86)\VEX Robotics\VEXcode Pro V5\sdk/vexv5\libv5rt.a(vex_motorgroup.cpp.obj)
                0x03806944                vex::motor_group::_addMotor(vex::motor&)
 .text.vexAdiPortConfigSet
                0x03806964       0x28 C:\Program Files (x86)\VEX Robotics\VEXcode Pro V5\sdk/vexv5\libv5rt.a(v5_apiuser.c.obj)
                0x03806964                vexAdiPortConfigSet
 .text.vexAdiPortConfigGet
                0x0380698c       0x28 C:\Program Files (x86)\VEX Robotics\VEXcode Pro V5\sdk/vexv5\libv5rt.a(v5_apiuser.c.obj)
                0x0380698c                vexAdiPortConfigGet
 .text.vexAdiValueSet
                0x038069b4       0x28 C:\Program Files (x86)\VEX Robotics\VEXcode Pro V5\sdk/vexv5\libv5rt.a(v5_apiuser.c.obj)
                0x038069b4                vexAdiValueSet
 .text.vexAdiValueGet
                0x038069dc       0x20 C:\Program Files (x86)\VEX Robotics\VEXcode Pro V5\sdk/vexv5\libv5rt.a(v5_apiuser.c.obj)
                0x038069dc                vexAdiValueGet
 .text.vexMotorVelocitySet
                0x038069fc       0x20 C:\Program Files (x86)\VEX Robotics\VEXcode Pro V5\sdk/vexv5\libv5rt.a(v5_apiuser.c.obj)
                0x038069fc                vexMotorVelocitySet
 .text.vexMotorVoltageSet
                0x03806a1c       0x20 C:\Program Files (x86)\VEX Robotics\VEXcode Pro V5\sdk/vexv5\libv5rt.a(v5_apiuser.c.obj)
                0x03806a1c                vexMotorVoltageSet
 .text.vexMotorActualVelocityGet
                0x03806a3c       0x24 C:\Program Files (x86)\VEX Robotics\VEXcode Pro V5\sdk/vexv5\libv5rt.a(v5_apiuser.c.obj)
                0x03806a3c                vexMotorActualVelocityGet
 .text.vexMotorReverseFlagSet
                0x03806a60       0x20 C:\Program Files (x86)\VEX Robotics\VEXcode Pro V5\sdk/vexv5\libv5rt.a(v5_apiuser.c.obj)
                0x03806a60                vexMotorReverseFlagSet
 .text.vexMotorEncoderUnitsSet
                0x03806a80       0x20 C:\Program Files (x86)\VEX Robotics\VEXcode Pro V5\sdk/vexv5\libv5rt.a(v5_apiuser.c.obj)
                0x03806a80                vexMotorEncoderUnitsSet
 .text.vexMotorBrakeModeSet
                0x03806aa0       0x20 C:\Program Files (x86)\VEX Robotics\VEXcode Pro V5\sdk/vexv5\libv5rt.a(v5_apiuser.c.obj)
                0x03806aa0                vexMotorBrakeModeSet
 .text.vexMotorPositionSet
                0x03806ac0       0x28 C:\Program Files (x86)\VEX Robotics\VEXcode Pro V5\sdk/vexv5\libv5rt.a(v5_apiuser.c.obj)
                0x03806ac0                vexMotorPositionSet
 .text.vexMotorPositionGet
                0x03806ae8       0x24 C:\Program Files (x86)\VEX Robotics\VEXcode Pro V5\sdk/vexv5\libv5rt.a(v5_apiuser.c.obj)
                0x03806ae8                vexMotorPositionGet
 .text.vexMotorGearingSet
                0x03806b0c       0x20 C:\Program Files (x86)\VEX Robotics\VEXcode Pro V5\sdk/vexv5\libv5rt.a(v5_apiuser.c.obj)
                0x03806b0c                vexMotorGearingSet
 .text.vexMotorGearingGet
                0x03806b2c       0x18 C:\Program Files (x86)\VEX Robotics\VEXcode Pro V5\sdk/vexv5\libv5rt.a(v5_apiuser.c.obj)
                0x03806b2c                vexMotorGearingGet
 .text.vexVisionModeSet
                0x03806b44       0x20 C:\Program Files (x86)\VEX Robotics\VEXcode Pro V5\sdk/vexv5\libv5rt.a(v5_apiuser.c.obj)
                0x03806b44                vexVisionModeSet
 .text.vexVisionObjectCountGet
                0x03806b64       0x18 C:\Program Files (x86)\VEX Robotics\VEXcode Pro V5\sdk/vexv5\libv5rt.a(v5_apiuser.c.obj)
                0x03806b64                vexVisionObjectCountGet
 .text.vexVisionObjectGet
                0x03806b7c       0x28 C:\Program Files (x86)\VEX Robotics\VEXcode Pro V5\sdk/vexv5\libv5rt.a(v5_apiuser.c.obj)
                0x03806b7c                vexVisionObjectGet
 .text.vexVisionBrightnessSet
                0x03806ba4       0x20 C:\Program Files (x86)\VEX Robotics\VEXcode Pro V5\sdk/vexv5\libv5rt.a(v5_apiuser.c.obj)
                0x03806ba4                vexVisionBrightnessSet
 .text.vexVisionLedModeSet
                0x03806bc4       0x20 C:\Program Files (x86)\VEX Robotics\VEXcode Pro V5\sdk/vexv5\libv5rt.a(v5_apiuser.c.obj)
                0x03806bc4                vexVisionLedModeSet
 .text.vexVisionLedColorSet
                0x03806be4       0x2c C:\Program Files (x86)\VEX Robotics\VEXcode Pro V5\sdk/vexv5\libv5rt.a(v5_apiuser.c.obj)
                0x03806be4                vexVisionLedColorSet
 .text.vexImuReset
                0x03806c10       0x10 C:\Program Files (x86)\VEX Robotics\VEXcode Pro V5\sdk/vexv5\libv5rt.a(v5_apiuser.c.obj)
                0x03806c10                vexImuReset
 .text.vexImuHeadingGet
                0x03806c20       0x10 C:\Program Files (x86)\VEX Robotics\VEXcode Pro V5\sdk/vexv5\libv5rt.a(v5_apiuser.c.obj)
                0x03806c20                vexImuHeadingGet
 .text.vexImuDegreesGet
                0x03806c30       0x10 C:\Program Files (x86)\VEX Robotics\VEXcode Pro V5\sdk/vexv5\libv5rt.a(v5_apiuser.c.obj)
                0x03806c30                vexImuDegreesGet
 .text.vexImuStatusGet
                0x03806c40       0x10 C:\Program Files (x86)\VEX Robotics\VEXcode Pro V5\sdk/vexv5\libv5rt.a(v5_apiuser.c.obj)
                0x03806c40                vexImuStatusGet
 .text.vexEventMaskSet
                0x03806c50       0x28 C:\Program Files (x86)\VEX Robotics\VEXcode Pro V5\sdk/vexv5\libv5rt.a(v5_apiuser.c.obj)
                0x03806c50                vexEventMaskSet
 .text.vexEventMaskGet
                0x03806c78       0x18 C:\Program Files (x86)\VEX Robotics\VEXcode Pro V5\sdk/vexv5\libv5rt.a(v5_apiuser.c.obj)
                0x03806c78                vexEventMaskGet
 .text.vexEventBitsSet
                0x03806c90       0x28 C:\Program Files (x86)\VEX Robotics\VEXcode Pro V5\sdk/vexv5\libv5rt.a(v5_apiuser.c.obj)
                0x03806c90                vexEventBitsSet
 .text.vexEventBitsGet
                0x03806cb8       0x18 C:\Program Files (x86)\VEX Robotics\VEXcode Pro V5\sdk/vexv5\libv5rt.a(v5_apiuser.c.obj)
                0x03806cb8                vexEventBitsGet
 .text._ZN3vex6deviceD2Ev
                0x03806cd0        0x4 C:\Program Files (x86)\VEX Robotics\VEXcode Pro V5\sdk/vexv5\libv5rt.a(vex_device.cpp.obj)
                0x03806cd0                vex::device::~device()
                0x03806cd0                vex::device::~device()
 .text._ZN3vex6device5valueEv
                0x03806cd4        0x8 C:\Program Files (x86)\VEX Robotics\VEXcode Pro V5\sdk/vexv5\libv5rt.a(vex_device.cpp.obj)
                0x03806cd4                vex::device::value()
 .text._ZN3vex6deviceD0Ev
                0x03806cdc       0x14 C:\Program Files (x86)\VEX Robotics\VEXcode Pro V5\sdk/vexv5\libv5rt.a(vex_device.cpp.obj)
                0x03806cdc                vex::device::~device()
 .text._ZN3vex6device4initEl
                0x03806cf0       0x30 C:\Program Files (x86)\VEX Robotics\VEXcode Pro V5\sdk/vexv5\libv5rt.a(vex_device.cpp.obj)
                0x03806cf0                vex::device::init(long)
 .text._ZN3vex6deviceC2El
                0x03806d20       0x20 C:\Program Files (x86)\VEX Robotics\VEXcode Pro V5\sdk/vexv5\libv5rt.a(vex_device.cpp.obj)
                0x03806d20                vex::device::device(long)
                0x03806d20                vex::device::device(long)
 .text._ZN3vex6device4typeEv
                0x03806d40       0x10 C:\Program Files (x86)\VEX Robotics\VEXcode Pro V5\sdk/vexv5\libv5rt.a(vex_device.cpp.obj)
                0x03806d40                vex::device::type()
 .text._ZN3vex6device9installedEv
                0x03806d50       0x14 C:\Program Files (x86)\VEX Robotics\VEXcode Pro V5\sdk/vexv5\libv5rt.a(vex_device.cpp.obj)
                0x03806d50                vex::device::installed()
 .text.__libc_fini_array
                0x03806d64       0x30 C:\Program Files (x86)\VEX Robotics\VEXcode Pro V5\sdk/vexv5/gcc/libs\libc.a(lib_a-fini.o)
                0x03806d64                __libc_fini_array
 .text.__libc_init_array
                0x03806d94       0x58 C:\Program Files (x86)\VEX Robotics\VEXcode Pro V5\sdk/vexv5/gcc/libs\libc.a(lib_a-init.o)
                0x03806d94                __libc_init_array
 .text.__signbitf
                0x03806dec        0x4 C:\Program Files (x86)\VEX Robotics\VEXcode Pro V5\sdk/vexv5/gcc/libs\libm.a(lib_a-s_signbit.o)
                0x03806dec                __signbitf
 .text.__signbitf.__stub
                0x03806df0       0x18 linker stubs
 *(.gnu.linkonce.t.*)
 *(.plt)
 *(.gnu_warning)
 *(.gcc_except_table)
 *(.glue_7)
 .glue_7        0x00000000        0x0 linker stubs
 *(.glue_7t)
 .glue_7t       0x00000000        0x0 linker stubs
 *(.vfp11_veneer)
 .vfp11_veneer  0x00000000        0x0 linker stubs
 *(.ARM.extab)
 *(.gnu.linkonce.armextab.*)

.v4_bx          0x03806e08        0x0
 .v4_bx         0x00000000        0x0 linker stubs

.iplt           0x03806e08        0x0
 .iplt          0x00000000        0x0 build/src/chassis-control.o

.init
 *(.init)

.fini
 *(.fini)

.rodata         0x03806e08      0x364
                0x03806e08                __rodata_start = .
 *(.rodata)
 *(.rodata.*)
 .rodata.str1.1
                0x03806e08       0x80 build/src/chassis-control.o
 .rodata.str1.1
                0x03806e88       0x80 build/src/main.o
 .rodata.str1.1
                0x03806f08       0x34 build/src/draw-field.o
 .rodata.str1.1
                0x03806f3c        0x5 build/src/flywheel.o
 .rodata.str1.1
                0x03806f41       0x1a build/src/odometry.o
 .rodata.str1.1
                0x03806f5b       0x2e C:\Program Files (x86)\VEX Robotics\VEXcode Pro V5\sdk/vexv5\libv5rt.a(v5_startup.c.obj)
 *fill*         0x03806f89        0x3 
 .rodata._ZN3vex6PORT20E
                0x03806f8c        0x4 C:\Program Files (x86)\VEX Robotics\VEXcode Pro V5\sdk/vexv5\libv5rt.a(vex_global.cpp.obj)
                0x03806f8c                vex::PORT20
 .rodata._ZN3vex3revE
                0x03806f90        0x4 C:\Program Files (x86)\VEX Robotics\VEXcode Pro V5\sdk/vexv5\libv5rt.a(vex_global.cpp.obj)
                0x03806f90                vex::rev
 .rodata._ZN3vex3fwdE
                0x03806f94        0x4 C:\Program Files (x86)\VEX Robotics\VEXcode Pro V5\sdk/vexv5\libv5rt.a(vex_global.cpp.obj)
                0x03806f94                vex::fwd
 .rodata._ZN3vex5PORT3E
                0x03806f98        0x4 C:\Program Files (x86)\VEX Robotics\VEXcode Pro V5\sdk/vexv5\libv5rt.a(vex_global.cpp.obj)
                0x03806f98                vex::PORT3
 .rodata._ZN3vex5PORT1E
                0x03806f9c        0x4 C:\Program Files (x86)\VEX Robotics\VEXcode Pro V5\sdk/vexv5\libv5rt.a(vex_global.cpp.obj)
                0x03806f9c                vex::PORT1
 .rodata._ZN3vex7reverseE
                0x03806fa0        0x4 C:\Program Files (x86)\VEX Robotics\VEXcode Pro V5\sdk/vexv5\libv5rt.a(vex_global.cpp.obj)
                0x03806fa0                vex::reverse
 .rodata._ZN3vex4voltE
                0x03806fa4        0x4 C:\Program Files (x86)\VEX Robotics\VEXcode Pro V5\sdk/vexv5\libv5rt.a(vex_global.cpp.obj)
                0x03806fa4                vex::volt
 .rodata._ZN3vex5PORT5E
                0x03806fa8        0x4 C:\Program Files (x86)\VEX Robotics\VEXcode Pro V5\sdk/vexv5\libv5rt.a(vex_global.cpp.obj)
                0x03806fa8                vex::PORT5
 .rodata._ZN3vex3pctE
                0x03806fac        0x4 C:\Program Files (x86)\VEX Robotics\VEXcode Pro V5\sdk/vexv5\libv5rt.a(vex_global.cpp.obj)
                0x03806fac                vex::pct
 .rodata._ZN3vex3redE
                0x03806fb0        0x4 C:\Program Files (x86)\VEX Robotics\VEXcode Pro V5\sdk/vexv5\libv5rt.a(vex_global.cpp.obj)
                0x03806fb0                vex::red
 .rodata._ZN3vex5blackE
                0x03806fb4        0x4 C:\Program Files (x86)\VEX Robotics\VEXcode Pro V5\sdk/vexv5\libv5rt.a(vex_global.cpp.obj)
                0x03806fb4                vex::black
 .rodata._ZN3vex4msecE
                0x03806fb8        0x4 C:\Program Files (x86)\VEX Robotics\VEXcode Pro V5\sdk/vexv5\libv5rt.a(vex_global.cpp.obj)
                0x03806fb8                vex::msec
 .rodata._ZN3vex4blueE
                0x03806fbc        0x4 C:\Program Files (x86)\VEX Robotics\VEXcode Pro V5\sdk/vexv5\libv5rt.a(vex_global.cpp.obj)
                0x03806fbc                vex::blue
 .rodata._ZN3vex5PORT9E
                0x03806fc0        0x4 C:\Program Files (x86)\VEX Robotics\VEXcode Pro V5\sdk/vexv5\libv5rt.a(vex_global.cpp.obj)
                0x03806fc0                vex::PORT9
 .rodata._ZN3vex3rpmE
                0x03806fc4        0x4 C:\Program Files (x86)\VEX Robotics\VEXcode Pro V5\sdk/vexv5\libv5rt.a(vex_global.cpp.obj)
                0x03806fc4                vex::rpm
 .rodata._ZN3vex6PORT11E
                0x03806fc8        0x4 C:\Program Files (x86)\VEX Robotics\VEXcode Pro V5\sdk/vexv5\libv5rt.a(vex_global.cpp.obj)
                0x03806fc8                vex::PORT11
 .rodata._ZN3vex5PORT6E
                0x03806fcc        0x4 C:\Program Files (x86)\VEX Robotics\VEXcode Pro V5\sdk/vexv5\libv5rt.a(vex_global.cpp.obj)
                0x03806fcc                vex::PORT6
 .rodata._ZN3vex7primaryE
                0x03806fd0        0x4 C:\Program Files (x86)\VEX Robotics\VEXcode Pro V5\sdk/vexv5\libv5rt.a(vex_global.cpp.obj)
                0x03806fd0                vex::primary
 .rodata._ZN3vex3degE
                0x03806fd4        0x4 C:\Program Files (x86)\VEX Robotics\VEXcode Pro V5\sdk/vexv5\libv5rt.a(vex_global.cpp.obj)
                0x03806fd4                vex::deg
 .rodata._ZN3vex5greenE
                0x03806fd8        0x4 C:\Program Files (x86)\VEX Robotics\VEXcode Pro V5\sdk/vexv5\libv5rt.a(vex_global.cpp.obj)
                0x03806fd8                vex::green
 .rodata._ZN3vex7degreesE
                0x03806fdc        0x4 C:\Program Files (x86)\VEX Robotics\VEXcode Pro V5\sdk/vexv5\libv5rt.a(vex_global.cpp.obj)
                0x03806fdc                vex::degrees
 .rodata._ZN3vex6PORT22E
                0x03806fe0        0x4 C:\Program Files (x86)\VEX Robotics\VEXcode Pro V5\sdk/vexv5\libv5rt.a(vex_global.cpp.obj)
                0x03806fe0                vex::PORT22
 .rodata._ZN3vex6PORT12E
                0x03806fe4        0x4 C:\Program Files (x86)\VEX Robotics\VEXcode Pro V5\sdk/vexv5\libv5rt.a(vex_global.cpp.obj)
                0x03806fe4                vex::PORT12
 .rodata._ZN3vex5PORT7E
                0x03806fe8        0x4 C:\Program Files (x86)\VEX Robotics\VEXcode Pro V5\sdk/vexv5\libv5rt.a(vex_global.cpp.obj)
                0x03806fe8                vex::PORT7
 .rodata._ZN3vex8ratio6_1E
                0x03806fec        0x4 C:\Program Files (x86)\VEX Robotics\VEXcode Pro V5\sdk/vexv5\libv5rt.a(vex_global.cpp.obj)
                0x03806fec                vex::ratio6_1
 .rodata._ZN3vex5coastE
                0x03806ff0        0x4 C:\Program Files (x86)\VEX Robotics\VEXcode Pro V5\sdk/vexv5\libv5rt.a(vex_global.cpp.obj)
                0x03806ff0                vex::coast
 .rodata._ZN3vex5PORT4E
                0x03806ff4        0x4 C:\Program Files (x86)\VEX Robotics\VEXcode Pro V5\sdk/vexv5\libv5rt.a(vex_global.cpp.obj)
                0x03806ff4                vex::PORT4
 .rodata._ZN3vex9ratio18_1E
                0x03806ff8        0x4 C:\Program Files (x86)\VEX Robotics\VEXcode Pro V5\sdk/vexv5\libv5rt.a(vex_global.cpp.obj)
                0x03806ff8                vex::ratio18_1
 .rodata._ZN3vex6PORT17E
                0x03806ffc        0x4 C:\Program Files (x86)\VEX Robotics\VEXcode Pro V5\sdk/vexv5\libv5rt.a(vex_global.cpp.obj)
                0x03806ffc                vex::PORT17
 .rodata._ZTVN3vex5motorE
                0x03807000       0x18 C:\Program Files (x86)\VEX Robotics\VEXcode Pro V5\sdk/vexv5\libv5rt.a(vex_motor.cpp.obj)
                0x03807000                vtable for vex::motor
 .rodata._ZTVN3vex6visionE
                0x03807018       0x18 C:\Program Files (x86)\VEX Robotics\VEXcode Pro V5\sdk/vexv5\libv5rt.a(vex_vision.cpp.obj)
                0x03807018                vtable for vex::vision
 .rodata._ZTVN3vex8inertialE
                0x03807030       0x68 C:\Program Files (x86)\VEX Robotics\VEXcode Pro V5\sdk/vexv5\libv5rt.a(vex_imu.cpp.obj)
                0x03807030                vtable for vex::inertial
 .rodata.str1.1
                0x03807098       0x1f C:\Program Files (x86)\VEX Robotics\VEXcode Pro V5\sdk/vexv5\libv5rt.a(vex_controller.cpp.obj)
                                 0x20 (size before relaxing)
 .rodata.CSWTCH.16
                0x038070b7        0xb C:\Program Files (x86)\VEX Robotics\VEXcode Pro V5\sdk/vexv5\libv5rt.a(vex_controller.cpp.obj)
 .rodata.CSWTCH.18
                0x038070c2        0xb C:\Program Files (x86)\VEX Robotics\VEXcode Pro V5\sdk/vexv5\libv5rt.a(vex_controller.cpp.obj)
 .rodata.CSWTCH.24
                0x038070cd        0x3 C:\Program Files (x86)\VEX Robotics\VEXcode Pro V5\sdk/vexv5\libv5rt.a(vex_controller.cpp.obj)
 .rodata.str1.1
                0x038070d0       0x14 C:\Program Files (x86)\VEX Robotics\VEXcode Pro V5\sdk/vexv5\libv5rt.a(vex_task.cpp.obj)
 .rodata.str1.1
                0x038070e4       0x2d C:\Program Files (x86)\VEX Robotics\VEXcode Pro V5\sdk/vexv5\libv5rt.a(vex_brain.cpp.obj)
 .rodata.CSWTCH.36
                0x03807111       0x10 C:\Program Files (x86)\VEX Robotics\VEXcode Pro V5\sdk/vexv5\libv5rt.a(vex_triport.cpp.obj)
 *fill*         0x03807121        0x7 
 .rodata._ZTVN3vex7triportE
                0x03807128       0x18 C:\Program Files (x86)\VEX Robotics\VEXcode Pro V5\sdk/vexv5\libv5rt.a(vex_triport.cpp.obj)
                0x03807128                vtable for vex::triport
 .rodata.CSWTCH.31
                0x03807140        0xe C:\Program Files (x86)\VEX Robotics\VEXcode Pro V5\sdk/vexv5\libv5rt.a(vex_triport.cpp.obj)
 *fill*         0x0380714e        0x2 
 .rodata._ZTVN3vex6deviceE
                0x03807150       0x18 C:\Program Files (x86)\VEX Robotics\VEXcode Pro V5\sdk/vexv5\libv5rt.a(vex_device.cpp.obj)
                0x03807150                vtable for vex::device
 .rodata.str1.4
                0x03807168        0x4 C:\Program Files (x86)\VEX Robotics\VEXcode Pro V5\sdk/vexv5/gcc/libs\libc.a(lib_a-impure.o)
                                  0x2 (size before relaxing)
 *(.gnu.linkonce.r.*)
                0x0380716c                __rodata_end = .

.rodata1        0x0380716c        0x0
                0x0380716c                __rodata1_start = .
 *(.rodata1)
 *(.rodata1.*)
                0x0380716c                __rodata1_end = .

.sdata2         0x0380716c        0x0
                0x0380716c                __sdata2_start = .
 *(.sdata2)
 *(.sdata2.*)
 *(.gnu.linkonce.s2.*)
                0x0380716c                __sdata2_end = .

.sbss2          0x0380716c        0x0
                0x0380716c                __sbss2_start = .
 *(.sbss2)
 *(.sbss2.*)
 *(.gnu.linkonce.sb2.*)
                0x0380716c                __sbss2_end = .

.data           0x03807170      0x4ec
                0x03807170                __data_start = .
 *(.data)
 *(.data.*)
 .data.timeOutValue
                0x03807170        0x4 build/src/chassis-control.o
                0x03807170                timeOutValue
 *fill*         0x03807174        0x4 
 .data.maxAllowedSpeed
                0x03807178        0x8 build/src/chassis-control.o
                0x03807178                maxAllowedSpeed
 .data.driveMaxError
                0x03807180        0x8 build/src/chassis-control.o
                0x03807180                driveMaxError
 .data.driveIntegralBound
                0x03807188        0x8 build/src/chassis-control.o
                0x03807188                driveIntegralBound
 .data.drivekP  0x03807190        0x8 build/src/chassis-control.o
                0x03807190                drivekP
 .data.drivekI  0x03807198        0x8 build/src/chassis-control.o
                0x03807198                drivekI
 .data.turnMaxError
                0x038071a0        0x8 build/src/chassis-control.o
                0x038071a0                turnMaxError
 .data.turnIntegralBound
                0x038071a8        0x8 build/src/chassis-control.o
                0x038071a8                turnIntegralBound
 .data.turnkP   0x038071b0        0x8 build/src/chassis-control.o
                0x038071b0                turnkP
 .data.turnkI   0x038071b8        0x8 build/src/chassis-control.o
                0x038071b8                turnkI
 .data.turnkD   0x038071c0        0x8 build/src/chassis-control.o
                0x038071c0                turnkD
 .data.maxRestTime
                0x038071c8        0x4 build/src/chassis-control.o
                0x038071c8                maxRestTime
 *fill*         0x038071cc        0x4 
 .data.goalSize
                0x038071d0        0x8 build/src/draw-field.o
                0x038071d0                goalSize
 .data.robotSize
                0x038071d8        0x4 build/src/draw-field.o
                0x038071d8                robotSize
 .data.FW_MAX_POWER
                0x038071dc        0x4 build/src/flywheel.o
                0x038071dc                FW_MAX_POWER
 .data.flyIntegralBound
                0x038071e0        0x8 build/src/flywheel.o
                0x038071e0                flyIntegralBound
 .data.flykP    0x038071e8        0x8 build/src/flywheel.o
                0x038071e8                flykP
 .data.WHEEL_RADIUS
                0x038071f0        0x8 build/src/odometry.o
                0x038071f0                WHEEL_RADIUS
 .data.THETA_START
                0x038071f8        0x8 build/src/odometry.o
                0x038071f8                THETA_START
 .data.X_START  0x03807200        0x8 build/src/odometry.o
                0x03807200                X_START
 .data.Y_START  0x03807208        0x8 build/src/odometry.o
                0x03807208                Y_START
 .data.LTrackRadius
                0x03807210        0x8 build/src/odometry.o
                0x03807210                LTrackRadius
 .data.STrackRadius
                0x03807218        0x8 build/src/odometry.o
                0x03807218                STrackRadius
 .data.appRunning
                0x03807220        0x4 C:\Program Files (x86)\VEX Robotics\VEXcode Pro V5\sdk/vexv5\libv5rt.a(v5_startup.c.obj)
                0x03807220                appRunning
 .data.__yoff   0x03807224        0x4 C:\Program Files (x86)\VEX Robotics\VEXcode Pro V5\sdk/vexv5\libv5rt.a(v5_apijump.c.obj)
 .data._ZN3vex24__default_motor_velocityE
                0x03807228        0x4 C:\Program Files (x86)\VEX Robotics\VEXcode Pro V5\sdk/vexv5\libv5rt.a(vex_motor.cpp.obj)
                0x03807228                vex::__default_motor_velocity
 *fill*         0x0380722c        0x4 
 .data.impure_data
                0x03807230      0x428 C:\Program Files (x86)\VEX Robotics\VEXcode Pro V5\sdk/vexv5/gcc/libs\libc.a(lib_a-impure.o)
 .data._impure_ptr
                0x03807658        0x4 C:\Program Files (x86)\VEX Robotics\VEXcode Pro V5\sdk/vexv5/gcc/libs\libc.a(lib_a-impure.o)
                0x03807658                _impure_ptr
 *(.gnu.linkonce.d.*)
 *(.jcr)
 *(.got)
 *(.got.plt)
                0x0380765c                __data_end = .

.igot.plt       0x0380765c        0x0
 .igot.plt      0x00000000        0x0 build/src/chassis-control.o

.data1          0x0380765c        0x0
                0x0380765c                __data1_start = .
 *(.data1)
 *(.data1.*)
                0x0380765c                __data1_end = .

.got
 *(.got)

.ctors          0x0380765c        0x0
                0x0380765c                __CTOR_LIST__ = .
                0x0380765c                ___CTORS_LIST___ = .
 *crtbegin.o(.ctors)
 *(EXCLUDE_FILE(*crtend.o) .ctors)
 *(SORT(.ctors.*))
 *(.ctors)
                0x0380765c                __CTOR_END__ = .
                0x0380765c                ___CTORS_END___ = .

.dtors          0x0380765c        0x0
                0x0380765c                __DTOR_LIST__ = .
                0x0380765c                ___DTORS_LIST___ = .
 *crtbegin.o(.dtors)
 *(EXCLUDE_FILE(*crtend.o) .dtors)
 *(SORT(.dtors.*))
 *(.dtors)
                0x0380765c                __DTOR_END__ = .
                0x0380765c                ___DTORS_END___ = .

.fixup          0x0380765c        0x0
                0x0380765c                __fixup_start = .
 *(.fixup)
                0x0380765c                __fixup_end = .

.eh_frame
 *(.eh_frame)

.eh_framehdr    0x0380765c        0x0
                0x0380765c                __eh_framehdr_start = .
 *(.eh_framehdr)
                0x0380765c                __eh_framehdr_end = .

.gcc_except_table
 *(.gcc_except_table)

.mmu_tbl        0x03808000        0x0
                0x03808000                __mmu_tbl_start = .
 *(.mmu_tbl)
                0x03808000                __mmu_tbl_end = .

.ARM.exidx      0x0380765c        0x8
                0x0380765c                __exidx_start = .
 *(.ARM.exidx*)
 .ARM.exidx.text._Z8drivePIDv
                0x0380765c        0x8 build/src/chassis-control.o
 .ARM.exidx.text._Z7turnPIDv
                0x03807664        0x0 build/src/chassis-control.o
                                  0x8 (size before relaxing)
 .ARM.exidx.text._Z14chassisControlv
                0x03807664        0x0 build/src/chassis-control.o
                                  0x8 (size before relaxing)
 .ARM.exidx.text._GLOBAL__sub_I_chassis_control.cpp
                0x03807664        0x0 build/src/chassis-control.o
                                  0x8 (size before relaxing)
 .ARM.exidx.text._Z9pre_autonv
                0x03807664        0x0 build/src/main.o
                                  0x8 (size before relaxing)
 .ARM.exidx.text._Z10autonomousv
                0x03807664        0x0 build/src/main.o
                                  0x8 (size before relaxing)
 .ARM.exidx.text._Z13intakeControlv
                0x03807664        0x0 build/src/main.o
                                  0x8 (size before relaxing)
 .ARM.exidx.text._Z14puncherControlv
                0x03807664        0x0 build/src/main.o
                                  0x8 (size before relaxing)
 .ARM.exidx.text._Z15catapultControlv
                0x03807664        0x0 build/src/main.o
                                  0x8 (size before relaxing)
 .ARM.exidx.text._Z13rollerControlv
                0x03807664        0x0 build/src/main.o
                                  0x8 (size before relaxing)
 .ARM.exidx.text._Z11usercontrolv
                0x03807664        0x0 build/src/main.o
                                  0x8 (size before relaxing)
 .ARM.exidx.text.main
                0x03807664        0x0 build/src/main.o
                                  0x8 (size before relaxing)
 .ARM.exidx.text._GLOBAL__sub_I_main.cpp
                0x03807664        0x0 build/src/main.o
                                  0x8 (size before relaxing)
 .ARM.exidx.text._Z11drawRedGoalii
                0x03807664        0x0 build/src/draw-field.o
                                  0x8 (size before relaxing)
 .ARM.exidx.text._Z12drawBlueGoalii
                0x03807664        0x0 build/src/draw-field.o
                                  0x8 (size before relaxing)
 .ARM.exidx.text._Z9drawFieldv
                0x03807664        0x0 build/src/draw-field.o
                                  0x8 (size before relaxing)
 .ARM.exidx.text._Z13FwVelocitySetif
                0x03807664        0x0 build/src/flywheel.o
                                  0x8 (size before relaxing)
 .ARM.exidx.text._Z16FwCalculateSpeedv
                0x03807664        0x0 build/src/flywheel.o
                                  0x8 (size before relaxing)
 .ARM.exidx.text._Z27FwControlUpdateVelocityTbhRv
                0x03807664        0x0 build/src/flywheel.o
                                  0x8 (size before relaxing)
 .ARM.exidx.text._Z27FwControlUpdateVelocityTbhLv
                0x03807664        0x0 build/src/flywheel.o
                                  0x8 (size before relaxing)
 .ARM.exidx.text._Z11flyWheelPIDv
                0x03807664        0x0 build/src/flywheel.o
                                  0x8 (size before relaxing)
 .ARM.exidx.text._Z13FwControlTaskv
                0x03807664        0x0 build/src/flywheel.o
                                  0x8 (size before relaxing)
 .ARM.exidx.text._Z11vexcodeInitv
                0x03807664        0x0 build/src/robot-config.o
                                  0x8 (size before relaxing)
 .ARM.exidx.text._GLOBAL__sub_I_robot_config.cpp
                0x03807664        0x0 build/src/robot-config.o
                                  0x8 (size before relaxing)
 .ARM.exidx.text._Z16positionTrackingv
                0x03807664        0x0 build/src/odometry.o
                                  0x8 (size before relaxing)
 .ARM.exidx.text._GLOBAL__sub_I_odometry.cpp
                0x03807664        0x0 build/src/odometry.o
                                  0x8 (size before relaxing)
 *(.gnu.linkonce.armexidix.*.*)
                0x03807664                __exidx_end = .

.rel.dyn        0x03807664        0x0
 .rel.iplt      0x00000000        0x0 build/src/chassis-control.o

.preinit_array  0x03807664        0x0
                0x03807664                __preinit_array_start = .
 *(SORT(.preinit_array.*))
 *(.preinit_array)
                0x03807664                __preinit_array_end = .

.init_array     0x03807664       0x14