Archive member included because of file (symbol)

C:\Program Files (x86)\VEX Robotics\VEXcode Pro V5\sdk/vexv5\libv5rt.a(v5_startup.c.obj)
                              (vexStartup)
C:\Program Files (x86)\VEX Robotics\VEXcode Pro V5\sdk/vexv5\libv5rt.a(v5_util.c.obj)
                              C:\Program Files (x86)\VEX Robotics\VEXcode Pro V5\sdk/vexv5\libv5rt.a(v5_startup.c.obj) (vexStdlibVersionLinked)
C:\Program Files (x86)\VEX Robotics\VEXcode Pro V5\sdk/vexv5\libv5rt.a(v5_apijump.c.obj)
                              C:\Program Files (x86)\VEX Robotics\VEXcode Pro V5\sdk/vexv5\libv5rt.a(v5_startup.c.obj) (vexPrivateApiEnable)
C:\Program Files (x86)\VEX Robotics\VEXcode Pro V5\sdk/vexv5\libv5rt.a(v5_apiversions.c.obj)
                              C:\Program Files (x86)\VEX Robotics\VEXcode Pro V5\sdk/vexv5\libv5rt.a(v5_apijump.c.obj) (vexSystemVersion)
C:\Program Files (x86)\VEX Robotics\VEXcode Pro V5\sdk/vexv5\libv5rt.a(vex_global.cpp.obj)
                              build/src/main.o (vex::wait(double, vex::timeUnits))
C:\Program Files (x86)\VEX Robotics\VEXcode Pro V5\sdk/vexv5\libv5rt.a(vex_motor.cpp.obj)
                              build/src/robot-config.o (vex::motor::~motor())
C:\Program Files (x86)\VEX Robotics\VEXcode Pro V5\sdk/vexv5\libv5rt.a(vex_vision.cpp.obj)
                              build/src/robot-config.o (vex::vision::~vision())
C:\Program Files (x86)\VEX Robotics\VEXcode Pro V5\sdk/vexv5\libv5rt.a(vex_imu.cpp.obj)
                              build/src/main.o (vex::inertial::setHeading(double, vex::rotationUnits))
C:\Program Files (x86)\VEX Robotics\VEXcode Pro V5\sdk/vexv5\libv5rt.a(vex_controller.cpp.obj)
                              build/src/robot-config.o (vex::controller::~controller())
C:\Program Files (x86)\VEX Robotics\VEXcode Pro V5\sdk/vexv5\libv5rt.a(vex_task.cpp.obj)
                              build/src/main.o (vex::task::task())
C:\Program Files (x86)\VEX Robotics\VEXcode Pro V5\sdk/vexv5\libv5rt.a(vex_thread.cpp.obj)
                              C:\Program Files (x86)\VEX Robotics\VEXcode Pro V5\sdk/vexv5\libv5rt.a(vex_global.cpp.obj) (vex::this_thread::sleep_for(unsigned long))
C:\Program Files (x86)\VEX Robotics\VEXcode Pro V5\sdk/vexv5\libv5rt.a(vex_event.cpp.obj)
                              C:\Program Files (x86)\VEX Robotics\VEXcode Pro V5\sdk/vexv5\libv5rt.a(vex_imu.cpp.obj) (vex::event::init(unsigned long, unsigned long, void (*)()))
C:\Program Files (x86)\VEX Robotics\VEXcode Pro V5\sdk/vexv5\libv5rt.a(vex_mevent.cpp.obj)
                              C:\Program Files (x86)\VEX Robotics\VEXcode Pro V5\sdk/vexv5\libv5rt.a(vex_controller.cpp.obj) (vex::mevent::mevent(unsigned long, unsigned long))
C:\Program Files (x86)\VEX Robotics\VEXcode Pro V5\sdk/vexv5\libv5rt.a(vex_brain.cpp.obj)
                              build/src/chassis-control.o (vex::brain::timer(vex::timeUnits))
C:\Program Files (x86)\VEX Robotics\VEXcode Pro V5\sdk/vexv5\libv5rt.a(vex_competition.cpp.obj)
                              build/src/main.o (vex::competition::competition())
C:\Program Files (x86)\VEX Robotics\VEXcode Pro V5\sdk/vexv5\libv5rt.a(vex_triport.cpp.obj)
                              C:\Program Files (x86)\VEX Robotics\VEXcode Pro V5\sdk/vexv5\libv5rt.a(vex_brain.cpp.obj) (vex::triport::~triport())
C:\Program Files (x86)\VEX Robotics\VEXcode Pro V5\sdk/vexv5\libv5rt.a(vex_color.cpp.obj)
                              C:\Program Files (x86)\VEX Robotics\VEXcode Pro V5\sdk/vexv5\libv5rt.a(vex_brain.cpp.obj) (vex::color::operator unsigned long() const)
C:\Program Files (x86)\VEX Robotics\VEXcode Pro V5\sdk/vexv5\libv5rt.a(vex_timer.cpp.obj)
                              C:\Program Files (x86)\VEX Robotics\VEXcode Pro V5\sdk/vexv5\libv5rt.a(vex_brain.cpp.obj) (vex::timer::~timer())
C:\Program Files (x86)\VEX Robotics\VEXcode Pro V5\sdk/vexv5\libv5rt.a(vex_motorgroup.cpp.obj)
                              build/src/main.o (vex::motor_group::motor_group())
C:\Program Files (x86)\VEX Robotics\VEXcode Pro V5\sdk/vexv5\libv5rt.a(v5_apiuser.c.obj)
                              C:\Program Files (x86)\VEX Robotics\VEXcode Pro V5\sdk/vexv5\libv5rt.a(vex_triport.cpp.obj) (vexAdiPortConfigSet)
C:\Program Files (x86)\VEX Robotics\VEXcode Pro V5\sdk/vexv5\libv5rt.a(vex_device.cpp.obj)
                              C:\Program Files (x86)\VEX Robotics\VEXcode Pro V5\sdk/vexv5\libv5rt.a(vex_motor.cpp.obj) (vex::device::~device())
C:\Program Files (x86)\VEX Robotics\VEXcode Pro V5\sdk/vexv5/gcc/libs\libc.a(lib_a-fini.o)
                              C:\Program Files (x86)\VEX Robotics\VEXcode Pro V5\sdk/vexv5\libv5rt.a(v5_startup.c.obj) (__libc_fini_array)
C:\Program Files (x86)\VEX Robotics\VEXcode Pro V5\sdk/vexv5/gcc/libs\libc.a(lib_a-impure.o)
                              C:\Program Files (x86)\VEX Robotics\VEXcode Pro V5\sdk/vexv5\libv5rt.a(v5_startup.c.obj) (_impure_ptr)
[...]
Memory Configuration

Name             Origin             Length             Attributes
ps7_ddr_0_S_AXI_BASEADDR 0x03800000         0x04800000
*default*        0x00000000         0xffffffff

Linker script and memory map

                0x00002000                _STACK_SIZE = DEFINED (_STACK_SIZE)?_STACK_SIZE:0x2000
                0x00100000                _HEAP_SIZE = DEFINED (_HEAP_SIZE)?_HEAP_SIZE:0x100000
                0x00000400                _ABORT_STACK_SIZE = DEFINED (_ABORT_STACK_SIZE)?_ABORT_STACK_SIZE:0x400
                0x00000800                _SUPERVISOR_STACK_SIZE = DEFINED (_SUPERVISOR_STACK_SIZE)?_SUPERVISOR_STACK_SIZE:0x800
                0x00000400                _IRQ_STACK_SIZE = DEFINED (_IRQ_STACK_SIZE)?_IRQ_STACK_SIZE:0x400
                0x00000400                _FIQ_STACK_SIZE = DEFINED (_FIQ_STACK_SIZE)?_FIQ_STACK_SIZE:0x400
                0x00000400                _UNDEF_STACK_SIZE = DEFINED (_UNDEF_STACK_SIZE)?_UNDEF_STACK_SIZE:0x400

.text           0x03800000     0x7908
 *(.vectors)
 *(.boot_data)
 .boot_data     0x03800000       0x20 C:\Program Files (x86)\VEX Robotics\VEXcode Pro V5\sdk/vexv5\libv5rt.a(v5_startup.c.obj)
                0x03800000                vexCodeSig
                0x00000020                . = 0x20
 *(.boot)
 .boot          0x03800020       0xbc C:\Program Files (x86)\VEX Robotics\VEXcode Pro V5\sdk/vexv5\libv5rt.a(v5_startup.c.obj)
                0x03800020                vexStartup
                0x03800100                . = ALIGN (0x40)
 *fill*         0x038000dc       0x24 
 *(.freertos_vectors)
 *(.text)
 *(.text.*)
 .text._Z11directDriveddd
                0x03800100       0xd8 build/src/chassis-control.o
                0x03800100                directDrive(double, double, double)
 .text._Z6turnTodd
                0x038001d8       0xb0 build/src/chassis-control.o
                0x038001d8                turnTo(double, double)
 .text._Z8drivePIDv
                0x03800288      0x18c build/src/chassis-control.o
                0x03800288                drivePID()
 *fill*         0x03800414        0x4 
 .text._Z7turnPIDv
                0x03800418      0x1a8 build/src/chassis-control.o
                0x03800418                turnPID()
 .text._Z14chassisControlv
                0x038005c0      0x9bc build/src/chassis-control.o
                0x038005c0                chassisControl()
 .text._GLOBAL__sub_I_chassis_control.cpp
                0x03800f7c       0x64 build/src/chassis-control.o
 .text._Z9pre_autonv
                0x03800fe0       0xa0 build/src/main.o
                0x03800fe0                pre_auton()
 .text._Z12driveForDistdid
                0x03801080       0x64 build/src/main.o
                0x03801080                driveForDist(double, int, double)
 .text._Z11turnToAngleii
                0x038010e4       0x60 build/src/main.o
                0x038010e4                turnToAngle(int, int)
 *fill*         0x03801144        0x4 
 .text._Z5shootv
                0x03801148      0x100 build/src/main.o
                0x03801148                shoot()
 .text._Z7soloAWPv
                0x03801248      0x298 build/src/main.o
                0x03801248                soloAWP()
 .text._Z10autonomousv
                0x038014e0      0x10c build/src/main.o
                0x038014e0                autonomous()
 *fill*         0x038015ec        0x4 
 .text._Z13intakeControlv
                0x038015f0      0x208 build/src/main.o
                0x038015f0                intakeControl()
 .text._Z14puncherControlv
                0x038017f8      0x1c0 build/src/main.o
                0x038017f8                puncherControl()
 .text._Z15catapultControlv
                0x038019b8       0x48 build/src/main.o
                0x038019b8                catapultControl()
 .text._Z13rollerControlv
                0x03801a00       0x68 build/src/main.o
                0x03801a00                rollerControl()
 .text._Z11usercontrolv
                0x03801a68      0x400 build/src/main.o
                0x03801a68                usercontrol()
 .text.main     0x03801e68      0x250 build/src/main.o
                0x03801e68                main
 .text._GLOBAL__sub_I_main.cpp
                0x038020b8      0x144 build/src/main.o
 .text._Z11drawRedGoalii
                0x038021fc       0xcc build/src/draw-field.o
                0x038021fc                drawRedGoal(int, int)
 .text._Z12drawBlueGoalii
                0x038022c8       0xcc build/src/draw-field.o
                0x038022c8                drawBlueGoal(int, int)
 *fill*         0x03802394        0x4 
 .text._Z9drawFieldv
                0x03802398      0x4b8 build/src/draw-field.o
                0x03802398                drawField()
 .text._Z13FwVelocitySetif
                0x03802850       0xcc build/src/flywheel.o
                0x03802850                FwVelocitySet(int, float)
 *fill*         0x0380291c        0x4 
 .text._Z16FwCalculateSpeedv
                0x03802920      0x160 build/src/flywheel.o
                0x03802920                FwCalculateSpeed()
 .text._Z27FwControlUpdateVelocityTbhRv
                0x03802a80       0xf8 build/src/flywheel.o
                0x03802a80                FwControlUpdateVelocityTbhR()
 .text._Z27FwControlUpdateVelocityTbhLv
                0x03802b78       0xf8 build/src/flywheel.o
                0x03802b78                FwControlUpdateVelocityTbhL()
 .text._Z11flyWheelPIDv
                0x03802c70      0x170 build/src/flywheel.o
                0x03802c70                flyWheelPID()
 .text._Z13FwControlTaskv
                0x03802de0      0x444 build/src/flywheel.o
                0x03802de0                FwControlTask()
 .text._GLOBAL__sub_I_flywheel.cpp
                0x03803224       0x34 build/src/flywheel.o
 .text._Z11vexcodeInitv
                0x03803258        0x4 build/src/robot-config.o
                0x03803258                vexcodeInit()
 .text._GLOBAL__sub_I_robot_config.cpp
                0x0380325c      0x37c build/src/robot-config.o
 .text._Z16positionTrackingv
                0x038035d8      0x830 build/src/odometry.o
                0x038035d8                positionTracking()
 .text._GLOBAL__sub_I_odometry.cpp
                0x03803e08       0xac build/src/odometry.o
 .text.vexMain  0x03803eb4       0xb0 C:\Program Files (x86)\VEX Robotics\VEXcode Pro V5\sdk/vexv5\libv5rt.a(v5_startup.c.obj)
                0x03803eb4                vexMain
 .text.__vex_function_prolog
                0x03803f64       0x18 C:\Program Files (x86)\VEX Robotics\VEXcode Pro V5\sdk/vexv5\libv5rt.a(v5_startup.c.obj)
                0x03803f64                __vex_function_prolog
 .text._init    0x03803f7c        0x4 C:\Program Files (x86)\VEX Robotics\VEXcode Pro V5\sdk/vexv5\libv5rt.a(v5_startup.c.obj)
                0x03803f7c                _init
 .text._fini    0x03803f80        0x4 C:\Program Files (x86)\VEX Robotics\VEXcode Pro V5\sdk/vexv5\libv5rt.a(v5_startup.c.obj)
                0x03803f80                _fini
 .text.vexStdlibVersionLinked
                0x03803f84        0xc C:\Program Files (x86)\VEX Robotics\VEXcode Pro V5\sdk/vexv5\libv5rt.a(v5_util.c.obj)
                0x03803f84                vexStdlibVersionLinked
 .text.vexStdlibVersionVerify
                0x03803f90       0x30 C:\Program Files (x86)\VEX Robotics\VEXcode Pro V5\sdk/vexv5\libv5rt.a(v5_util.c.obj)
                0x03803f90                vexStdlibVersionVerify
 .text.vexPrivateApiEnable
                0x03803fc0       0x10 C:\Program Files (x86)\VEX Robotics\VEXcode Pro V5\sdk/vexv5\libv5rt.a(v5_apijump.c.obj)
                0x03803fc0                vexPrivateApiEnable
 .text.vexStdlibMismatchError
                0x03803fd0       0x3c C:\Program Files (x86)\VEX Robotics\VEXcode Pro V5\sdk/vexv5\libv5rt.a(v5_apijump.c.obj)
                0x03803fd0                vexStdlibMismatchError
 .text.vexTaskAdd
                0x0380400c       0x10 C:\Program Files (x86)\VEX Robotics\VEXcode Pro V5\sdk/vexv5\libv5rt.a(v5_apijump.c.obj)
                0x0380400c                vexTaskAdd
 .text.vexTasksRun
                0x0380401c       0x10 C:\Program Files (x86)\VEX Robotics\VEXcode Pro V5\sdk/vexv5\libv5rt.a(v5_apijump.c.obj)
                0x0380401c                vexTasksRun
 .text.vexTaskYield
                0x0380402c       0x10 C:\Program Files (x86)\VEX Robotics\VEXcode Pro V5\sdk/vexv5\libv5rt.a(v5_apijump.c.obj)
                0x0380402c                vexTaskYield
 .text.vexTaskCheckTimeslice
                0x0380403c       0x10 C:\Program Files (x86)\VEX Robotics\VEXcode Pro V5\sdk/vexv5\libv5rt.a(v5_apijump.c.obj)
                0x0380403c                vexTaskCheckTimeslice
 .text.vexTaskGetIndex
                0x0380404c       0x10 C:\Program Files (x86)\VEX Robotics\VEXcode Pro V5\sdk/vexv5\libv5rt.a(v5_apijump.c.obj)
                0x0380404c                vexTaskGetIndex
 .text.vexTaskSleep
                0x0380405c       0x10 C:\Program Files (x86)\VEX Robotics\VEXcode Pro V5\sdk/vexv5\libv5rt.a(v5_apijump.c.obj)
                0x0380405c                vexTaskSleep
 .text.vexTasksDump
                0x0380406c       0x1c C:\Program Files (x86)\VEX Robotics\VEXcode Pro V5\sdk/vexv5\libv5rt.a(v5_apijump.c.obj)
                0x0380406c                vexTasksDump
 .text.vexTaskGetTaskIndex
                0x03804088       0x10 C:\Program Files (x86)\VEX Robotics\VEXcode Pro V5\sdk/vexv5\libv5rt.a(v5_apijump.c.obj)
                0x03804088                vexTaskGetTaskIndex
 .text.vexTaskStopAll
                0x03804098       0x10 C:\Program Files (x86)\VEX Robotics\VEXcode Pro V5\sdk/vexv5\libv5rt.a(v5_apijump.c.obj)
                0x03804098                vexTaskStopAll
 .text.vexTaskRemoveAllUser
                0x038040a8       0x34 C:\Program Files (x86)\VEX Robotics\VEXcode Pro V5\sdk/vexv5\libv5rt.a(v5_apijump.c.obj)
                0x038040a8                vexTaskRemoveAllUser
 .text.vexTaskCompletionIdSet
                0x038040dc       0x10 C:\Program Files (x86)\VEX Robotics\VEXcode Pro V5\sdk/vexv5\libv5rt.a(v5_apijump.c.obj)
                0x038040dc                vexTaskCompletionIdSet
 .text.vexTaskStopWithId
                0x038040ec       0x10 C:\Program Files (x86)\VEX Robotics\VEXcode Pro V5\sdk/vexv5\libv5rt.a(v5_apijump.c.obj)
                0x038040ec                vexTaskStopWithId
 .text.vexTaskGetCallbackAndId
                0x038040fc       0x54 C:\Program Files (x86)\VEX Robotics\VEXcode Pro V5\sdk/vexv5\libv5rt.a(v5_apijump.c.obj)
                0x038040fc                vexTaskGetCallbackAndId
 .text.vexCriticalSection
                0x03804150       0x2c C:\Program Files (x86)\VEX Robotics\VEXcode Pro V5\sdk/vexv5\libv5rt.a(v5_apijump.c.obj)
                0x03804150                vexCriticalSection
 .text.vexEventAdd
                0x0380417c       0x34 C:\Program Files (x86)\VEX Robotics\VEXcode Pro V5\sdk/vexv5\libv5rt.a(v5_apijump.c.obj)
                0x0380417c                vexEventAdd
 .text.vexEventUserIndexGet
                0x038041b0       0x1c C:\Program Files (x86)\VEX Robotics\VEXcode Pro V5\sdk/vexv5\libv5rt.a(v5_apijump.c.obj)
                0x038041b0                vexEventUserIndexGet
 .text.vexEventAddWithArg
                0x038041cc       0x3c C:\Program Files (x86)\VEX Robotics\VEXcode Pro V5\sdk/vexv5\libv5rt.a(v5_apijump.c.obj)
                0x038041cc                vexEventAddWithArg
 .text.vexEventsCleanup
                0x03804208       0x2c C:\Program Files (x86)\VEX Robotics\VEXcode Pro V5\sdk/vexv5\libv5rt.a(v5_apijump.c.obj)
                0x03804208                vexEventsCleanup
 .text.vexDebug
                0x03804234       0x38 C:\Program Files (x86)\VEX Robotics\VEXcode Pro V5\sdk/vexv5\libv5rt.a(v5_apijump.c.obj)
                0x03804234                vexDebug
 .text.vex_sprintf
                0x0380426c       0x40 C:\Program Files (x86)\VEX Robotics\VEXcode Pro V5\sdk/vexv5\libv5rt.a(v5_apijump.c.obj)
                0x0380426c                vex_sprintf
 .text.vex_vsnprintf
                0x038042ac       0x3c C:\Program Files (x86)\VEX Robotics\VEXcode Pro V5\sdk/vexv5\libv5rt.a(v5_apijump.c.obj)
                0x038042ac                vex_vsnprintf
 .text.vexSystemTimeGet
                0x038042e8       0x1c C:\Program Files (x86)\VEX Robotics\VEXcode Pro V5\sdk/vexv5\libv5rt.a(v5_apijump.c.obj)
                0x038042e8                vexSystemTimeGet
 .text.vexSystemExitRequest
                0x03804304       0x1c C:\Program Files (x86)\VEX Robotics\VEXcode Pro V5\sdk/vexv5\libv5rt.a(v5_apijump.c.obj)
                0x03804304                vexSystemExitRequest
 .text.vexDeviceGetByIndex
                0x03804320       0x24 C:\Program Files (x86)\VEX Robotics\VEXcode Pro V5\sdk/vexv5\libv5rt.a(v5_apijump.c.obj)
                0x03804320                vexDeviceGetByIndex
 .text.vexControllerGet
                0x03804344       0x2c C:\Program Files (x86)\VEX Robotics\VEXcode Pro V5\sdk/vexv5\libv5rt.a(v5_apijump.c.obj)
                0x03804344                vexControllerGet
 .text.vexControllerTextSet
                0x03804370       0x74 C:\Program Files (x86)\VEX Robotics\VEXcode Pro V5\sdk/vexv5\libv5rt.a(v5_apijump.c.obj)
                0x03804370                vexControllerTextSet
 .text.vexDeviceAdiPortConfigSet
                0x038043e4       0x34 C:\Program Files (x86)\VEX Robotics\VEXcode Pro V5\sdk/vexv5\libv5rt.a(v5_apijump.c.obj)
                0x038043e4                vexDeviceAdiPortConfigSet
 .text.vexDeviceAdiPortConfigGet
                0x03804418       0x2c C:\Program Files (x86)\VEX Robotics\VEXcode Pro V5\sdk/vexv5\libv5rt.a(v5_apijump.c.obj)
                0x03804418                vexDeviceAdiPortConfigGet
 .text.vexDeviceAdiValueSet
                0x03804444       0x34 C:\Program Files (x86)\VEX Robotics\VEXcode Pro V5\sdk/vexv5\libv5rt.a(v5_apijump.c.obj)
                0x03804444                vexDeviceAdiValueSet
 .text.vexDeviceAdiValueGet
                0x03804478       0x2c C:\Program Files (x86)\VEX Robotics\VEXcode Pro V5\sdk/vexv5\libv5rt.a(v5_apijump.c.obj)
                0x03804478                vexDeviceAdiValueGet
 .text.vexDeviceMotorVelocitySet
                0x038044a4       0x2c C:\Program Files (x86)\VEX Robotics\VEXcode Pro V5\sdk/vexv5\libv5rt.a(v5_apijump.c.obj)
                0x038044a4                vexDeviceMotorVelocitySet
 .text.vexDeviceMotorVoltageSet
                0x038044d0       0x2c C:\Program Files (x86)\VEX Robotics\VEXcode Pro V5\sdk/vexv5\libv5rt.a(v5_apijump.c.obj)
                0x038044d0                vexDeviceMotorVoltageSet
 .text.vexDeviceMotorActualVelocityGet
                0x038044fc       0x24 C:\Program Files (x86)\VEX Robotics\VEXcode Pro V5\sdk/vexv5\libv5rt.a(v5_apijump.c.obj)
                0x038044fc                vexDeviceMotorActualVelocityGet
 .text.vexDeviceMotorReverseFlagSet
                0x03804520       0x2c C:\Program Files (x86)\VEX Robotics\VEXcode Pro V5\sdk/vexv5\libv5rt.a(v5_apijump.c.obj)
                0x03804520                vexDeviceMotorReverseFlagSet
 .text.vexDeviceMotorEncoderUnitsSet
                0x0380454c       0x2c C:\Program Files (x86)\VEX Robotics\VEXcode Pro V5\sdk/vexv5\libv5rt.a(v5_apijump.c.obj)
                0x0380454c                vexDeviceMotorEncoderUnitsSet
 .text.vexDeviceMotorBrakeModeSet
                0x03804578       0x2c C:\Program Files (x86)\VEX Robotics\VEXcode Pro V5\sdk/vexv5\libv5rt.a(v5_apijump.c.obj)
                0x03804578                vexDeviceMotorBrakeModeSet
 .text.vexDeviceMotorPositionSet
                0x038045a4       0x34 C:\Program Files (x86)\VEX Robotics\VEXcode Pro V5\sdk/vexv5\libv5rt.a(v5_apijump.c.obj)
                0x038045a4                vexDeviceMotorPositionSet
 .text.vexDeviceMotorPositionGet
                0x038045d8       0x24 C:\Program Files (x86)\VEX Robotics\VEXcode Pro V5\sdk/vexv5\libv5rt.a(v5_apijump.c.obj)
                0x038045d8                vexDeviceMotorPositionGet
 .text.vexDeviceMotorGearingSet
                0x038045fc       0x2c C:\Program Files (x86)\VEX Robotics\VEXcode Pro V5\sdk/vexv5\libv5rt.a(v5_apijump.c.obj)
                0x038045fc                vexDeviceMotorGearingSet
 .text.vexDeviceMotorGearingGet
                0x03804628       0x24 C:\Program Files (x86)\VEX Robotics\VEXcode Pro V5\sdk/vexv5\libv5rt.a(v5_apijump.c.obj)
                0x03804628                vexDeviceMotorGearingGet
 .text.vexDeviceVisionModeSet
                0x0380464c       0x2c C:\Program Files (x86)\VEX Robotics\VEXcode Pro V5\sdk/vexv5\libv5rt.a(v5_apijump.c.obj)
                0x0380464c                vexDeviceVisionModeSet
 .text.vexDeviceVisionObjectCountGet
                0x03804678       0x24 C:\Program Files (x86)\VEX Robotics\VEXcode Pro V5\sdk/vexv5\libv5rt.a(v5_apijump.c.obj)
                0x03804678                vexDeviceVisionObjectCountGet
 .text.vexDeviceVisionObjectGet
                0x0380469c       0x34 C:\Program Files (x86)\VEX Robotics\VEXcode Pro V5\sdk/vexv5\libv5rt.a(v5_apijump.c.obj)
                0x0380469c                vexDeviceVisionObjectGet
 .text.vexDeviceVisionBrightnessSet
                0x038046d0       0x2c C:\Program Files (x86)\VEX Robotics\VEXcode Pro V5\sdk/vexv5\libv5rt.a(v5_apijump.c.obj)
                0x038046d0                vexDeviceVisionBrightnessSet
 .text.vexDeviceVisionLedModeSet
                0x038046fc       0x2c C:\Program Files (x86)\VEX Robotics\VEXcode Pro V5\sdk/vexv5\libv5rt.a(v5_apijump.c.obj)
                0x038046fc                vexDeviceVisionLedModeSet
 .text.vexDeviceVisionLedColorSet
                0x03804728       0x30 C:\Program Files (x86)\VEX Robotics\VEXcode Pro V5\sdk/vexv5\libv5rt.a(v5_apijump.c.obj)
                0x03804728                vexDeviceVisionLedColorSet
 .text.vexDeviceImuReset
                0x03804758       0x24 C:\Program Files (x86)\VEX Robotics\VEXcode Pro V5\sdk/vexv5\libv5rt.a(v5_apijump.c.obj)
                0x03804758                vexDeviceImuReset
 .text.vexDeviceImuHeadingGet
                0x0380477c       0x24 C:\Program Files (x86)\VEX Robotics\VEXcode Pro V5\sdk/vexv5\libv5rt.a(v5_apijump.c.obj)
                0x0380477c                vexDeviceImuHeadingGet
 .text.vexDeviceImuDegreesGet
                0x038047a0       0x24 C:\Program Files (x86)\VEX Robotics\VEXcode Pro V5\sdk/vexv5\libv5rt.a(v5_apijump.c.obj)
                0x038047a0                vexDeviceImuDegreesGet
 .text.vexDeviceImuStatusGet
                0x038047c4       0x24 C:\Program Files (x86)\VEX Robotics\VEXcode Pro V5\sdk/vexv5\libv5rt.a(v5_apijump.c.obj)
                0x038047c4                vexDeviceImuStatusGet
 .text.vexDisplayForegroundColor
                0x038047e8       0x24 C:\Program Files (x86)\VEX Robotics\VEXcode Pro V5\sdk/vexv5\libv5rt.a(v5_apijump.c.obj)
                0x038047e8                vexDisplayForegroundColor
 .text.vexDisplayBackgroundColor
                0x0380480c       0x24 C:\Program Files (x86)\VEX Robotics\VEXcode Pro V5\sdk/vexv5\libv5rt.a(v5_apijump.c.obj)
                0x0380480c                vexDisplayBackgroundColor
 .text.vexDisplayPixelSet
                0x03804830       0x38 C:\Program Files (x86)\VEX Robotics\VEXcode Pro V5\sdk/vexv5\libv5rt.a(v5_apijump.c.obj)
                0x03804830                vexDisplayPixelSet
 .text.vexDisplayLineDraw
                0x03804868       0x4c C:\Program Files (x86)\VEX Robotics\VEXcode Pro V5\sdk/vexv5\libv5rt.a(v5_apijump.c.obj)
                0x03804868                vexDisplayLineDraw
 .text.vexDisplayRectDraw
                0x038048b4       0x4c C:\Program Files (x86)\VEX Robotics\VEXcode Pro V5\sdk/vexv5\libv5rt.a(v5_apijump.c.obj)
                0x038048b4                vexDisplayRectDraw
 .text.vexDisplayRectClear
                0x03804900       0x4c C:\Program Files (x86)\VEX Robotics\VEXcode Pro V5\sdk/vexv5\libv5rt.a(v5_apijump.c.obj)
                0x03804900                vexDisplayRectClear
 .text.vexDisplayCircleDraw
                0x0380494c       0x40 C:\Program Files (x86)\VEX Robotics\VEXcode Pro V5\sdk/vexv5\libv5rt.a(v5_apijump.c.obj)
                0x0380494c                vexDisplayCircleDraw
 .text.vexDisplayCircleClear
                0x0380498c       0x40 C:\Program Files (x86)\VEX Robotics\VEXcode Pro V5\sdk/vexv5\libv5rt.a(v5_apijump.c.obj)
                0x0380498c                vexDisplayCircleClear
 .text.vexDisplayVPrintf
                0x038049cc       0x50 C:\Program Files (x86)\VEX Robotics\VEXcode Pro V5\sdk/vexv5\libv5rt.a(v5_apijump.c.obj)
                0x038049cc                vexDisplayVPrintf
 .text.vexDisplayTextReference
                0x03804a1c       0x24 C:\Program Files (x86)\VEX Robotics\VEXcode Pro V5\sdk/vexv5\libv5rt.a(v5_apijump.c.obj)
                0x03804a1c                vexDisplayTextReference
 .text.vexDisplayTextSize
                0x03804a40       0x2c C:\Program Files (x86)\VEX Robotics\VEXcode Pro V5\sdk/vexv5\libv5rt.a(v5_apijump.c.obj)
                0x03804a40                vexDisplayTextSize
 .text.vexDisplayFontNamedSet
                0x03804a6c       0x24 C:\Program Files (x86)\VEX Robotics\VEXcode Pro V5\sdk/vexv5\libv5rt.a(v5_apijump.c.obj)
                0x03804a6c                vexDisplayFontNamedSet
 .text.vexDisplayStringWidthGet
                0x03804a90       0x24 C:\Program Files (x86)\VEX Robotics\VEXcode Pro V5\sdk/vexv5\libv5rt.a(v5_apijump.c.obj)
                0x03804a90                vexDisplayStringWidthGet
 .text.vexDisplayPenSizeSet
                0x03804ab4       0x24 C:\Program Files (x86)\VEX Robotics\VEXcode Pro V5\sdk/vexv5\libv5rt.a(v5_apijump.c.obj)
                0x03804ab4                vexDisplayPenSizeSet
 .text.vexDisplayPenSizeGet
                0x03804ad8       0x1c C:\Program Files (x86)\VEX Robotics\VEXcode Pro V5\sdk/vexv5\libv5rt.a(v5_apijump.c.obj)
                0x03804ad8                vexDisplayPenSizeGet
 .text.vexSystemStdlibImpureDataAddr
                0x03804af4       0x28 C:\Program Files (x86)\VEX Robotics\VEXcode Pro V5\sdk/vexv5\libv5rt.a(v5_apijump.c.obj)
                0x03804af4                vexSystemStdlibImpureDataAddr
 .text.vexSystemStdlibImpureDataSize
                0x03804b1c       0x28 C:\Program Files (x86)\VEX Robotics\VEXcode Pro V5\sdk/vexv5\libv5rt.a(v5_apijump.c.obj)
                0x03804b1c                vexSystemStdlibImpureDataSize
 .text.vexSystemSaveUserData
                0x03804b44       0x3c C:\Program Files (x86)\VEX Robotics\VEXcode Pro V5\sdk/vexv5\libv5rt.a(v5_apijump.c.obj)
                0x03804b44                vexSystemSaveUserData
 .text.vexDisplayThemeIdGet
                0x03804b80       0x38 C:\Program Files (x86)\VEX Robotics\VEXcode Pro V5\sdk/vexv5\libv5rt.a(v5_apijump.c.obj)
                0x03804b80                vexDisplayThemeIdGet
 .text.vexDeviceEventMaskSet
                0x03804bb8       0x48 C:\Program Files (x86)\VEX Robotics\VEXcode Pro V5\sdk/vexv5\libv5rt.a(v5_apijump.c.obj)
                0x03804bb8                vexDeviceEventMaskSet
 .text.vexDeviceEventMaskGet
                0x03804c00       0x3c C:\Program Files (x86)\VEX Robotics\VEXcode Pro V5\sdk/vexv5\libv5rt.a(v5_apijump.c.obj)
                0x03804c00                vexDeviceEventMaskGet
 .text.vexDeviceEventBitsSet
                0x03804c3c       0x48 C:\Program Files (x86)\VEX Robotics\VEXcode Pro V5\sdk/vexv5\libv5rt.a(v5_apijump.c.obj)
                0x03804c3c                vexDeviceEventBitsSet
 .text.vexDeviceEventBitsGet
                0x03804c84       0x3c C:\Program Files (x86)\VEX Robotics\VEXcode Pro V5\sdk/vexv5\libv5rt.a(v5_apijump.c.obj)
                0x03804c84                vexDeviceEventBitsGet
 .text.vexSystemVersion
                0x03804cc0       0x10 C:\Program Files (x86)\VEX Robotics\VEXcode Pro V5\sdk/vexv5\libv5rt.a(v5_apiversions.c.obj)
                0x03804cc0                vexSystemVersion
 .text.vexStdlibVersion
                0x03804cd0       0x10 C:\Program Files (x86)\VEX Robotics\VEXcode Pro V5\sdk/vexv5\libv5rt.a(v5_apiversions.c.obj)
                0x03804cd0                vexStdlibVersion
 .text._ZN3vex4waitEdNS_9timeUnitsE
                0x03804ce0       0x30 C:\Program Files (x86)\VEX Robotics\VEXcode Pro V5\sdk/vexv5\libv5rt.a(vex_global.cpp.obj)
                0x03804ce0                vex::wait(double, vex::timeUnits)
 .text._ZN3vex5motorD2Ev
                0x03804d10       0x20 C:\Program Files (x86)\VEX Robotics\VEXcode Pro V5\sdk/vexv5\libv5rt.a(vex_motor.cpp.obj)
                0x03804d10                vex::motor::~motor()
                0x03804d10                vex::motor::~motor()
 .text._ZN3vex5motorD0Ev
                0x03804d30       0x1c C:\Program Files (x86)\VEX Robotics\VEXcode Pro V5\sdk/vexv5\libv5rt.a(vex_motor.cpp.obj)
                0x03804d30                vex::motor::~motor()
 .text._ZN3vex5motor9installedEv
                0x03804d4c       0x18 C:\Program Files (x86)\VEX Robotics\VEXcode Pro V5\sdk/vexv5\libv5rt.a(vex_motor.cpp.obj)
                0x03804d4c                vex::motor::installed()
 .text._ZN3vex5motor15defaultStoppingENS_9brakeTypeE
                0x03804d64       0x30 C:\Program Files (x86)\VEX Robotics\VEXcode Pro V5\sdk/vexv5\libv5rt.a(vex_motor.cpp.obj)
                0x03804d64                vex::motor::defaultStopping(vex::brakeType)
 .text._ZN3vex5motor8setBrakeENS_9brakeTypeE
                0x03804d94        0x4 C:\Program Files (x86)\VEX Robotics\VEXcode Pro V5\sdk/vexv5\libv5rt.a(vex_motor.cpp.obj)
                0x03804d94                vex::motor::setBrake(vex::brakeType)
 .text._ZN3vex5motor11setStoppingENS_9brakeTypeE
                0x03804d98        0x4 C:\Program Files (x86)\VEX Robotics\VEXcode Pro V5\sdk/vexv5\libv5rt.a(vex_motor.cpp.obj)
                0x03804d98                vex::motor::setStopping(vex::brakeType)
 .text._ZN3vex5motorC2El
                0x03804d9c       0x78 C:\Program Files (x86)\VEX Robotics\VEXcode Pro V5\sdk/vexv5\libv5rt.a(vex_motor.cpp.obj)
                0x03804d9c                vex::motor::motor(long)
                0x03804d9c                vex::motor::motor(long)
 .text._ZN3vex5motorC2ElNS_11gearSettingEb
                0x03804e14       0x34 C:\Program Files (x86)\VEX Robotics\VEXcode Pro V5\sdk/vexv5\libv5rt.a(vex_motor.cpp.obj)
                0x03804e14                vex::motor::motor(long, vex::gearSetting, bool)
                0x03804e14                vex::motor::motor(long, vex::gearSetting, bool)
 .text._ZN3vex5motor4spinENS_13directionTypeEdNS_12voltageUnitsE
                0x03804e48       0x50 C:\Program Files (x86)\VEX Robotics\VEXcode Pro V5\sdk/vexv5\libv5rt.a(vex_motor.cpp.obj)
                0x03804e48                vex::motor::spin(vex::directionType, double, vex::voltageUnits)
 .text._ZN3vex5motor4stopENS_9brakeTypeE
                0x03804e98       0x30 C:\Program Files (x86)\VEX Robotics\VEXcode Pro V5\sdk/vexv5\libv5rt.a(vex_motor.cpp.obj)
                0x03804e98                vex::motor::stop(vex::brakeType)
 .text._ZN3vex5motor4stopEv
                0x03804ec8        0x8 C:\Program Files (x86)\VEX Robotics\VEXcode Pro V5\sdk/vexv5\libv5rt.a(vex_motor.cpp.obj)
                0x03804ec8                vex::motor::stop()
 .text._ZN3vex5motor16velocityToScaledEdNS_13velocityUnitsE
                0x03804ed0       0x5c C:\Program Files (x86)\VEX Robotics\VEXcode Pro V5\sdk/vexv5\libv5rt.a(vex_motor.cpp.obj)
                0x03804ed0                vex::motor::velocityToScaled(double, vex::velocityUnits)
 .text._ZN3vex5motor8velocityENS_13velocityUnitsE
                0x03804f2c       0x30 C:\Program Files (x86)\VEX Robotics\VEXcode Pro V5\sdk/vexv5\libv5rt.a(vex_motor.cpp.obj)
                0x03804f2c                vex::motor::velocity(vex::velocityUnits)
 .text._ZN3vex5motor5valueEv
                0x03804f5c       0x1c C:\Program Files (x86)\VEX Robotics\VEXcode Pro V5\sdk/vexv5\libv5rt.a(vex_motor.cpp.obj)
                0x03804f5c                vex::motor::value()
 .text._ZN3vex5motor16scaledToVelocityEdNS_13velocityUnitsE
                0x03804f78       0xa4 C:\Program Files (x86)\VEX Robotics\VEXcode Pro V5\sdk/vexv5\libv5rt.a(vex_motor.cpp.obj)
                0x03804f78                vex::motor::scaledToVelocity(double, vex::velocityUnits)
 .text._ZN3vex5motor4spinENS_13directionTypeEdNS_13velocityUnitsE
                0x0380501c       0x5c C:\Program Files (x86)\VEX Robotics\VEXcode Pro V5\sdk/vexv5\libv5rt.a(vex_motor.cpp.obj)
                0x0380501c                vex::motor::spin(vex::directionType, double, vex::velocityUnits)
 .text._ZN3vex5motor4spinENS_13directionTypeE
                0x03805078       0x28 C:\Program Files (x86)\VEX Robotics\VEXcode Pro V5\sdk/vexv5\libv5rt.a(vex_motor.cpp.obj)
                0x03805078                vex::motor::spin(vex::directionType)
 .text._ZN3vex5motor11setVelocityEdNS_13velocityUnitsE
                0x038050a0       0x54 C:\Program Files (x86)\VEX Robotics\VEXcode Pro V5\sdk/vexv5\libv5rt.a(vex_motor.cpp.obj)
                0x038050a0                vex::motor::setVelocity(double, vex::velocityUnits)
 .text._ZN3vex5motor16setRotationUnitsENS_13rotationUnitsE
                0x038050f4       0x1c C:\Program Files (x86)\VEX Robotics\VEXcode Pro V5\sdk/vexv5\libv5rt.a(vex_motor.cpp.obj)
                0x038050f4                vex::motor::setRotationUnits(vex::rotationUnits)
 .text._ZN3vex5motor11setRotationEdNS_13rotationUnitsE
                0x03805110       0x44 C:\Program Files (x86)\VEX Robotics\VEXcode Pro V5\sdk/vexv5\libv5rt.a(vex_motor.cpp.obj)
                0x03805110                vex::motor::setRotation(double, vex::rotationUnits)
 .text._ZN3vex5motor13resetRotationEv
                0x03805154       0x20 C:\Program Files (x86)\VEX Robotics\VEXcode Pro V5\sdk/vexv5\libv5rt.a(vex_motor.cpp.obj)
                0x03805154                vex::motor::resetRotation()
 .text._ZN3vex5motor8rotationENS_13rotationUnitsE
                0x03805174       0x44 C:\Program Files (x86)\VEX Robotics\VEXcode Pro V5\sdk/vexv5\libv5rt.a(vex_motor.cpp.obj)
                0x03805174                vex::motor::rotation(vex::rotationUnits)
 .text._ZN3vex5motor8positionENS_13rotationUnitsE
                0x038051b8        0x4 C:\Program Files (x86)\VEX Robotics\VEXcode Pro V5\sdk/vexv5\libv5rt.a(vex_motor.cpp.obj)
                0x038051b8                vex::motor::position(vex::rotationUnits)
 .text._ZN3vex6vision9installedEv
                0x038051bc       0x18 C:\Program Files (x86)\VEX Robotics\VEXcode Pro V5\sdk/vexv5\libv5rt.a(vex_vision.cpp.obj)
                0x038051bc                vex::vision::installed()
 .text._ZN3vex6visionD2Ev
                0x038051d4       0x38 C:\Program Files (x86)\VEX Robotics\VEXcode Pro V5\sdk/vexv5\libv5rt.a(vex_vision.cpp.obj)
                0x038051d4                vex::vision::~vision()
                0x038051d4                vex::vision::~vision()
 .text._ZN3vex6visionD0Ev
                0x0380520c       0x1c C:\Program Files (x86)\VEX Robotics\VEXcode Pro V5\sdk/vexv5\libv5rt.a(vex_vision.cpp.obj)
                0x0380520c                vex::vision::~vision()
 .text._ZN3vex6vision7setModeENS0_13detectionModeE
                0x03805228       0x18 C:\Program Files (x86)\VEX Robotics\VEXcode Pro V5\sdk/vexv5\libv5rt.a(vex_vision.cpp.obj)
                0x03805228                vex::vision::setMode(vex::vision::detectionMode)
 .text._ZN3vex6vision13setBrightnessEh
                0x03805240       0x30 C:\Program Files (x86)\VEX Robotics\VEXcode Pro V5\sdk/vexv5\libv5rt.a(vex_vision.cpp.obj)
                0x03805240                vex::vision::setBrightness(unsigned char)
 .text._ZN3vex6vision10setLedModeENS0_7ledModeE
                0x03805270       0x18 C:\Program Files (x86)\VEX Robotics\VEXcode Pro V5\sdk/vexv5\libv5rt.a(vex_vision.cpp.obj)
                0x03805270                vex::vision::setLedMode(vex::vision::ledMode)
 .text._ZN3vex6vision11setLedColorEhhh
                0x03805288       0x30 C:\Program Files (x86)\VEX Robotics\VEXcode Pro V5\sdk/vexv5\libv5rt.a(vex_vision.cpp.obj)
                0x03805288                vex::vision::setLedColor(unsigned char, unsigned char, unsigned char)
 .text._ZN3vex6vision6object3setE22_V5_DeviceVisionObject
                0x038052b8       0x78 C:\Program Files (x86)\VEX Robotics\VEXcode Pro V5\sdk/vexv5\libv5rt.a(vex_vision.cpp.obj)
                0x038052b8                vex::vision::object::set(_V5_DeviceVisionObject)
 .text._ZN3vex6vision6object5clearEv
                0x03805330       0x38 C:\Program Files (x86)\VEX Robotics\VEXcode Pro V5\sdk/vexv5\libv5rt.a(vex_vision.cpp.obj)
                0x03805330                vex::vision::object::clear()
 .text._ZN3vex6vision6objectC2Ev
                0x03805368       0x58 C:\Program Files (x86)\VEX Robotics\VEXcode Pro V5\sdk/vexv5\libv5rt.a(vex_vision.cpp.obj)
                0x03805368                vex::vision::object::object()
                0x03805368                vex::vision::object::object()
 .text._ZN3vex6vision13_clearObjectsEv
                0x038053c0       0x40 C:\Program Files (x86)\VEX Robotics\VEXcode Pro V5\sdk/vexv5\libv5rt.a(vex_vision.cpp.obj)
                0x038053c0                vex::vision::_clearObjects()
 .text._ZN3vex6vision6objectaSERKS1_
                0x03805400       0x74 C:\Program Files (x86)\VEX Robotics\VEXcode Pro V5\sdk/vexv5\libv5rt.a(vex_vision.cpp.obj)
                0x03805400                vex::vision::object::operator=(vex::vision::object const&)
 .text._ZN3vex6vision12takeSnapshotEmm
                0x03805474       0xf4 C:\Program Files (x86)\VEX Robotics\VEXcode Pro V5\sdk/vexv5\libv5rt.a(vex_vision.cpp.obj)
                0x03805474                vex::vision::takeSnapshot(unsigned long, unsigned long)
 .text._ZN3vex6vision12takeSnapshotEm
                0x03805568        0x8 C:\Program Files (x86)\VEX Robotics\VEXcode Pro V5\sdk/vexv5\libv5rt.a(vex_vision.cpp.obj)
                0x03805568                vex::vision::takeSnapshot(unsigned long)
 .text._ZN3vex6vision5valueEv
                0x03805570        0x8 C:\Program Files (x86)\VEX Robotics\VEXcode Pro V5\sdk/vexv5\libv5rt.a(vex_vision.cpp.obj)
                0x03805570                vex::vision::value()
 .text._ZN3vex6vision6objectaSEl
                0x03805578       0x38 C:\Program Files (x86)\VEX Robotics\VEXcode Pro V5\sdk/vexv5\libv5rt.a(vex_vision.cpp.obj)
                0x03805578                vex::vision::object::operator=(long)
 .text._ZN3vex6visionC2El
                0x038055b0       0xa4 C:\Program Files (x86)\VEX Robotics\VEXcode Pro V5\sdk/vexv5\libv5rt.a(vex_vision.cpp.obj)
                0x038055b0                vex::vision::vision(long)
                0x038055b0                vex::vision::vision(long)
 .text._ZN3vex8inertial11getTurnTypeEv
                0x03805654        0x8 C:\Program Files (x86)\VEX Robotics\VEXcode Pro V5\sdk/vexv5\libv5rt.a(vex_imu.cpp.obj)
                0x03805654                vex::inertial::getTurnType()
 .text._ZThn16_N3vex8inertial11getTurnTypeEv
                0x0380565c        0x8 C:\Program Files (x86)\VEX Robotics\VEXcode Pro V5\sdk/vexv5\libv5rt.a(vex_imu.cpp.obj)
                0x0380565c                non-virtual thunk to vex::inertial::getTurnType()
 *fill*         0x03805664        0x4 
 .text._ZN3vex8inertial10setHeadingEdNS_13rotationUnitsE
                0x03805668       0x58 C:\Program Files (x86)\VEX Robotics\VEXcode Pro V5\sdk/vexv5\libv5rt.a(vex_imu.cpp.obj)
                0x03805668                vex::inertial::setHeading(double, vex::rotationUnits)
 .text._ZThn16_N3vex8inertial10setHeadingEdNS_13rotationUnitsE
                0x038056c0        0x8 C:\Program Files (x86)\VEX Robotics\VEXcode Pro V5\sdk/vexv5\libv5rt.a(vex_imu.cpp.obj)
                0x038056c0                non-virtual thunk to vex::inertial::setHeading(double, vex::rotationUnits)
 .text._ZN3vex8inertial11setRotationEdNS_13rotationUnitsE
                0x038056c8       0x58 C:\Program Files (x86)\VEX Robotics\VEXcode Pro V5\sdk/vexv5\libv5rt.a(vex_imu.cpp.obj)
                0x038056c8                vex::inertial::setRotation(double, vex::rotationUnits)
 .text._ZThn16_N3vex8inertial11setRotationEdNS_13rotationUnitsE
                0x03805720        0x8 C:\Program Files (x86)\VEX Robotics\VEXcode Pro V5\sdk/vexv5\libv5rt.a(vex_imu.cpp.obj)
                0x03805720                non-virtual thunk to vex::inertial::setRotation(double, vex::rotationUnits)
 .text._ZN3vex8inertialD2Ev
                0x03805728       0x20 C:\Program Files (x86)\VEX Robotics\VEXcode Pro V5\sdk/vexv5\libv5rt.a(vex_imu.cpp.obj)
                0x03805728                vex::inertial::~inertial()
                0x03805728                vex::inertial::~inertial()
 .text._ZThn16_N3vex8inertialD1Ev
                0x03805748        0x8 C:\Program Files (x86)\VEX Robotics\VEXcode Pro V5\sdk/vexv5\libv5rt.a(vex_imu.cpp.obj)
                0x03805748                non-virtual thunk to vex::inertial::~inertial()
 .text._ZN3vex8inertialD0Ev
                0x03805750       0x1c C:\Program Files (x86)\VEX Robotics\VEXcode Pro V5\sdk/vexv5\libv5rt.a(vex_imu.cpp.obj)
                0x03805750                vex::inertial::~inertial()
 .text._ZThn16_N3vex8inertialD0Ev
                0x0380576c        0x8 C:\Program Files (x86)\VEX Robotics\VEXcode Pro V5\sdk/vexv5\libv5rt.a(vex_imu.cpp.obj)
                0x0380576c                non-virtual thunk to vex::inertial::~inertial()
 .text._ZN3vex8inertial9installedEv
                0x03805774       0x18 C:\Program Files (x86)\VEX Robotics\VEXcode Pro V5\sdk/vexv5\libv5rt.a(vex_imu.cpp.obj)
                0x03805774                vex::inertial::installed()
 .text._ZN3vex8inertial5angleENS_13rotationUnitsE
                0x0380578c       0x6c C:\Program Files (x86)\VEX Robotics\VEXcode Pro V5\sdk/vexv5\libv5rt.a(vex_imu.cpp.obj)
                0x0380578c                vex::inertial::angle(vex::rotationUnits)
 .text._ZThn16_N3vex8inertial5angleENS_13rotationUnitsE
                0x038057f8        0x8 C:\Program Files (x86)\VEX Robotics\VEXcode Pro V5\sdk/vexv5\libv5rt.a(vex_imu.cpp.obj)
                0x038057f8                non-virtual thunk to vex::inertial::angle(vex::rotationUnits)
 .text._ZN3vex8inertial7headingENS_13rotationUnitsE
                0x03805800        0x4 C:\Program Files (x86)\VEX Robotics\VEXcode Pro V5\sdk/vexv5\libv5rt.a(vex_imu.cpp.obj)
                0x03805800                vex::inertial::heading(vex::rotationUnits)
 .text._ZThn16_N3vex8inertial7headingENS_13rotationUnitsE
                0x03805804        0x8 C:\Program Files (x86)\VEX Robotics\VEXcode Pro V5\sdk/vexv5\libv5rt.a(vex_imu.cpp.obj)
                0x03805804                non-virtual thunk to vex::inertial::heading(vex::rotationUnits)
 .text._ZN3vex8inertial5valueEv
                0x0380580c       0x1c C:\Program Files (x86)\VEX Robotics\VEXcode Pro V5\sdk/vexv5\libv5rt.a(vex_imu.cpp.obj)
                0x0380580c                vex::inertial::value()
 .text._ZN3vex8inertial8rotationENS_13rotationUnitsE
                0x03805828       0x48 C:\Program Files (x86)\VEX Robotics\VEXcode Pro V5\sdk/vexv5\libv5rt.a(vex_imu.cpp.obj)
                0x03805828                vex::inertial::rotation(vex::rotationUnits)
 .text._ZThn16_N3vex8inertial8rotationENS_13rotationUnitsE
                0x03805870        0x8 C:\Program Files (x86)\VEX Robotics\VEXcode Pro V5\sdk/vexv5\libv5rt.a(vex_imu.cpp.obj)
                0x03805870                non-virtual thunk to vex::inertial::rotation(vex::rotationUnits)
 .text._ZN3vex8inertial13isCalibratingEv
                0x03805878       0x38 C:\Program Files (x86)\VEX Robotics\VEXcode Pro V5\sdk/vexv5\libv5rt.a(vex_imu.cpp.obj)
                0x03805878                vex::inertial::isCalibrating()
 .text._ZThn16_N3vex8inertial13isCalibratingEv
                0x038058b0        0x8 C:\Program Files (x86)\VEX Robotics\VEXcode Pro V5\sdk/vexv5\libv5rt.a(vex_imu.cpp.obj)
                0x038058b0                non-virtual thunk to vex::inertial::isCalibrating()
 .text._ZN3vex8inertialC2ElNS_8turnTypeE
                0x038058b8       0x4c C:\Program Files (x86)\VEX Robotics\VEXcode Pro V5\sdk/vexv5\libv5rt.a(vex_imu.cpp.obj)
                0x038058b8                vex::inertial::inertial(long, vex::turnType)
                0x038058b8                vex::inertial::inertial(long, vex::turnType)
 .text._ZN3vex8inertial16startCalibrationEl
                0x03805904       0x20 C:\Program Files (x86)\VEX Robotics\VEXcode Pro V5\sdk/vexv5\libv5rt.a(vex_imu.cpp.obj)
                0x03805904                vex::inertial::startCalibration(long)
 .text._ZN3vex8inertial9calibrateEl
                0x03805924        0xc C:\Program Files (x86)\VEX Robotics\VEXcode Pro V5\sdk/vexv5\libv5rt.a(vex_imu.cpp.obj)
                0x03805924                vex::inertial::calibrate(long)
                0x03805928                non-virtual thunk to vex::inertial::calibrate(long)
 .text._ZN3vex10controllerD2Ev
                0x03805930        0x4 C:\Program Files (x86)\VEX Robotics\VEXcode Pro V5\sdk/vexv5\libv5rt.a(vex_controller.cpp.obj)
                0x03805930                vex::controller::~controller()
                0x03805930                vex::controller::~controller()
 .text._ZN3vex10controller5valueE19_V5_ControllerIndex
                0x03805934        0x8 C:\Program Files (x86)\VEX Robotics\VEXcode Pro V5\sdk/vexv5\libv5rt.a(vex_controller.cpp.obj)
                0x03805934                vex::controller::value(_V5_ControllerIndex)
 .text._ZN3vex10controller6rumbleEPKc
                0x0380593c       0x4c C:\Program Files (x86)\VEX Robotics\VEXcode Pro V5\sdk/vexv5\libv5rt.a(vex_controller.cpp.obj)
                0x0380593c                vex::controller::rumble(char const*)
 .text._ZNK3vex10controller6button8pressingEv
                0x03805988       0xc8 C:\Program Files (x86)\VEX Robotics\VEXcode Pro V5\sdk/vexv5\libv5rt.a(vex_controller.cpp.obj)
                0x03805988                vex::controller::button::pressing() const
 .text._ZNK3vex10controller6button21_buttonToPressedEventEv
                0x03805a50       0x20 C:\Program Files (x86)\VEX Robotics\VEXcode Pro V5\sdk/vexv5\libv5rt.a(vex_controller.cpp.obj)
                0x03805a50                vex::controller::button::_buttonToPressedEvent() const
 .text._ZNK3vex10controller6button22_buttonToReleasedEventEv
                0x03805a70       0x20 C:\Program Files (x86)\VEX Robotics\VEXcode Pro V5\sdk/vexv5\libv5rt.a(vex_controller.cpp.obj)
                0x03805a70                vex::controller::button::_buttonToReleasedEvent() const
 .text._ZN3vex10controller6buttonC2ENS0_11tButtonTypeEPS0_
                0x03805a90       0x48 C:\Program Files (x86)\VEX Robotics\VEXcode Pro V5\sdk/vexv5\libv5rt.a(vex_controller.cpp.obj)
                0x03805a90                vex::controller::button::button(vex::controller::tButtonType, vex::controller*)
                0x03805a90                vex::controller::button::button(vex::controller::tButtonType, vex::controller*)
 .text._ZNK3vex10controller4axis5valueEv
                0x03805ad8       0x58 C:\Program Files (x86)\VEX Robotics\VEXcode Pro V5\sdk/vexv5\libv5rt.a(vex_controller.cpp.obj)
                0x03805ad8                vex::controller::axis::value() const
 .text._ZNK3vex10controller4axis8positionENS_12percentUnitsE
                0x03805b30       0x1c C:\Program Files (x86)\VEX Robotics\VEXcode Pro V5\sdk/vexv5\libv5rt.a(vex_controller.cpp.obj)
                0x03805b30                vex::controller::axis::position(vex::percentUnits) const
 .text._ZNK3vex10controller4axis23_joystickToChangedEventEv
                0x03805b4c       0x20 C:\Program Files (x86)\VEX Robotics\VEXcode Pro V5\sdk/vexv5\libv5rt.a(vex_controller.cpp.obj)
                0x03805b4c                vex::controller::axis::_joystickToChangedEvent() const
 .text._ZN3vex10controller4axisC2ENS0_9tAxisTypeEPS0_
                0x03805b6c       0x2c C:\Program Files (x86)\VEX Robotics\VEXcode Pro V5\sdk/vexv5\libv5rt.a(vex_controller.cpp.obj)
                0x03805b6c                vex::controller::axis::axis(vex::controller::tAxisType, vex::controller*)
                0x03805b6c                vex::controller::axis::axis(vex::controller::tAxisType, vex::controller*)
 .text._ZN3vex10controllerC2ENS_14controllerTypeE
                0x03805b98      0x16c C:\Program Files (x86)\VEX Robotics\VEXcode Pro V5\sdk/vexv5\libv5rt.a(vex_controller.cpp.obj)
                0x03805b98                vex::controller::controller(vex::controllerType)
                0x03805b98                vex::controller::controller(vex::controllerType)
 .text._ZN3vex10controller3lcd15getControllerIdEv
                0x03805d04       0x10 C:\Program Files (x86)\VEX Robotics\VEXcode Pro V5\sdk/vexv5\libv5rt.a(vex_controller.cpp.obj)
                0x03805d04                vex::controller::lcd::getControllerId()
 .text._ZN3vex10controller3lcd9setCursorEll
                0x03805d14       0x40 C:\Program Files (x86)\VEX Robotics\VEXcode Pro V5\sdk/vexv5\libv5rt.a(vex_controller.cpp.obj)
                0x03805d14                vex::controller::lcd::setCursor(long, long)
 .text._ZN3vex10controller3lcd5printEPKcz
                0x03805d54       0x80 C:\Program Files (x86)\VEX Robotics\VEXcode Pro V5\sdk/vexv5\libv5rt.a(vex_controller.cpp.obj)
                0x03805d54                vex::controller::lcd::print(char const*, ...)
 .text._ZN3vex10controller3lcd9clearLineEi
                0x03805dd4       0x80 C:\Program Files (x86)\VEX Robotics\VEXcode Pro V5\sdk/vexv5\libv5rt.a(vex_controller.cpp.obj)
                0x03805dd4                vex::controller::lcd::clearLine(int)
 .text._ZN3vex10controller3lcd11clearScreenEv
                0x03805e54       0x5c C:\Program Files (x86)\VEX Robotics\VEXcode Pro V5\sdk/vexv5\libv5rt.a(vex_controller.cpp.obj)
                0x03805e54                vex::controller::lcd::clearScreen()
 .text._ZN3vex4taskC2Ev
                0x03805eb0       0x28 C:\Program Files (x86)\VEX Robotics\VEXcode Pro V5\sdk/vexv5\libv5rt.a(vex_task.cpp.obj)
                0x03805eb0                vex::task::task()
                0x03805eb0                vex::task::task()
 .text._ZN3vex4taskC2EPFivE
                0x03805ed8       0x5c C:\Program Files (x86)\VEX Robotics\VEXcode Pro V5\sdk/vexv5\libv5rt.a(vex_task.cpp.obj)
                0x03805ed8                vex::task::task(int (*)())
                0x03805ed8                vex::task::task(int (*)())
 .text._ZN3vex4taskD2Ev
                0x03805f34        0x4 C:\Program Files (x86)\VEX Robotics\VEXcode Pro V5\sdk/vexv5\libv5rt.a(vex_task.cpp.obj)
                0x03805f34                vex::task::~task()
                0x03805f34                vex::task::~task()
 .text._ZN3vex4task4stopEPvi
                0x03805f38       0x1c C:\Program Files (x86)\VEX Robotics\VEXcode Pro V5\sdk/vexv5\libv5rt.a(vex_task.cpp.obj)
                0x03805f38                vex::task::stop(void*, int)
 .text._ZN3vex4task5sleepEm
                0x03805f54        0x4 C:\Program Files (x86)\VEX Robotics\VEXcode Pro V5\sdk/vexv5\libv5rt.a(vex_task.cpp.obj)
                0x03805f54                vex::task::sleep(unsigned long)
 .text._ZN3vex4task6_indexEPFivE
                0x03805f58       0x14 C:\Program Files (x86)\VEX Robotics\VEXcode Pro V5\sdk/vexv5\libv5rt.a(vex_task.cpp.obj)
                0x03805f58                vex::task::_index(int (*)())
 .text._ZN3vex4task8_stopAllEv
                0x03805f6c       0x3c C:\Program Files (x86)\VEX Robotics\VEXcode Pro V5\sdk/vexv5\libv5rt.a(vex_task.cpp.obj)
                0x03805f6c                vex::task::_stopAll()
 .text._ZN3vex11this_thread9sleep_forEm
                0x03805fa8        0x4 C:\Program Files (x86)\VEX Robotics\VEXcode Pro V5\sdk/vexv5\libv5rt.a(vex_thread.cpp.obj)
                0x03805fa8                vex::this_thread::sleep_for(unsigned long)
 .text._ZN3vex5event4initEmmPFvvE
                0x03805fac        0x4 C:\Program Files (x86)\VEX Robotics\VEXcode Pro V5\sdk/vexv5\libv5rt.a(vex_event.cpp.obj)
                0x03805fac                vex::event::init(unsigned long, unsigned long, void (*)())
 .text._ZN3vex5event4initEmmPFvPvES1_
                0x03805fb0        0x4 C:\Program Files (x86)\VEX Robotics\VEXcode Pro V5\sdk/vexv5\libv5rt.a(vex_event.cpp.obj)
                0x03805fb0                vex::event::init(unsigned long, unsigned long, void (*)(void*), void*)
 .text._ZN3vex5event9userindexEv
                0x03805fb4        0x4 C:\Program Files (x86)\VEX Robotics\VEXcode Pro V5\sdk/vexv5\libv5rt.a(vex_event.cpp.obj)
                0x03805fb4                vex::event::userindex()
 .text._ZZN3vex6meventC4EmmENUlvE_4_FUNEv
                0x03805fb8        0x4 C:\Program Files (x86)\VEX Robotics\VEXcode Pro V5\sdk/vexv5\libv5rt.a(vex_mevent.cpp.obj)
 .text._ZN3vex6meventC2Emm
                0x03805fbc       0x70 C:\Program Files (x86)\VEX Robotics\VEXcode Pro V5\sdk/vexv5\libv5rt.a(vex_mevent.cpp.obj)
                0x03805fbc                vex::mevent::mevent(unsigned long, unsigned long)
                0x03805fbc                vex::mevent::mevent(unsigned long, unsigned long)
 .text._ZNK3vex6meventcviEv
                0x0380602c       0x4c C:\Program Files (x86)\VEX Robotics\VEXcode Pro V5\sdk/vexv5\libv5rt.a(vex_mevent.cpp.obj)
                0x0380602c                vex::mevent::operator int() const
 .text._ZL9_hexDigitc
                0x03806078       0x48 C:\Program Files (x86)\VEX Robotics\VEXcode Pro V5\sdk/vexv5\libv5rt.a(vex_brain.cpp.obj)
 .text._ZN3vex5brain9_getIndexEv
                0x038060c0       0x10 C:\Program Files (x86)\VEX Robotics\VEXcode Pro V5\sdk/vexv5\libv5rt.a(vex_brain.cpp.obj)
                0x038060c0                vex::brain::_getIndex()
 .text._ZN3vex5brain5timerENS_9timeUnitsE
                0x038060d0        0x8 C:\Program Files (x86)\VEX Robotics\VEXcode Pro V5\sdk/vexv5\libv5rt.a(vex_brain.cpp.obj)
                0x038060d0                vex::brain::timer(vex::timeUnits)
 .text._ZN3vex5brain10resetTimerEv
                0x038060d8        0x8 C:\Program Files (x86)\VEX Robotics\VEXcode Pro V5\sdk/vexv5\libv5rt.a(vex_brain.cpp.obj)
                0x038060d8                vex::brain::resetTimer()
 .text._ZN3vex5brain3lcd9setCursorEll
                0x038060e0       0x44 C:\Program Files (x86)\VEX Robotics\VEXcode Pro V5\sdk/vexv5\libv5rt.a(vex_brain.cpp.obj)
                0x038060e0                vex::brain::lcd::setCursor(long, long)
 .text._ZN3vex5brain3lcd7setFontENS_8fontTypeE
                0x03806124      0x23c C:\Program Files (x86)\VEX Robotics\VEXcode Pro V5\sdk/vexv5\libv5rt.a(vex_brain.cpp.obj)
                0x03806124                vex::brain::lcd::setFont(vex::fontType)
 .text._ZN3vex5brain3lcdC2Ev
                0x03806360       0x94 C:\Program Files (x86)\VEX Robotics\VEXcode Pro V5\sdk/vexv5\libv5rt.a(vex_brain.cpp.obj)
                0x03806360                vex::brain::lcd::lcd()
                0x03806360                vex::brain::lcd::lcd()
 .text._ZN3vex5brainC2Ev
                0x038063f4       0x3c C:\Program Files (x86)\VEX Robotics\VEXcode Pro V5\sdk/vexv5\libv5rt.a(vex_brain.cpp.obj)
                0x038063f4                vex::brain::brain()
                0x038063f4                vex::brain::brain()
 .text._ZN3vex5brain3lcd11setPenWidthEm
                0x03806430       0x24 C:\Program Files (x86)\VEX Robotics\VEXcode Pro V5\sdk/vexv5\libv5rt.a(vex_brain.cpp.obj)
                0x03806430                vex::brain::lcd::setPenWidth(unsigned long)
 .text._ZN3vex5brain3lcd11setPenColorERKNS_5colorE
                0x03806454       0x14 C:\Program Files (x86)\VEX Robotics\VEXcode Pro V5\sdk/vexv5\libv5rt.a(vex_brain.cpp.obj)
                0x03806454                vex::brain::lcd::setPenColor(vex::color const&)
 .text._ZN3vex5brain3lcd12setFillColorERKNS_5colorE
                0x03806468       0x38 C:\Program Files (x86)\VEX Robotics\VEXcode Pro V5\sdk/vexv5\libv5rt.a(vex_brain.cpp.obj)
                0x03806468                vex::brain::lcd::setFillColor(vex::color const&)
 .text._ZN3vex5brain3lcd9drawPixelEii
                0x038064a0       0x14 C:\Program Files (x86)\VEX Robotics\VEXcode Pro V5\sdk/vexv5\libv5rt.a(vex_brain.cpp.obj)
                0x038064a0                vex::brain::lcd::drawPixel(int, int)
 .text._ZN3vex5brain3lcd8drawLineEiiii
                0x038064b4      0x2c4 C:\Program Files (x86)\VEX Robotics\VEXcode Pro V5\sdk/vexv5\libv5rt.a(vex_brain.cpp.obj)
                0x038064b4                vex::brain::lcd::drawLine(int, int, int, int)
 .text._ZN3vex5brain3lcd13drawRectangleEiiii
                0x03806778       0xdc C:\Program Files (x86)\VEX Robotics\VEXcode Pro V5\sdk/vexv5\libv5rt.a(vex_brain.cpp.obj)
                0x03806778                vex::brain::lcd::drawRectangle(int, int, int, int)
 .text._ZN3vex5brain3lcd10drawCircleEiii
                0x03806854       0xa4 C:\Program Files (x86)\VEX Robotics\VEXcode Pro V5\sdk/vexv5\libv5rt.a(vex_brain.cpp.obj)
                0x03806854                vex::brain::lcd::drawCircle(int, int, int)
 .text._ZN3vex5brain3lcd10rowToPixelEl
                0x038068f8       0x34 C:\Program Files (x86)\VEX Robotics\VEXcode Pro V5\sdk/vexv5\libv5rt.a(vex_brain.cpp.obj)
                0x038068f8                vex::brain::lcd::rowToPixel(long)
 .text._ZN3vex5brain3lcd5printEPKcz
                0x0380692c       0xb8 C:\Program Files (x86)\VEX Robotics\VEXcode Pro V5\sdk/vexv5\libv5rt.a(vex_brain.cpp.obj)
                0x0380692c                vex::brain::lcd::print(char const*, ...)
 .text._ZN3vex5brain3lcd13webColorToRgbEPKc
                0x038069e4       0x9c C:\Program Files (x86)\VEX Robotics\VEXcode Pro V5\sdk/vexv5\libv5rt.a(vex_brain.cpp.obj)
                0x038069e4                vex::brain::lcd::webColorToRgb(char const*)
 .text._ZN3vex5brain3lcd11setPenColorEPKc
                0x03806a80       0x10 C:\Program Files (x86)\VEX Robotics\VEXcode Pro V5\sdk/vexv5\libv5rt.a(vex_brain.cpp.obj)
                0x03806a80                vex::brain::lcd::setPenColor(char const*)
 .text._ZN3vex5brain3lcd12setFillColorEPKc
                0x03806a90       0x1c C:\Program Files (x86)\VEX Robotics\VEXcode Pro V5\sdk/vexv5\libv5rt.a(vex_brain.cpp.obj)
                0x03806a90                vex::brain::lcd::setFillColor(char const*)
 .text._ZN3vex5brainD2Ev
                0x03806aac       0x20 C:\Program Files (x86)\VEX Robotics\VEXcode Pro V5\sdk/vexv5\libv5rt.a(vex_brain.cpp.obj)
                0x03806aac                vex::brain::~brain()
                0x03806aac                vex::brain::~brain()
 .text._ZN3vex11competition8_disableEPv
                0x03806acc       0xa4 C:\Program Files (x86)\VEX Robotics\VEXcode Pro V5\sdk/vexv5\libv5rt.a(vex_competition.cpp.obj)
                0x03806acc                vex::competition::_disable(void*)
 .text._ZN3vex11competition11_autonomousEv
                0x03806b70       0x80 C:\Program Files (x86)\VEX Robotics\VEXcode Pro V5\sdk/vexv5\libv5rt.a(vex_competition.cpp.obj)
                0x03806b70                vex::competition::_autonomous()
 .text._ZN3vex11competition14_drivercontrolEv
                0x03806bf0       0x80 C:\Program Files (x86)\VEX Robotics\VEXcode Pro V5\sdk/vexv5\libv5rt.a(vex_competition.cpp.obj)
                0x03806bf0                vex::competition::_drivercontrol()
 .text._ZN3vex11competitionC2Ev
                0x03806c70      0x13c C:\Program Files (x86)\VEX Robotics\VEXcode Pro V5\sdk/vexv5\libv5rt.a(vex_competition.cpp.obj)
                0x03806c70                vex::competition::competition()
                0x03806c70                vex::competition::competition()
 .text._ZN3vex11competitionD2Ev
                0x03806dac        0x4 C:\Program Files (x86)\VEX Robotics\VEXcode Pro V5\sdk/vexv5\libv5rt.a(vex_competition.cpp.obj)
                0x03806dac                vex::competition::~competition()
                0x03806dac                vex::competition::~competition()
 .text._ZN3vex11competition10autonomousEPFvvE
                0x03806db0       0x44 C:\Program Files (x86)\VEX Robotics\VEXcode Pro V5\sdk/vexv5\libv5rt.a(vex_competition.cpp.obj)
                0x03806db0                vex::competition::autonomous(void (*)())
 .text._ZN3vex11competition13drivercontrolEPFvvE
                0x03806df4       0x44 C:\Program Files (x86)\VEX Robotics\VEXcode Pro V5\sdk/vexv5\libv5rt.a(vex_competition.cpp.obj)
                0x03806df4                vex::competition::drivercontrol(void (*)())
 .text._ZN3vex7triportD2Ev
                0x03806e38       0x38 C:\Program Files (x86)\VEX Robotics\VEXcode Pro V5\sdk/vexv5\libv5rt.a(vex_triport.cpp.obj)
                0x03806e38                vex::triport::~triport()
                0x03806e38                vex::triport::~triport()
 .text._ZN3vex7triportD0Ev
                0x03806e70       0x1c C:\Program Files (x86)\VEX Robotics\VEXcode Pro V5\sdk/vexv5\libv5rt.a(vex_triport.cpp.obj)
                0x03806e70                vex::triport::~triport()
 .text._ZN3vex7triport9installedEv
                0x03806e8c       0x18 C:\Program Files (x86)\VEX Robotics\VEXcode Pro V5\sdk/vexv5\libv5rt.a(vex_triport.cpp.obj)
                0x03806e8c                vex::triport::installed()
 .text._ZN3vex7triport4portC2ElPS0_
                0x03806ea4       0x74 C:\Program Files (x86)\VEX Robotics\VEXcode Pro V5\sdk/vexv5\libv5rt.a(vex_triport.cpp.obj)
                0x03806ea4                vex::triport::port::port(long, vex::triport*)
                0x03806ea4                vex::triport::port::port(long, vex::triport*)
 .text._ZN3vex7triportC2El
                0x03806f18       0xf0 C:\Program Files (x86)\VEX Robotics\VEXcode Pro V5\sdk/vexv5\libv5rt.a(vex_triport.cpp.obj)
                0x03806f18                vex::triport::triport(long)
                0x03806f18                vex::triport::triport(long)
 .text._ZN3vex7triport4port4typeENS_11triportTypeE
                0x03807008       0x30 C:\Program Files (x86)\VEX Robotics\VEXcode Pro V5\sdk/vexv5\libv5rt.a(vex_triport.cpp.obj)
                0x03807008                vex::triport::port::type(vex::triportType)
 .text._ZN3vex7triport4port4typeEv
                0x03807038       0x38 C:\Program Files (x86)\VEX Robotics\VEXcode Pro V5\sdk/vexv5\libv5rt.a(vex_triport.cpp.obj)
                0x03807038                vex::triport::port::type()
 .text._ZN3vex7triport4port5valueEv
                0x03807070       0x14 C:\Program Files (x86)\VEX Robotics\VEXcode Pro V5\sdk/vexv5\libv5rt.a(vex_triport.cpp.obj)
                0x03807070                vex::triport::port::value()
 .text._ZN3vex7triport4port5valueEl
                0x03807084       0x18 C:\Program Files (x86)\VEX Robotics\VEXcode Pro V5\sdk/vexv5\libv5rt.a(vex_triport.cpp.obj)
                0x03807084                vex::triport::port::value(long)
 *fill*         0x0380709c        0x4 
 .text._ZN3vex7triport4port11setRotationEdNS_13rotationUnitsE
                0x038070a0       0x50 C:\Program Files (x86)\VEX Robotics\VEXcode Pro V5\sdk/vexv5\libv5rt.a(vex_triport.cpp.obj)
                0x038070a0                vex::triport::port::setRotation(double, vex::rotationUnits)
 .text._ZN3vex7triport4port13resetRotationEv
                0x038070f0       0x20 C:\Program Files (x86)\VEX Robotics\VEXcode Pro V5\sdk/vexv5\libv5rt.a(vex_triport.cpp.obj)
                0x038070f0                vex::triport::port::resetRotation()
 .text._ZN3vex7triport4port8rotationENS_13rotationUnitsE
                0x03807110       0x40 C:\Program Files (x86)\VEX Robotics\VEXcode Pro V5\sdk/vexv5\libv5rt.a(vex_triport.cpp.obj)
                0x03807110                vex::triport::port::rotation(vex::rotationUnits)
 .text._ZN3vex11__trideviceC2ERNS_7triport4portENS_11triportTypeE
                0x03807150       0x5c C:\Program Files (x86)\VEX Robotics\VEXcode Pro V5\sdk/vexv5\libv5rt.a(vex_triport.cpp.obj)
                0x03807150                vex::__tridevice::__tridevice(vex::triport::port&, vex::triportType)
                0x03807150                vex::__tridevice::__tridevice(vex::triport::port&, vex::triportType)
 .text._ZN3vex11digital_outC2ERNS_7triport4portE
                0x038071ac       0x18 C:\Program Files (x86)\VEX Robotics\VEXcode Pro V5\sdk/vexv5\libv5rt.a(vex_triport.cpp.obj)
                0x038071ac                vex::digital_out::digital_out(vex::triport::port&)
                0x038071ac                vex::digital_out::digital_out(vex::triport::port&)
 .text._ZN3vex11digital_outD2Ev
                0x038071c4        0x4 C:\Program Files (x86)\VEX Robotics\VEXcode Pro V5\sdk/vexv5\libv5rt.a(vex_triport.cpp.obj)
                0x038071c4                vex::digital_out::~digital_out()
                0x038071c4                vex::digital_out::~digital_out()
 .text._ZN3vex11digital_out3setEb
                0x038071c8        0x8 C:\Program Files (x86)\VEX Robotics\VEXcode Pro V5\sdk/vexv5\libv5rt.a(vex_triport.cpp.obj)
                0x038071c8                vex::digital_out::set(bool)
 .text._ZN3vex7encoderC2ERNS_7triport4portE
                0x038071d0       0x20 C:\Program Files (x86)\VEX Robotics\VEXcode Pro V5\sdk/vexv5\libv5rt.a(vex_triport.cpp.obj)
                0x038071d0                vex::encoder::encoder(vex::triport::port&)
                0x038071d0                vex::encoder::encoder(vex::triport::port&)
 .text._ZN3vex7encoderD2Ev
                0x038071f0        0x4 C:\Program Files (x86)\VEX Robotics\VEXcode Pro V5\sdk/vexv5\libv5rt.a(vex_triport.cpp.obj)
                0x038071f0                vex::encoder::~encoder()
                0x038071f0                vex::encoder::~encoder()
 .text._ZN3vex7encoder13resetRotationEv
                0x038071f4        0x8 C:\Program Files (x86)\VEX Robotics\VEXcode Pro V5\sdk/vexv5\libv5rt.a(vex_triport.cpp.obj)
                0x038071f4                vex::encoder::resetRotation()
 .text._ZN3vex7encoder11setPositionEdNS_13rotationUnitsE
                0x038071fc        0x8 C:\Program Files (x86)\VEX Robotics\VEXcode Pro V5\sdk/vexv5\libv5rt.a(vex_triport.cpp.obj)
                0x038071fc                vex::encoder::setPosition(double, vex::rotationUnits)
 .text._ZN3vex7encoder8positionENS_13rotationUnitsE
                0x03807204        0x8 C:\Program Files (x86)\VEX Robotics\VEXcode Pro V5\sdk/vexv5\libv5rt.a(vex_triport.cpp.obj)
                0x03807204                vex::encoder::position(vex::rotationUnits)
 .text._ZN3vex5colorD2Ev
                0x0380720c        0x4 C:\Program Files (x86)\VEX Robotics\VEXcode Pro V5\sdk/vexv5\libv5rt.a(vex_color.cpp.obj)
                0x0380720c                vex::color::~color()
                0x0380720c                vex::color::~color()
 .text._ZNK3vex5colorcvmEv
                0x03807210        0x8 C:\Program Files (x86)\VEX Robotics\VEXcode Pro V5\sdk/vexv5\libv5rt.a(vex_color.cpp.obj)
                0x03807210                vex::color::operator unsigned long() const
 .text._ZNK3vex5color13isTransparentEv
                0x03807218        0x8 C:\Program Files (x86)\VEX Robotics\VEXcode Pro V5\sdk/vexv5\libv5rt.a(vex_color.cpp.obj)
                0x03807218                vex::color::isTransparent() const
 .text.startup._GLOBAL__sub_I__ZN3vex5color5blackE
                0x03807220      0x164 C:\Program Files (x86)\VEX Robotics\VEXcode Pro V5\sdk/vexv5\libv5rt.a(vex_color.cpp.obj)
 .text._ZN3vex5timerD2Ev
                0x03807384        0x4 C:\Program Files (x86)\VEX Robotics\VEXcode Pro V5\sdk/vexv5\libv5rt.a(vex_timer.cpp.obj)
                0x03807384                vex::timer::~timer()
                0x03807384                vex::timer::~timer()
 .text._ZN3vex5timer5clearEv
                0x03807388       0x1c C:\Program Files (x86)\VEX Robotics\VEXcode Pro V5\sdk/vexv5\libv5rt.a(vex_timer.cpp.obj)
                0x03807388                vex::timer::clear()
 .text._ZN3vex5timerC2Ev
                0x038073a4       0x14 C:\Program Files (x86)\VEX Robotics\VEXcode Pro V5\sdk/vexv5\libv5rt.a(vex_timer.cpp.obj)
                0x038073a4                vex::timer::timer()
                0x038073a4                vex::timer::timer()
 .text._ZNK3vex5timer4timeENS_9timeUnitsE
                0x038073b8       0x40 C:\Program Files (x86)\VEX Robotics\VEXcode Pro V5\sdk/vexv5\libv5rt.a(vex_timer.cpp.obj)
                0x038073b8                vex::timer::time(vex::timeUnits) const
 .text._ZN3vex5timer6systemEv
                0x038073f8        0x4 C:\Program Files (x86)\VEX Robotics\VEXcode Pro V5\sdk/vexv5\libv5rt.a(vex_timer.cpp.obj)
                0x038073f8                vex::timer::system()
 .text._ZN3vex11motor_group18motor_group_motorsC2Ev
                0x038073fc       0x28 C:\Program Files (x86)\VEX Robotics\VEXcode Pro V5\sdk/vexv5\libv5rt.a(vex_motorgroup.cpp.obj)
                0x038073fc                vex::motor_group::motor_group_motors::motor_group_motors()
                0x038073fc                vex::motor_group::motor_group_motors::motor_group_motors()
 .text._ZN3vex11motor_groupC2Ev
                0x03807424       0x1c C:\Program Files (x86)\VEX Robotics\VEXcode Pro V5\sdk/vexv5\libv5rt.a(vex_motorgroup.cpp.obj)
                0x03807424                vex::motor_group::motor_group()
                0x03807424                vex::motor_group::motor_group()
 .text._ZN3vex11motor_groupD2Ev
                0x03807440        0x4 C:\Program Files (x86)\VEX Robotics\VEXcode Pro V5\sdk/vexv5\libv5rt.a(vex_motorgroup.cpp.obj)
                0x03807440                vex::motor_group::~motor_group()
                0x03807440                vex::motor_group::~motor_group()
 .text._ZN3vex11motor_group9_addMotorERNS_5motorE
                0x03807444       0x20 C:\Program Files (x86)\VEX Robotics\VEXcode Pro V5\sdk/vexv5\libv5rt.a(vex_motorgroup.cpp.obj)
                0x03807444                vex::motor_group::_addMotor(vex::motor&)
 .text.vexAdiPortConfigSet
                0x03807464       0x28 C:\Program Files (x86)\VEX Robotics\VEXcode Pro V5\sdk/vexv5\libv5rt.a(v5_apiuser.c.obj)
                0x03807464                vexAdiPortConfigSet
 .text.vexAdiPortConfigGet
                0x0380748c       0x28 C:\Program Files (x86)\VEX Robotics\VEXcode Pro V5\sdk/vexv5\libv5rt.a(v5_apiuser.c.obj)
                0x0380748c                vexAdiPortConfigGet
 .text.vexAdiValueSet
                0x038074b4       0x28 C:\Program Files (x86)\VEX Robotics\VEXcode Pro V5\sdk/vexv5\libv5rt.a(v5_apiuser.c.obj)
                0x038074b4                vexAdiValueSet
 .text.vexAdiValueGet
                0x038074dc       0x20 C:\Program Files (x86)\VEX Robotics\VEXcode Pro V5\sdk/vexv5\libv5rt.a(v5_apiuser.c.obj)
                0x038074dc                vexAdiValueGet
 .text.vexMotorVelocitySet
                0x038074fc       0x20 C:\Program Files (x86)\VEX Robotics\VEXcode Pro V5\sdk/vexv5\libv5rt.a(v5_apiuser.c.obj)
                0x038074fc                vexMotorVelocitySet
 .text.vexMotorVoltageSet
                0x0380751c       0x20 C:\Program Files (x86)\VEX Robotics\VEXcode Pro V5\sdk/vexv5\libv5rt.a(v5_apiuser.c.obj)
                0x0380751c                vexMotorVoltageSet
 .text.vexMotorActualVelocityGet
                0x0380753c       0x24 C:\Program Files (x86)\VEX Robotics\VEXcode Pro V5\sdk/vexv5\libv5rt.a(v5_apiuser.c.obj)
                0x0380753c                vexMotorActualVelocityGet
 .text.vexMotorReverseFlagSet
                0x03807560       0x20 C:\Program Files (x86)\VEX Robotics\VEXcode Pro V5\sdk/vexv5\libv5rt.a(v5_apiuser.c.obj)
                0x03807560                vexMotorReverseFlagSet
 .text.vexMotorEncoderUnitsSet
                0x03807580       0x20 C:\Program Files (x86)\VEX Robotics\VEXcode Pro V5\sdk/vexv5\libv5rt.a(v5_apiuser.c.obj)
                0x03807580                vexMotorEncoderUnitsSet
 .text.vexMotorBrakeModeSet
                0x038075a0       0x20 C:\Program Files (x86)\VEX Robotics\VEXcode Pro V5\sdk/vexv5\libv5rt.a(v5_apiuser.c.obj)
                0x038075a0                vexMotorBrakeModeSet
 .text.vexMotorPositionSet
                0x038075c0       0x28 C:\Program Files (x86)\VEX Robotics\VEXcode Pro V5\sdk/vexv5\libv5rt.a(v5_apiuser.c.obj)
                0x038075c0                vexMotorPositionSet
 .text.vexMotorPositionGet
                0x038075e8       0x24 C:\Program Files (x86)\VEX Robotics\VEXcode Pro V5\sdk/vexv5\libv5rt.a(v5_apiuser.c.obj)
                0x038075e8                vexMotorPositionGet
 .text.vexMotorGearingSet
                0x0380760c       0x20 C:\Program Files (x86)\VEX Robotics\VEXcode Pro V5\sdk/vexv5\libv5rt.a(v5_apiuser.c.obj)
                0x0380760c                vexMotorGearingSet
 .text.vexMotorGearingGet
                0x0380762c       0x18 C:\Program Files (x86)\VEX Robotics\VEXcode Pro V5\sdk/vexv5\libv5rt.a(v5_apiuser.c.obj)
                0x0380762c                vexMotorGearingGet
 .text.vexVisionModeSet
                0x03807644       0x20 C:\Program Files (x86)\VEX Robotics\VEXcode Pro V5\sdk/vexv5\libv5rt.a(v5_apiuser.c.obj)
                0x03807644                vexVisionModeSet
 .text.vexVisionObjectCountGet
                0x03807664       0x18 C:\Program Files (x86)\VEX Robotics\VEXcode Pro V5\sdk/vexv5\libv5rt.a(v5_apiuser.c.obj)
                0x03807664                vexVisionObjectCountGet
 .text.vexVisionObjectGet
                0x0380767c       0x28 C:\Program Files (x86)\VEX Robotics\VEXcode Pro V5\sdk/vexv5\libv5rt.a(v5_apiuser.c.obj)
                0x0380767c                vexVisionObjectGet
 .text.vexVisionBrightnessSet
                0x038076a4       0x20 C:\Program Files (x86)\VEX Robotics\VEXcode Pro V5\sdk/vexv5\libv5rt.a(v5_apiuser.c.obj)
                0x038076a4                vexVisionBrightnessSet
 .text.vexVisionLedModeSet
                0x038076c4       0x20 C:\Program Files (x86)\VEX Robotics\VEXcode Pro V5\sdk/vexv5\libv5rt.a(v5_apiuser.c.obj)
                0x038076c4                vexVisionLedModeSet
 .text.vexVisionLedColorSet
                0x038076e4       0x2c C:\Program Files (x86)\VEX Robotics\VEXcode Pro V5\sdk/vexv5\libv5rt.a(v5_apiuser.c.obj)
                0x038076e4                vexVisionLedColorSet
 .text.vexImuReset
                0x03807710       0x10 C:\Program Files (x86)\VEX Robotics\VEXcode Pro V5\sdk/vexv5\libv5rt.a(v5_apiuser.c.obj)
                0x03807710                vexImuReset
 .text.vexImuHeadingGet
                0x03807720       0x10 C:\Program Files (x86)\VEX Robotics\VEXcode Pro V5\sdk/vexv5\libv5rt.a(v5_apiuser.c.obj)
                0x03807720                vexImuHeadingGet
 .text.vexImuDegreesGet
                0x03807730       0x10 C:\Program Files (x86)\VEX Robotics\VEXcode Pro V5\sdk/vexv5\libv5rt.a(v5_apiuser.c.obj)
                0x03807730                vexImuDegreesGet
 .text.vexImuStatusGet
                0x03807740       0x10 C:\Program Files (x86)\VEX Robotics\VEXcode Pro V5\sdk/vexv5\libv5rt.a(v5_apiuser.c.obj)
                0x03807740                vexImuStatusGet
 .text.vexEventMaskSet
                0x03807750       0x28 C:\Program Files (x86)\VEX Robotics\VEXcode Pro V5\sdk/vexv5\libv5rt.a(v5_apiuser.c.obj)
                0x03807750                vexEventMaskSet
 .text.vexEventMaskGet
                0x03807778       0x18 C:\Program Files (x86)\VEX Robotics\VEXcode Pro V5\sdk/vexv5\libv5rt.a(v5_apiuser.c.obj)
                0x03807778                vexEventMaskGet
 .text.vexEventBitsSet
                0x03807790       0x28 C:\Program Files (x86)\VEX Robotics\VEXcode Pro V5\sdk/vexv5\libv5rt.a(v5_apiuser.c.obj)
                0x03807790                vexEventBitsSet
 .text.vexEventBitsGet
                0x038077b8       0x18 C:\Program Files (x86)\VEX Robotics\VEXcode Pro V5\sdk/vexv5\libv5rt.a(v5_apiuser.c.obj)
                0x038077b8                vexEventBitsGet
 .text._ZN3vex6deviceD2Ev
                0x038077d0        0x4 C:\Program Files (x86)\VEX Robotics\VEXcode Pro V5\sdk/vexv5\libv5rt.a(vex_device.cpp.obj)
                0x038077d0                vex::device::~device()
                0x038077d0                vex::device::~device()
 .text._ZN3vex6device5valueEv
                0x038077d4        0x8 C:\Program Files (x86)\VEX Robotics\VEXcode Pro V5\sdk/vexv5\libv5rt.a(vex_device.cpp.obj)
                0x038077d4                vex::device::value()
 .text._ZN3vex6deviceD0Ev
                0x038077dc       0x14 C:\Program Files (x86)\VEX Robotics\VEXcode Pro V5\sdk/vexv5\libv5rt.a(vex_device.cpp.obj)
                0x038077dc                vex::device::~device()
 .text._ZN3vex6device4initEl
                0x038077f0       0x30 C:\Program Files (x86)\VEX Robotics\VEXcode Pro V5\sdk/vexv5\libv5rt.a(vex_device.cpp.obj)
                0x038077f0                vex::device::init(long)
 .text._ZN3vex6deviceC2El
                0x03807820       0x20 C:\Program Files (x86)\VEX Robotics\VEXcode Pro V5\sdk/vexv5\libv5rt.a(vex_device.cpp.obj)
                0x03807820                vex::device::device(long)
                0x03807820                vex::device::device(long)
 .text._ZN3vex6device4typeEv
                0x03807840       0x10 C:\Program Files (x86)\VEX Robotics\VEXcode Pro V5\sdk/vexv5\libv5rt.a(vex_device.cpp.obj)
                0x03807840                vex::device::type()
 .text._ZN3vex6device9installedEv
                0x03807850       0x14 C:\Program Files (x86)\VEX Robotics\VEXcode Pro V5\sdk/vexv5\libv5rt.a(vex_device.cpp.obj)
                0x03807850                vex::device::installed()
 .text.__libc_fini_array
                0x03807864       0x30 C:\Program Files (x86)\VEX Robotics\VEXcode Pro V5\sdk/vexv5/gcc/libs\libc.a(lib_a-fini.o)
                0x03807864                __libc_fini_array
 .text.__libc_init_array
                0x03807894       0x58 C:\Program Files (x86)\VEX Robotics\VEXcode Pro V5\sdk/vexv5/gcc/libs\libc.a(lib_a-init.o)
                0x03807894                __libc_init_array
 .text.__signbitf
                0x038078ec        0x4 C:\Program Files (x86)\VEX Robotics\VEXcode Pro V5\sdk/vexv5/gcc/libs\libm.a(lib_a-s_signbit.o)
                0x038078ec                __signbitf
 .text.__signbitf.__stub
                0x038078f0       0x18 linker stubs
 *(.gnu.linkonce.t.*)
 *(.plt)
 *(.gnu_warning)
 *(.gcc_except_table)
 *(.glue_7)
 .glue_7        0x00000000        0x0 linker stubs
 *(.glue_7t)
 .glue_7t       0x00000000        0x0 linker stubs
 *(.vfp11_veneer)
 .vfp11_veneer  0x00000000        0x0 linker stubs
 *(.ARM.extab)
 *(.gnu.linkonce.armextab.*)

.v4_bx          0x03807908        0x0
 .v4_bx         0x00000000        0x0 linker stubs

.iplt           0x03807908        0x0
 .iplt          0x00000000        0x0 build/src/chassis-control.o

.init
 *(.init)

.fini
 *(.fini)

.rodata         0x03807908      0x36c
                0x03807908                __rodata_start = .
 *(.rodata)
 *(.rodata.*)
 .rodata.str1.1
                0x03807908       0x80 build/src/chassis-control.o
 .rodata.str1.1
                0x03807988       0x82 build/src/main.o
 .rodata.str1.1
                0x03807a0a       0x34 build/src/draw-field.o
 .rodata.str1.1
                0x03807a3e        0xb build/src/flywheel.o
                                  0xd (size before relaxing)
 .rodata.str1.1
                0x03807a49       0x1a build/src/odometry.o
 .rodata.str1.1
                0x03807a63       0x2e C:\Program Files (x86)\VEX Robotics\VEXcode Pro V5\sdk/vexv5\libv5rt.a(v5_startup.c.obj)
 *fill*         0x03807a91        0x3 
 .rodata._ZN3vex6PORT20E
                0x03807a94        0x4 C:\Program Files (x86)\VEX Robotics\VEXcode Pro V5\sdk/vexv5\libv5rt.a(vex_global.cpp.obj)
                0x03807a94                vex::PORT20
 .rodata._ZN3vex3revE
                0x03807a98        0x4 C:\Program Files (x86)\VEX Robotics\VEXcode Pro V5\sdk/vexv5\libv5rt.a(vex_global.cpp.obj)
                0x03807a98                vex::rev
 .rodata._ZN3vex3fwdE
                0x03807a9c        0x4 C:\Program Files (x86)\VEX Robotics\VEXcode Pro V5\sdk/vexv5\libv5rt.a(vex_global.cpp.obj)
                0x03807a9c                vex::fwd
 .rodata._ZN3vex5PORT3E
                0x03807aa0        0x4 C:\Program Files (x86)\VEX Robotics\VEXcode Pro V5\sdk/vexv5\libv5rt.a(vex_global.cpp.obj)
                0x03807aa0                vex::PORT3
 .rodata._ZN3vex5PORT1E
                0x03807aa4        0x4 C:\Program Files (x86)\VEX Robotics\VEXcode Pro V5\sdk/vexv5\libv5rt.a(vex_global.cpp.obj)
                0x03807aa4                vex::PORT1
 .rodata._ZN3vex7reverseE
                0x03807aa8        0x4 C:\Program Files (x86)\VEX Robotics\VEXcode Pro V5\sdk/vexv5\libv5rt.a(vex_global.cpp.obj)
                0x03807aa8                vex::reverse
 .rodata._ZN3vex4voltE
                0x03807aac        0x4 C:\Program Files (x86)\VEX Robotics\VEXcode Pro V5\sdk/vexv5\libv5rt.a(vex_global.cpp.obj)
                0x03807aac                vex::volt
 .rodata._ZN3vex6PORT10E
                0x03807ab0        0x4 C:\Program Files (x86)\VEX Robotics\VEXcode Pro V5\sdk/vexv5\libv5rt.a(vex_global.cpp.obj)
                0x03807ab0                vex::PORT10
 .rodata._ZN3vex5PORT5E
                0x03807ab4        0x4 C:\Program Files (x86)\VEX Robotics\VEXcode Pro V5\sdk/vexv5\libv5rt.a(vex_global.cpp.obj)
                0x03807ab4                vex::PORT5
 .rodata._ZN3vex3pctE
                0x03807ab8        0x4 C:\Program Files (x86)\VEX Robotics\VEXcode Pro V5\sdk/vexv5\libv5rt.a(vex_global.cpp.obj)
                0x03807ab8                vex::pct
 .rodata._ZN3vex3redE
                0x03807abc        0x4 C:\Program Files (x86)\VEX Robotics\VEXcode Pro V5\sdk/vexv5\libv5rt.a(vex_global.cpp.obj)
                0x03807abc                vex::red
 .rodata._ZN3vex5blackE
                0x03807ac0        0x4 C:\Program Files (x86)\VEX Robotics\VEXcode Pro V5\sdk/vexv5\libv5rt.a(vex_global.cpp.obj)
                0x03807ac0                vex::black
 .rodata._ZN3vex4msecE
                0x03807ac4        0x4 C:\Program Files (x86)\VEX Robotics\VEXcode Pro V5\sdk/vexv5\libv5rt.a(vex_global.cpp.obj)
                0x03807ac4                vex::msec
 .rodata._ZN3vex6PORT18E
                0x03807ac8        0x4 C:\Program Files (x86)\VEX Robotics\VEXcode Pro V5\sdk/vexv5\libv5rt.a(vex_global.cpp.obj)
                0x03807ac8                vex::PORT18
 .rodata._ZN3vex4blueE
                0x03807acc        0x4 C:\Program Files (x86)\VEX Robotics\VEXcode Pro V5\sdk/vexv5\libv5rt.a(vex_global.cpp.obj)
                0x03807acc                vex::blue
 .rodata._ZN3vex3rpmE
                0x03807ad0        0x4 C:\Program Files (x86)\VEX Robotics\VEXcode Pro V5\sdk/vexv5\libv5rt.a(vex_global.cpp.obj)
                0x03807ad0                vex::rpm
 .rodata._ZN3vex6PORT11E
                0x03807ad4        0x4 C:\Program Files (x86)\VEX Robotics\VEXcode Pro V5\sdk/vexv5\libv5rt.a(vex_global.cpp.obj)
                0x03807ad4                vex::PORT11
 .rodata._ZN3vex5PORT6E
                0x03807ad8        0x4 C:\Program Files (x86)\VEX Robotics\VEXcode Pro V5\sdk/vexv5\libv5rt.a(vex_global.cpp.obj)
                0x03807ad8                vex::PORT6
 .rodata._ZN3vex7primaryE
                0x03807adc        0x4 C:\Program Files (x86)\VEX Robotics\VEXcode Pro V5\sdk/vexv5\libv5rt.a(vex_global.cpp.obj)
                0x03807adc                vex::primary
 .rodata._ZN3vex5greenE
                0x03807ae0        0x4 C:\Program Files (x86)\VEX Robotics\VEXcode Pro V5\sdk/vexv5\libv5rt.a(vex_global.cpp.obj)
                0x03807ae0                vex::green
 .rodata._ZN3vex6PORT15E
                0x03807ae4        0x4 C:\Program Files (x86)\VEX Robotics\VEXcode Pro V5\sdk/vexv5\libv5rt.a(vex_global.cpp.obj)
                0x03807ae4                vex::PORT15
 .rodata._ZN3vex7degreesE
                0x03807ae8        0x4 C:\Program Files (x86)\VEX Robotics\VEXcode Pro V5\sdk/vexv5\libv5rt.a(vex_global.cpp.obj)
                0x03807ae8                vex::degrees
 .rodata._ZN3vex6PORT22E
                0x03807aec        0x4 C:\Program Files (x86)\VEX Robotics\VEXcode Pro V5\sdk/vexv5\libv5rt.a(vex_global.cpp.obj)
                0x03807aec                vex::PORT22
 .rodata._ZN3vex6PORT16E
                0x03807af0        0x4 C:\Program Files (x86)\VEX Robotics\VEXcode Pro V5\sdk/vexv5\libv5rt.a(vex_global.cpp.obj)
                0x03807af0                vex::PORT16
 .rodata._ZN3vex8ratio6_1E
                0x03807af4        0x4 C:\Program Files (x86)\VEX Robotics\VEXcode Pro V5\sdk/vexv5\libv5rt.a(vex_global.cpp.obj)
                0x03807af4                vex::ratio6_1
 .rodata._ZN3vex5brakeE
                0x03807af8        0x4 C:\Program Files (x86)\VEX Robotics\VEXcode Pro V5\sdk/vexv5\libv5rt.a(vex_global.cpp.obj)
                0x03807af8                vex::brake
 .rodata._ZN3vex5coastE
                0x03807afc        0x4 C:\Program Files (x86)\VEX Robotics\VEXcode Pro V5\sdk/vexv5\libv5rt.a(vex_global.cpp.obj)
                0x03807afc                vex::coast
 .rodata._ZN3vex9ratio18_1E
                0x03807b00        0x4 C:\Program Files (x86)\VEX Robotics\VEXcode Pro V5\sdk/vexv5\libv5rt.a(vex_global.cpp.obj)
                0x03807b00                vex::ratio18_1
 *fill*         0x03807b04        0x4 
 .rodata._ZTVN3vex5motorE
                0x03807b08       0x18 C:\Program Files (x86)\VEX Robotics\VEXcode Pro V5\sdk/vexv5\libv5rt.a(vex_motor.cpp.obj)
                0x03807b08                vtable for vex::motor
 .rodata._ZTVN3vex6visionE
                0x03807b20       0x18 C:\Program Files (x86)\VEX Robotics\VEXcode Pro V5\sdk/vexv5\libv5rt.a(vex_vision.cpp.obj)
                0x03807b20                vtable for vex::vision
 .rodata._ZTVN3vex8inertialE
                0x03807b38       0x68 C:\Program Files (x86)\VEX Robotics\VEXcode Pro V5\sdk/vexv5\libv5rt.a(vex_imu.cpp.obj)
                0x03807b38                vtable for vex::inertial
 .rodata.str1.1
                0x03807ba0       0x1f C:\Program Files (x86)\VEX Robotics\VEXcode Pro V5\sdk/vexv5\libv5rt.a(vex_controller.cpp.obj)
                                 0x20 (size before relaxing)
 .rodata.CSWTCH.16
                0x03807bbf        0xb C:\Program Files (x86)\VEX Robotics\VEXcode Pro V5\sdk/vexv5\libv5rt.a(vex_controller.cpp.obj)
 .rodata.CSWTCH.18
                0x03807bca        0xb C:\Program Files (x86)\VEX Robotics\VEXcode Pro V5\sdk/vexv5\libv5rt.a(vex_controller.cpp.obj)
 .rodata.CSWTCH.24
                0x03807bd5        0x3 C:\Program Files (x86)\VEX Robotics\VEXcode Pro V5\sdk/vexv5\libv5rt.a(vex_controller.cpp.obj)
 .rodata.str1.1
                0x03807bd8       0x14 C:\Program Files (x86)\VEX Robotics\VEXcode Pro V5\sdk/vexv5\libv5rt.a(vex_task.cpp.obj)
 .rodata.str1.1
                0x03807bec       0x2d C:\Program Files (x86)\VEX Robotics\VEXcode Pro V5\sdk/vexv5\libv5rt.a(vex_brain.cpp.obj)
 .rodata.CSWTCH.36
                0x03807c19       0x10 C:\Program Files (x86)\VEX Robotics\VEXcode Pro V5\sdk/vexv5\libv5rt.a(vex_triport.cpp.obj)
 *fill*         0x03807c29        0x7 
 .rodata._ZTVN3vex7triportE
                0x03807c30       0x18 C:\Program Files (x86)\VEX Robotics\VEXcode Pro V5\sdk/vexv5\libv5rt.a(vex_triport.cpp.obj)
                0x03807c30                vtable for vex::triport
 .rodata.CSWTCH.31
                0x03807c48        0xe C:\Program Files (x86)\VEX Robotics\VEXcode Pro V5\sdk/vexv5\libv5rt.a(vex_triport.cpp.obj)
 *fill*         0x03807c56        0x2 
 .rodata._ZTVN3vex6deviceE
                0x03807c58       0x18 C:\Program Files (x86)\VEX Robotics\VEXcode Pro V5\sdk/vexv5\libv5rt.a(vex_device.cpp.obj)
                0x03807c58                vtable for vex::device
 .rodata.str1.4
                0x03807c70        0x4 C:\Program Files (x86)\VEX Robotics\VEXcode Pro V5\sdk/vexv5/gcc/libs\libc.a(lib_a-impure.o)
                                  0x2 (size before relaxing)
 *(.gnu.linkonce.r.*)
                0x03807c74                __rodata_end = .

.rodata1        0x03807c74        0x0
                0x03807c74                __rodata1_start = .
 *(.rodata1)
 *(.rodata1.*)
                0x03807c74                __rodata1_end = .

.sdata2         0x03807c74        0x0
                0x03807c74                __sdata2_start = .
 *(.sdata2)
 *(.sdata2.*)
 *(.gnu.linkonce.s2.*)
                0x03807c74                __sdata2_end = .

.sbss2          0x03807c74        0x0
                0x03807c74                __sbss2_start = .
 *(.sbss2)
 *(.sbss2.*)
 *(.gnu.linkonce.sb2.*)
                0x03807c74                __sbss2_end = .

.data           0x03807c78      0x504
                0x03807c78                __data_start = .
 *(.data)
 *(.data.*)
 .data.timeOutValue
                0x03807c78        0x4 build/src/chassis-control.o
                0x03807c78                timeOutValue
 *fill*         0x03807c7c        0x4 
 .data.maxAllowedSpeed
                0x03807c80        0x8 build/src/chassis-control.o
                0x03807c80                maxAllowedSpeed
 .data.driveMaxError
                0x03807c88        0x8 build/src/chassis-control.o
                0x03807c88                driveMaxError
 .data.driveIntegralBound
                0x03807c90        0x8 build/src/chassis-control.o
                0x03807c90                driveIntegralBound
 .data.drivekP  0x03807c98        0x8 build/src/chassis-control.o
                0x03807c98                drivekP
 .data.drivekI  0x03807ca0        0x8 build/src/chassis-control.o
                0x03807ca0                drivekI
 .data.drivekD  0x03807ca8        0x8 build/src/chassis-control.o
                0x03807ca8                drivekD
 .data.turnMaxError
                0x03807cb0        0x8 build/src/chassis-control.o
                0x03807cb0                turnMaxError
 .data.turnIntegralBound
                0x03807cb8        0x8 build/src/chassis-control.o
                0x03807cb8                turnIntegralBound
 .data.turnkP   0x03807cc0        0x8 build/src/chassis-control.o
                0x03807cc0                turnkP
 .data.turnkI   0x03807cc8        0x8 build/src/chassis-control.o
                0x03807cc8                turnkI
 .data.turnkD   0x03807cd0        0x8 build/src/chassis-control.o
                0x03807cd0                turnkD
 .data.maxRestTime
                0x03807cd8        0x4 build/src/chassis-control.o
                0x03807cd8                maxRestTime
 *fill*         0x03807cdc        0x4 
 .data.goalSize
                0x03807ce0        0x8 build/src/draw-field.o
                0x03807ce0                goalSize
 .data.robotSize
                0x03807ce8        0x4 build/src/draw-field.o
                0x03807ce8                robotSize
 .data.FW_MAX_POWER
                0x03807cec        0x4 build/src/flywheel.o
                0x03807cec                FW_MAX_POWER
 .data.flywheelVoltage
                0x03807cf0        0x8 build/src/flywheel.o
                0x03807cf0                flywheelVoltage
 .data.flyIntegralBound
                0x03807cf8        0x8 build/src/flywheel.o
                0x03807cf8                flyIntegralBound
 .data.flykP    0x03807d00        0x8 build/src/flywheel.o
                0x03807d00                flykP
 .data.targetVelocity
                0x03807d08        0x8 build/src/flywheel.o
                0x03807d08                targetVelocity
 .data.WHEEL_RADIUS
                0x03807d10        0x8 build/src/odometry.o
                0x03807d10                WHEEL_RADIUS
 .data.THETA_START
                0x03807d18        0x8 build/src/odometry.o
                0x03807d18                THETA_START
 .data.X_START  0x03807d20        0x8 build/src/odometry.o
                0x03807d20                X_START
 .data.Y_START  0x03807d28        0x8 build/src/odometry.o
                0x03807d28                Y_START
 .data.LTrackRadius
                0x03807d30        0x8 build/src/odometry.o
                0x03807d30                LTrackRadius
 .data.STrackRadius
                0x03807d38        0x8 build/src/odometry.o
                0x03807d38                STrackRadius
 .data.appRunning
                0x03807d40        0x4 C:\Program Files (x86)\VEX Robotics\VEXcode Pro V5\sdk/vexv5\libv5rt.a(v5_startup.c.obj)
                0x03807d40                appRunning
 .data.__yoff   0x03807d44        0x4 C:\Program Files (x86)\VEX Robotics\VEXcode Pro V5\sdk/vexv5\libv5rt.a(v5_apijump.c.obj)
 .data._ZN3vex24__default_motor_velocityE
                0x03807d48        0x4 C:\Program Files (x86)\VEX Robotics\VEXcode Pro V5\sdk/vexv5\libv5rt.a(vex_motor.cpp.obj)
                0x03807d48                vex::__default_motor_velocity
 *fill*         0x03807d4c        0x4 
 .data.impure_data
                0x03807d50      0x428 C:\Program Files (x86)\VEX Robotics\VEXcode Pro V5\sdk/vexv5/gcc/libs\libc.a(lib_a-impure.o)
 .data._impure_ptr
                0x03808178        0x4 C:\Program Files (x86)\VEX Robotics\VEXcode Pro V5\sdk/vexv5/gcc/libs\libc.a(lib_a-impure.o)
                0x03808178                _impure_ptr
 *(.gnu.linkonce.d.*)
 *(.jcr)
 *(.got)
 *(.got.plt)
                0x0380817c                __data_end = .

.igot.plt       0x0380817c        0x0
 .igot.plt      0x00000000        0x0 build/src/chassis-control.o

.data1          0x0380817c        0x0
                0x0380817c                __data1_start = .
 *(.data1)
 *(.data1.*)
                0x0380817c                __data1_end = .

.got
 *(.got)

.ctors          0x0380817c        0x0
                0x0380817c                __CTOR_LIST__ = .
                0x0380817c                ___CTORS_LIST___ = .
 *crtbegin.o(.ctors)
 *(EXCLUDE_FILE(*crtend.o) .ctors)
 *(SORT(.ctors.*))
 *(.ctors)
                0x0380817c                __CTOR_END__ = .
                0x0380817c                ___CTORS_END___ = .

.dtors          0x0380817c        0x0
                0x0380817c                __DTOR_LIST__ = .
                0x0380817c                ___DTORS_LIST___ = .
 *crtbegin.o(.dtors)
 *(EXCLUDE_FILE(*crtend.o) .dtors)
 *(SORT(.dtors.*))
 *(.dtors)
                0x0380817c                __DTOR_END__ = .
                0x0380817c                ___DTORS_END___ = .

.fixup          0x0380817c        0x0
                0x0380817c                __fixup_start = .
 *(.fixup)
                0x0380817c                __fixup_end = .

.eh_frame
 *(.eh_frame)

.eh_framehdr    0x0380817c        0x0
                0x0380817c                __eh_framehdr_start = .
 *(.eh_framehdr)
                0x0380817c                __eh_framehdr_end = .

.gcc_except_table
 *(.gcc_except_table)

.mmu_tbl        0x0380c000        0x0
                0x0380c000                __mmu_tbl_start = .
 *(.mmu_tbl)
                0x0380c000                __mmu_tbl_end = .

.ARM.exidx      0x0380817c        0x8
                0x0380817c                __exidx_start = .
 *(.ARM.exidx*)
 .ARM.exidx.text._Z11directDriveddd
                0x0380817c        0x8 build/src/chassis-control.o
 .ARM.exidx.text._Z6turnTodd
                0x03808184        0x0 build/src/chassis-control.o
                                  0x8 (size before relaxing)
 .ARM.exidx.text._Z8drivePIDv
                0x03808184        0x0 build/src/chassis-control.o
                                  0x8 (size before relaxing)
 .ARM.exidx.text._Z7turnPIDv
                0x03808184        0x0 build/src/chassis-control.o
                                  0x8 (size before relaxing)
 .ARM.exidx.text._Z14chassisControlv
                0x03808184        0x0 build/src/chassis-control.o
                                  0x8 (size before relaxing)
 .ARM.exidx.text._GLOBAL__sub_I_chassis_control.cpp
                0x03808184        0x0 build/src/chassis-control.o
                                  0x8 (size before relaxing)
 .ARM.exidx.text._Z9pre_autonv
                0x03808184        0x0 build/src/main.o
                                  0x8 (size before relaxing)
 .ARM.exidx.text._Z12driveForDistdid
                0x03808184        0x0 build/src/main.o
                                  0x8 (size before relaxing)
 .ARM.exidx.text._Z11turnToAngleii
                0x03808184        0x0 build/src/main.o
                                  0x8 (size before relaxing)
 .ARM.exidx.text._Z5shootv
                0x03808184        0x0 build/src/main.o
                                  0x8 (size before relaxing)
 .ARM.exidx.text._Z7soloAWPv
                0x03808184        0x0 build/src/main.o
                                  0x8 (size before relaxing)
 .ARM.exidx.text._Z10autonomousv
                0x03808184        0x0 build/src/main.o
                                  0x8 (size before relaxing)
 .ARM.exidx.text._Z13intakeControlv